[2026-03-26T21:03:09.082+0800][0.019s] CardTable entry size: 512
[2026-03-26T21:03:09.083+0800][0.019s] Using G1
[2026-03-26T21:03:09.165+0800][0.102s] Version: 21.0.7+8-LTS-245 (release)
[2026-03-26T21:03:09.165+0800][0.102s] CPUs: 16 total, 16 available
[2026-03-26T21:03:09.165+0800][0.102s] Memory: 64170M
[2026-03-26T21:03:09.165+0800][0.102s] Large Page Support: Disabled
[2026-03-26T21:03:09.165+0800][0.102s] NUMA Support: Disabled
[2026-03-26T21:03:09.165+0800][0.102s] Compressed Oops: Enabled (32-bit)
[2026-03-26T21:03:09.165+0800][0.102s] Heap Region Size: 1M
[2026-03-26T21:03:09.165+0800][0.102s] Heap Min Capacity: 512M
[2026-03-26T21:03:09.165+0800][0.102s] Heap Initial Capacity: 512M
[2026-03-26T21:03:09.165+0800][0.102s] Heap Max Capacity: 512M
[2026-03-26T21:03:09.174+0800][0.110s] Pre-touch: Enabled
[2026-03-26T21:03:09.174+0800][0.110s] Parallel Workers: 13
[2026-03-26T21:03:09.174+0800][0.110s] Concurrent Workers: 3
[2026-03-26T21:03:09.174+0800][0.110s] Concurrent Refinement Workers: 13
[2026-03-26T21:03:09.174+0800][0.110s] Periodic GC: Disabled
[2026-03-26T21:03:09.186+0800][0.123s] CDS archive(s) mapped at: [0x000001a950000000-0x000001a950c90000-0x000001a950c90000), size 13172736, SharedBaseAddress: 0x000001a950000000, ArchiveRelocationMode: 1.
[2026-03-26T21:03:09.186+0800][0.123s] Compressed class space mapped at: 0x000001a951000000-0x000001a991000000, reserved size: 1073741824
[2026-03-26T21:03:09.186+0800][0.123s] Narrow klass base: 0x000001a950000000, Narrow klass shift: 0, Narrow klass range: 0x100000000
[2026-03-26T21:03:13.466+0800][4.403s] GC(0) Pause Young (Normal) (G1 Evacuation Pause)
[2026-03-26T21:03:13.466+0800][4.403s] GC(0) Using 12 workers of 13 for evacuation
[2026-03-26T21:03:13.470+0800][4.407s] GC(0)   Pre Evacuate Collection Set: 0.2ms
[2026-03-26T21:03:13.470+0800][4.407s] GC(0)   Merge Heap Roots: 0.1ms
[2026-03-26T21:03:13.470+0800][4.407s] GC(0)   Evacuate Collection Set: 2.6ms
[2026-03-26T21:03:13.470+0800][4.407s] GC(0)   Post Evacuate Collection Set: 0.4ms
[2026-03-26T21:03:13.470+0800][4.407s] GC(0)   Other: 0.6ms
[2026-03-26T21:03:13.470+0800][4.407s] GC(0) Eden regions: 29->0(43)
[2026-03-26T21:03:13.470+0800][4.407s] GC(0) Survivor regions: 0->4(4)
[2026-03-26T21:03:13.470+0800][4.407s] GC(0) Old regions: 0->0
[2026-03-26T21:03:13.470+0800][4.407s] GC(0) Humongous regions: 0->0
[2026-03-26T21:03:13.470+0800][4.407s] GC(0) Metaspace: 6641K(6848K)->6641K(6848K) NonClass: 5911K(6016K)->5911K(6016K) Class: 730K(832K)->730K(832K)
[2026-03-26T21:03:13.471+0800][4.407s] GC(0) Pause Young (Normal) (G1 Evacuation Pause) 29M->3M(512M) 4.338ms
[2026-03-26T21:03:13.471+0800][4.407s] GC(0) User=0.00s Sys=0.00s Real=0.00s
[2026-03-26T21:03:19.111+0800][10.048s] GC(1) Pause Young (Normal) (G1 Evacuation Pause)
[2026-03-26T21:03:19.112+0800][10.048s] GC(1) Using 13 workers of 13 for evacuation
[2026-03-26T21:03:19.121+0800][10.059s] GC(1)   Pre Evacuate Collection Set: 0.2ms
[2026-03-26T21:03:19.122+0800][10.059s] GC(1)   Merge Heap Roots: 0.1ms
[2026-03-26T21:03:19.122+0800][10.059s] GC(1)   Evacuate Collection Set: 8.9ms
[2026-03-26T21:03:19.122+0800][10.059s] GC(1)   Post Evacuate Collection Set: 1.0ms
[2026-03-26T21:03:19.122+0800][10.059s] GC(1)   Other: 0.2ms
[2026-03-26T21:03:19.122+0800][10.059s] GC(1) Eden regions: 43->0(163)
[2026-03-26T21:03:19.122+0800][10.059s] GC(1) Survivor regions: 4->6(6)
[2026-03-26T21:03:19.122+0800][10.059s] GC(1) Old regions: 0->8
[2026-03-26T21:03:19.122+0800][10.059s] GC(1) Humongous regions: 4->4
[2026-03-26T21:03:19.122+0800][10.059s] GC(1) Metaspace: 17617K(18048K)->17617K(18048K) NonClass: 15649K(15872K)->15649K(15872K) Class: 1967K(2176K)->1967K(2176K)
[2026-03-26T21:03:19.122+0800][10.059s] GC(1) Pause Young (Normal) (G1 Evacuation Pause) 50M->17M(512M) 10.836ms
[2026-03-26T21:03:19.122+0800][10.059s] GC(1) User=0.03s Sys=0.02s Real=0.01s
[2026-03-26T21:03:19.860+0800][10.797s] GC(2) Pause Young (Normal) (G1 Evacuation Pause)
[2026-03-26T21:03:19.860+0800][10.797s] GC(2) Using 13 workers of 13 for evacuation
[2026-03-26T21:03:19.866+0800][10.803s] GC(2)   Pre Evacuate Collection Set: 0.2ms
[2026-03-26T21:03:19.866+0800][10.803s] GC(2)   Merge Heap Roots: 0.1ms
[2026-03-26T21:03:19.866+0800][10.803s] GC(2)   Evacuate Collection Set: 4.8ms
[2026-03-26T21:03:19.866+0800][10.803s] GC(2)   Post Evacuate Collection Set: 0.4ms
[2026-03-26T21:03:19.866+0800][10.803s] GC(2)   Other: 0.2ms
[2026-03-26T21:03:19.866+0800][10.803s] GC(2) Eden regions: 163->0(295)
[2026-03-26T21:03:19.866+0800][10.803s] GC(2) Survivor regions: 6->12(22)
[2026-03-26T21:03:19.866+0800][10.803s] GC(2) Old regions: 8->8
[2026-03-26T21:03:19.866+0800][10.803s] GC(2) Humongous regions: 4->4
[2026-03-26T21:03:19.866+0800][10.803s] GC(2) Metaspace: 18706K(19200K)->18706K(19200K) NonClass: 16622K(16896K)->16622K(16896K) Class: 2084K(2304K)->2084K(2304K)
[2026-03-26T21:03:19.866+0800][10.803s] GC(2) Pause Young (Normal) (G1 Evacuation Pause) 180M->23M(512M) 6.169ms
[2026-03-26T21:03:19.866+0800][10.803s] GC(2) User=0.00s Sys=0.00s Real=0.01s
[2026-03-26T21:03:20.055+0800][10.992s] GC(3) Pause Young (Concurrent Start) (Metadata GC Threshold)
[2026-03-26T21:03:20.055+0800][10.992s] GC(3) Using 13 workers of 13 for evacuation
[2026-03-26T21:03:20.060+0800][10.997s] GC(3)   Pre Evacuate Collection Set: 0.3ms
[2026-03-26T21:03:20.060+0800][10.997s] GC(3)   Merge Heap Roots: 0.1ms
[2026-03-26T21:03:20.061+0800][10.997s] GC(3)   Evacuate Collection Set: 3.8ms
[2026-03-26T21:03:20.061+0800][10.997s] GC(3)   Post Evacuate Collection Set: 0.5ms
[2026-03-26T21:03:20.061+0800][10.997s] GC(3)   Other: 0.1ms
[2026-03-26T21:03:20.061+0800][10.997s] GC(3) Eden regions: 10->0(295)
[2026-03-26T21:03:20.061+0800][10.997s] GC(3) Survivor regions: 12->12(39)
[2026-03-26T21:03:20.061+0800][10.997s] GC(3) Old regions: 8->8
[2026-03-26T21:03:20.061+0800][10.997s] GC(3) Humongous regions: 4->4
[2026-03-26T21:03:20.061+0800][10.997s] GC(3) Metaspace: 21096K(21504K)->21096K(21504K) NonClass: 18738K(18944K)->18738K(18944K) Class: 2358K(2560K)->2358K(2560K)
[2026-03-26T21:03:20.061+0800][10.997s] GC(3) Pause Young (Concurrent Start) (Metadata GC Threshold) 33M->23M(512M) 5.102ms
[2026-03-26T21:03:20.061+0800][10.997s] GC(3) User=0.09s Sys=0.06s Real=0.01s
[2026-03-26T21:03:20.061+0800][10.997s] GC(4) Concurrent Mark Cycle
[2026-03-26T21:03:20.061+0800][10.998s] GC(4) Concurrent Scan Root Regions
[2026-03-26T21:03:20.063+0800][11.000s] GC(4) Concurrent Scan Root Regions 2.386ms
[2026-03-26T21:03:20.063+0800][11.000s] GC(4) Concurrent Mark
[2026-03-26T21:03:20.063+0800][11.000s] GC(4) Concurrent Mark From Roots
[2026-03-26T21:03:20.063+0800][11.000s] GC(4) Using 3 workers of 3 for marking
[2026-03-26T21:03:20.067+0800][11.004s] GC(4) Concurrent Mark From Roots 4.137ms
[2026-03-26T21:03:20.068+0800][11.004s] GC(4) Concurrent Preclean
[2026-03-26T21:03:20.068+0800][11.004s] GC(4) Concurrent Preclean 0.047ms
[2026-03-26T21:03:20.068+0800][11.004s] GC(4) Pause Remark
[2026-03-26T21:03:20.070+0800][11.007s] GC(4) Pause Remark 24M->24M(512M) 2.684ms
[2026-03-26T21:03:20.070+0800][11.007s] GC(4) User=0.00s Sys=0.00s Real=0.00s
[2026-03-26T21:03:20.070+0800][11.007s] GC(4) Concurrent Mark 7.087ms
[2026-03-26T21:03:20.070+0800][11.007s] GC(4) Concurrent Rebuild Remembered Sets and Scrub Regions
[2026-03-26T21:03:20.072+0800][11.009s] GC(4) Concurrent Rebuild Remembered Sets and Scrub Regions 1.937ms
[2026-03-26T21:03:20.072+0800][11.009s] GC(4) Pause Cleanup
[2026-03-26T21:03:20.072+0800][11.009s] GC(4) Pause Cleanup 24M->24M(512M) 0.120ms
[2026-03-26T21:03:20.072+0800][11.009s] GC(4) User=0.00s Sys=0.00s Real=0.00s
[2026-03-26T21:03:20.072+0800][11.009s] GC(4) Concurrent Clear Claimed Marks
[2026-03-26T21:03:20.073+0800][11.009s] GC(4) Concurrent Clear Claimed Marks 0.034ms
[2026-03-26T21:03:20.073+0800][11.009s] GC(4) Concurrent Cleanup for Next Mark
[2026-03-26T21:03:20.073+0800][11.010s] GC(4) Concurrent Cleanup for Next Mark 0.267ms
[2026-03-26T21:03:20.073+0800][11.010s] GC(4) Concurrent Mark Cycle 12.291ms
[2026-03-26T21:03:21.964+0800][12.901s] GC(5) Pause Young (Concurrent Start) (Metadata GC Threshold)
[2026-03-26T21:03:21.964+0800][12.901s] GC(5) Using 13 workers of 13 for evacuation
[2026-03-26T21:03:21.972+0800][12.910s] GC(5)   Pre Evacuate Collection Set: 0.2ms
[2026-03-26T21:03:21.973+0800][12.910s] GC(5)   Merge Heap Roots: 0.1ms
[2026-03-26T21:03:21.973+0800][12.910s] GC(5)   Evacuate Collection Set: 7.2ms
[2026-03-26T21:03:21.973+0800][12.910s] GC(5)   Post Evacuate Collection Set: 0.6ms
[2026-03-26T21:03:21.973+0800][12.910s] GC(5)   Other: 0.1ms
[2026-03-26T21:03:21.973+0800][12.910s] GC(5) Eden regions: 115->0(289)
[2026-03-26T21:03:21.973+0800][12.910s] GC(5) Survivor regions: 12->18(39)
[2026-03-26T21:03:21.973+0800][12.910s] GC(5) Old regions: 8->8
[2026-03-26T21:03:21.973+0800][12.910s] GC(5) Humongous regions: 4->4
[2026-03-26T21:03:21.973+0800][12.910s] GC(5) Metaspace: 35711K(36160K)->35711K(36160K) NonClass: 31637K(31872K)->31637K(31872K) Class: 4074K(4288K)->4074K(4288K)
[2026-03-26T21:03:21.973+0800][12.910s] GC(5) Pause Young (Concurrent Start) (Metadata GC Threshold) 138M->29M(512M) 8.694ms
[2026-03-26T21:03:21.973+0800][12.910s] GC(5) User=0.09s Sys=0.05s Real=0.01s
[2026-03-26T21:03:21.973+0800][12.910s] GC(6) Concurrent Mark Cycle
[2026-03-26T21:03:21.973+0800][12.910s] GC(6) Concurrent Scan Root Regions
[2026-03-26T21:03:21.976+0800][12.913s] GC(6) Concurrent Scan Root Regions 3.080ms
[2026-03-26T21:03:21.976+0800][12.913s] GC(6) Concurrent Mark
[2026-03-26T21:03:21.976+0800][12.913s] GC(6) Concurrent Mark From Roots
[2026-03-26T21:03:21.976+0800][12.913s] GC(6) Using 3 workers of 3 for marking
[2026-03-26T21:03:21.982+0800][12.919s] GC(6) Concurrent Mark From Roots 5.547ms
[2026-03-26T21:03:21.982+0800][12.919s] GC(6) Concurrent Preclean
[2026-03-26T21:03:21.982+0800][12.919s] GC(6) Concurrent Preclean 0.042ms
[2026-03-26T21:03:21.982+0800][12.919s] GC(6) Pause Remark
[2026-03-26T21:03:21.985+0800][12.922s] GC(6) Pause Remark 31M->31M(512M) 3.135ms
[2026-03-26T21:03:21.985+0800][12.922s] GC(6) User=0.00s Sys=0.00s Real=0.00s
[2026-03-26T21:03:21.985+0800][12.922s] GC(6) Concurrent Mark 8.999ms
[2026-03-26T21:03:21.985+0800][12.922s] GC(6) Concurrent Rebuild Remembered Sets and Scrub Regions
[2026-03-26T21:03:21.989+0800][12.925s] GC(6) Concurrent Rebuild Remembered Sets and Scrub Regions 2.601ms
[2026-03-26T21:03:21.989+0800][12.925s] GC(6) Pause Cleanup
[2026-03-26T21:03:21.989+0800][12.925s] GC(6) Pause Cleanup 32M->32M(512M) 0.157ms
[2026-03-26T21:03:21.989+0800][12.925s] GC(6) User=0.00s Sys=0.00s Real=0.00s
[2026-03-26T21:03:21.989+0800][12.925s] GC(6) Concurrent Clear Claimed Marks
[2026-03-26T21:03:21.989+0800][12.925s] GC(6) Concurrent Clear Claimed Marks 0.074ms
[2026-03-26T21:03:21.989+0800][12.925s] GC(6) Concurrent Cleanup for Next Mark
[2026-03-26T21:03:21.990+0800][12.926s] GC(6) Concurrent Cleanup for Next Mark 0.636ms
[2026-03-26T21:03:21.990+0800][12.926s] GC(6) Concurrent Mark Cycle 16.028ms
[2026-03-26T21:03:26.058+0800][16.995s] GC(7) Pause Young (Normal) (G1 Evacuation Pause)
[2026-03-26T21:03:26.058+0800][16.995s] GC(7) Using 13 workers of 13 for evacuation
[2026-03-26T21:03:26.074+0800][17.011s] GC(7)   Pre Evacuate Collection Set: 0.3ms
[2026-03-26T21:03:26.074+0800][17.011s] GC(7)   Merge Heap Roots: 0.3ms
[2026-03-26T21:03:26.074+0800][17.011s] GC(7)   Evacuate Collection Set: 13.6ms
[2026-03-26T21:03:26.074+0800][17.011s] GC(7)   Post Evacuate Collection Set: 1.5ms
[2026-03-26T21:03:26.074+0800][17.011s] GC(7)   Other: 0.2ms
[2026-03-26T21:03:26.074+0800][17.011s] GC(7) Eden regions: 289->0(269)
[2026-03-26T21:03:26.074+0800][17.011s] GC(7) Survivor regions: 18->38(39)
[2026-03-26T21:03:26.074+0800][17.011s] GC(7) Old regions: 8->8
[2026-03-26T21:03:26.074+0800][17.011s] GC(7) Humongous regions: 4->4
[2026-03-26T21:03:26.074+0800][17.011s] GC(7) Metaspace: 55604K(56384K)->55604K(56384K) NonClass: 48888K(49344K)->48888K(49344K) Class: 6716K(7040K)->6716K(7040K)
[2026-03-26T21:03:26.074+0800][17.011s] GC(7) Pause Young (Normal) (G1 Evacuation Pause) 318M->49M(512M) 16.244ms
[2026-03-26T21:03:26.074+0800][17.011s] GC(7) User=0.06s Sys=0.02s Real=0.02s
[2026-03-26T21:43:51.791+0800][2442.728s] GC(8) Pause Young (Concurrent Start) (Metadata GC Threshold)
[2026-03-26T21:43:51.791+0800][2442.728s] GC(8) Using 13 workers of 13 for evacuation
[2026-03-26T21:43:51.816+0800][2442.753s] GC(8)   Pre Evacuate Collection Set: 0.5ms
[2026-03-26T21:43:51.816+0800][2442.753s] GC(8)   Merge Heap Roots: 0.1ms
[2026-03-26T21:43:51.816+0800][2442.753s] GC(8)   Evacuate Collection Set: 22.1ms
[2026-03-26T21:43:51.816+0800][2442.753s] GC(8)   Post Evacuate Collection Set: 1.7ms
[2026-03-26T21:43:51.816+0800][2442.753s] GC(8)   Other: 0.2ms
[2026-03-26T21:43:51.816+0800][2442.753s] GC(8) Eden regions: 47->0(284)
[2026-03-26T21:43:51.816+0800][2442.753s] GC(8) Survivor regions: 38->23(39)
[2026-03-26T21:43:51.816+0800][2442.753s] GC(8) Old regions: 8->25
[2026-03-26T21:43:51.816+0800][2442.753s] GC(8) Humongous regions: 4->4
[2026-03-26T21:43:51.816+0800][2442.753s] GC(8) Metaspace: 59622K(60480K)->59622K(60480K) NonClass: 52354K(52800K)->52354K(52800K) Class: 7267K(7680K)->7267K(7680K)
[2026-03-26T21:43:51.816+0800][2442.753s] GC(8) Pause Young (Concurrent Start) (Metadata GC Threshold) 96M->51M(512M) 25.084ms
[2026-03-26T21:43:51.816+0800][2442.753s] GC(8) User=0.12s Sys=0.05s Real=0.03s
[2026-03-26T21:43:51.816+0800][2442.753s] GC(9) Concurrent Mark Cycle
[2026-03-26T21:43:51.816+0800][2442.753s] GC(9) Concurrent Scan Root Regions
[2026-03-26T21:43:51.827+0800][2442.764s] GC(9) Concurrent Scan Root Regions 10.951ms
[2026-03-26T21:43:51.828+0800][2442.764s] GC(9) Concurrent Mark
[2026-03-26T21:43:51.828+0800][2442.764s] GC(9) Concurrent Mark From Roots
[2026-03-26T21:43:51.828+0800][2442.764s] GC(9) Using 3 workers of 3 for marking
[2026-03-26T21:43:51.833+0800][2442.770s] GC(9) Concurrent Mark From Roots 5.259ms
[2026-03-26T21:43:51.833+0800][2442.770s] GC(9) Concurrent Preclean
[2026-03-26T21:43:51.833+0800][2442.770s] GC(9) Concurrent Preclean 0.168ms
[2026-03-26T21:43:51.834+0800][2442.770s] GC(9) Pause Remark
[2026-03-26T21:43:51.846+0800][2442.783s] GC(9) Pause Remark 52M->52M(512M) 12.276ms
[2026-03-26T21:43:51.846+0800][2442.783s] GC(9) User=0.03s Sys=0.02s Real=0.01s
[2026-03-26T21:43:51.846+0800][2442.784s] GC(9) Concurrent Mark 19.579ms
[2026-03-26T21:43:51.846+0800][2442.784s] GC(9) Concurrent Rebuild Remembered Sets and Scrub Regions
[2026-03-26T21:43:51.854+0800][2442.791s] GC(9) Concurrent Rebuild Remembered Sets and Scrub Regions 7.544ms
[2026-03-26T21:43:51.854+0800][2442.792s] GC(9) Pause Cleanup
[2026-03-26T21:43:51.854+0800][2442.792s] GC(9) Pause Cleanup 52M->52M(512M) 0.219ms
[2026-03-26T21:43:51.854+0800][2442.792s] GC(9) User=0.00s Sys=0.00s Real=0.00s
[2026-03-26T21:43:51.856+0800][2442.792s] GC(9) Concurrent Clear Claimed Marks
[2026-03-26T21:43:51.856+0800][2442.792s] GC(9) Concurrent Clear Claimed Marks 0.105ms
[2026-03-26T21:43:51.856+0800][2442.792s] GC(9) Concurrent Cleanup for Next Mark
[2026-03-26T21:43:51.856+0800][2442.792s] GC(9) Concurrent Cleanup for Next Mark 0.377ms
[2026-03-26T21:43:51.856+0800][2442.793s] GC(9) Concurrent Mark Cycle 39.294ms
[2026-03-26T23:42:36.220+0800][9567.158s] Heap
[2026-03-26T23:42:36.220+0800][9567.158s]  garbage-first heap   total 524288K, used 77958K [0x00000000e0000000, 0x0000000100000000)
[2026-03-26T23:42:36.220+0800][9567.158s]   region size 1024K, 48 young (49152K), 23 survivors (23552K)
[2026-03-26T23:42:36.220+0800][9567.158s]  Metaspace       used 60170K, committed 60992K, reserved 1114112K
[2026-03-26T23:42:36.220+0800][9567.158s]   class space    used 7343K, committed 7744K, reserved 1048576K
