[2026-03-28T16:43:35.055+0800][0.026s] CardTable entry size: 512
[2026-03-28T16:43:35.055+0800][0.027s] Using G1
[2026-03-28T16:43:35.126+0800][0.099s] Version: 21.0.7+8-LTS-245 (release)
[2026-03-28T16:43:35.127+0800][0.099s] CPUs: 16 total, 16 available
[2026-03-28T16:43:35.127+0800][0.099s] Memory: 64170M
[2026-03-28T16:43:35.127+0800][0.099s] Large Page Support: Disabled
[2026-03-28T16:43:35.127+0800][0.099s] NUMA Support: Disabled
[2026-03-28T16:43:35.127+0800][0.099s] Compressed Oops: Enabled (32-bit)
[2026-03-28T16:43:35.127+0800][0.099s] Heap Region Size: 1M
[2026-03-28T16:43:35.127+0800][0.099s] Heap Min Capacity: 512M
[2026-03-28T16:43:35.127+0800][0.099s] Heap Initial Capacity: 512M
[2026-03-28T16:43:35.127+0800][0.099s] Heap Max Capacity: 512M
[2026-03-28T16:43:35.127+0800][0.099s] Pre-touch: Enabled
[2026-03-28T16:43:35.127+0800][0.099s] Parallel Workers: 13
[2026-03-28T16:43:35.127+0800][0.099s] Concurrent Workers: 3
[2026-03-28T16:43:35.127+0800][0.099s] Concurrent Refinement Workers: 13
[2026-03-28T16:43:35.127+0800][0.099s] Periodic GC: Disabled
[2026-03-28T16:43:35.135+0800][0.107s] CDS archive(s) mapped at: [0x0000025c9b000000-0x0000025c9bc90000-0x0000025c9bc90000), size 13172736, SharedBaseAddress: 0x0000025c9b000000, ArchiveRelocationMode: 1.
[2026-03-28T16:43:35.135+0800][0.107s] Compressed class space mapped at: 0x0000025c9c000000-0x0000025cdc000000, reserved size: 1073741824
[2026-03-28T16:43:35.135+0800][0.107s] Narrow klass base: 0x0000025c9b000000, Narrow klass shift: 0, Narrow klass range: 0x100000000
[2026-03-28T16:43:39.724+0800][4.696s] GC(0) Pause Young (Normal) (G1 Evacuation Pause)
[2026-03-28T16:43:39.725+0800][4.696s] GC(0) Using 12 workers of 13 for evacuation
[2026-03-28T16:43:39.730+0800][4.702s] GC(0)   Pre Evacuate Collection Set: 0.2ms
[2026-03-28T16:43:39.730+0800][4.702s] GC(0)   Merge Heap Roots: 0.1ms
[2026-03-28T16:43:39.730+0800][4.702s] GC(0)   Evacuate Collection Set: 3.7ms
[2026-03-28T16:43:39.730+0800][4.702s] GC(0)   Post Evacuate Collection Set: 0.7ms
[2026-03-28T16:43:39.730+0800][4.702s] GC(0)   Other: 0.6ms
[2026-03-28T16:43:39.730+0800][4.702s] GC(0) Eden regions: 29->0(43)
[2026-03-28T16:43:39.730+0800][4.702s] GC(0) Survivor regions: 0->4(4)
[2026-03-28T16:43:39.730+0800][4.702s] GC(0) Old regions: 0->0
[2026-03-28T16:43:39.730+0800][4.702s] GC(0) Humongous regions: 0->0
[2026-03-28T16:43:39.730+0800][4.702s] GC(0) Metaspace: 6642K(6848K)->6642K(6848K) NonClass: 5912K(6016K)->5912K(6016K) Class: 730K(832K)->730K(832K)
[2026-03-28T16:43:39.730+0800][4.702s] GC(0) Pause Young (Normal) (G1 Evacuation Pause) 29M->3M(512M) 6.241ms
[2026-03-28T16:43:39.730+0800][4.702s] GC(0) User=0.00s Sys=0.00s Real=0.01s
[2026-03-28T16:43:46.127+0800][11.099s] GC(1) Pause Young (Normal) (G1 Evacuation Pause)
[2026-03-28T16:43:46.127+0800][11.099s] GC(1) Using 13 workers of 13 for evacuation
[2026-03-28T16:43:46.137+0800][11.109s] GC(1)   Pre Evacuate Collection Set: 0.2ms
[2026-03-28T16:43:46.137+0800][11.109s] GC(1)   Merge Heap Roots: 0.1ms
[2026-03-28T16:43:46.137+0800][11.109s] GC(1)   Evacuate Collection Set: 8.4ms
[2026-03-28T16:43:46.137+0800][11.109s] GC(1)   Post Evacuate Collection Set: 0.6ms
[2026-03-28T16:43:46.137+0800][11.109s] GC(1)   Other: 0.3ms
[2026-03-28T16:43:46.137+0800][11.109s] GC(1) Eden regions: 43->0(178)
[2026-03-28T16:43:46.137+0800][11.109s] GC(1) Survivor regions: 4->6(6)
[2026-03-28T16:43:46.137+0800][11.109s] GC(1) Old regions: 0->8
[2026-03-28T16:43:46.137+0800][11.109s] GC(1) Humongous regions: 4->4
[2026-03-28T16:43:46.137+0800][11.109s] GC(1) Metaspace: 17676K(18048K)->17676K(18048K) NonClass: 15697K(15872K)->15697K(15872K) Class: 1979K(2176K)->1979K(2176K)
[2026-03-28T16:43:46.137+0800][11.109s] GC(1) Pause Young (Normal) (G1 Evacuation Pause) 50M->17M(512M) 9.987ms
[2026-03-28T16:43:46.137+0800][11.109s] GC(1) User=0.00s Sys=0.00s Real=0.01s
[2026-03-28T16:43:47.319+0800][12.291s] GC(2) Pause Young (Concurrent Start) (Metadata GC Threshold)
[2026-03-28T16:43:47.319+0800][12.291s] GC(2) Using 13 workers of 13 for evacuation
[2026-03-28T16:43:47.325+0800][12.297s] GC(2)   Pre Evacuate Collection Set: 0.2ms
[2026-03-28T16:43:47.325+0800][12.297s] GC(2)   Merge Heap Roots: 0.1ms
[2026-03-28T16:43:47.325+0800][12.297s] GC(2)   Evacuate Collection Set: 4.4ms
[2026-03-28T16:43:47.326+0800][12.297s] GC(2)   Post Evacuate Collection Set: 0.8ms
[2026-03-28T16:43:47.326+0800][12.297s] GC(2)   Other: 0.3ms
[2026-03-28T16:43:47.326+0800][12.297s] GC(2) Eden regions: 171->0(295)
[2026-03-28T16:43:47.326+0800][12.297s] GC(2) Survivor regions: 6->12(23)
[2026-03-28T16:43:47.326+0800][12.297s] GC(2) Old regions: 8->8
[2026-03-28T16:43:47.326+0800][12.297s] GC(2) Humongous regions: 4->4
[2026-03-28T16:43:47.326+0800][12.297s] GC(2) Metaspace: 21096K(21504K)->21096K(21504K) NonClass: 18738K(18944K)->18738K(18944K) Class: 2358K(2560K)->2358K(2560K)
[2026-03-28T16:43:47.326+0800][12.297s] GC(2) Pause Young (Concurrent Start) (Metadata GC Threshold) 188M->23M(512M) 6.237ms
[2026-03-28T16:43:47.326+0800][12.297s] GC(2) User=0.00s Sys=0.00s Real=0.01s
[2026-03-28T16:43:47.326+0800][12.297s] GC(3) Concurrent Mark Cycle
[2026-03-28T16:43:47.326+0800][12.297s] GC(3) Concurrent Scan Root Regions
[2026-03-28T16:43:47.330+0800][12.301s] GC(3) Concurrent Scan Root Regions 4.138ms
[2026-03-28T16:43:47.330+0800][12.301s] GC(3) Concurrent Mark
[2026-03-28T16:43:47.330+0800][12.301s] GC(3) Concurrent Mark From Roots
[2026-03-28T16:43:47.330+0800][12.301s] GC(3) Using 3 workers of 3 for marking
[2026-03-28T16:43:47.338+0800][12.310s] GC(3) Concurrent Mark From Roots 8.438ms
[2026-03-28T16:43:47.338+0800][12.310s] GC(3) Concurrent Preclean
[2026-03-28T16:43:47.338+0800][12.310s] GC(3) Concurrent Preclean 0.176ms
[2026-03-28T16:43:47.338+0800][12.310s] GC(3) Pause Remark
[2026-03-28T16:43:47.345+0800][12.316s] GC(3) Pause Remark 24M->24M(512M) 6.016ms
[2026-03-28T16:43:47.345+0800][12.316s] GC(3) User=0.02s Sys=0.05s Real=0.01s
[2026-03-28T16:43:47.345+0800][12.316s] GC(3) Concurrent Mark 15.108ms
[2026-03-28T16:43:47.345+0800][12.317s] GC(3) Concurrent Rebuild Remembered Sets and Scrub Regions
[2026-03-28T16:43:47.349+0800][12.321s] GC(3) Concurrent Rebuild Remembered Sets and Scrub Regions 4.198ms
[2026-03-28T16:43:47.350+0800][12.321s] GC(3) Pause Cleanup
[2026-03-28T16:43:47.350+0800][12.321s] GC(3) Pause Cleanup 24M->24M(512M) 0.388ms
[2026-03-28T16:43:47.350+0800][12.321s] GC(3) User=0.00s Sys=0.00s Real=0.00s
[2026-03-28T16:43:47.350+0800][12.322s] GC(3) Concurrent Clear Claimed Marks
[2026-03-28T16:43:47.350+0800][12.322s] GC(3) Concurrent Clear Claimed Marks 0.099ms
[2026-03-28T16:43:47.350+0800][12.322s] GC(3) Concurrent Cleanup for Next Mark
[2026-03-28T16:43:47.351+0800][12.322s] GC(3) Concurrent Cleanup for Next Mark 0.567ms
[2026-03-28T16:43:47.351+0800][12.322s] GC(3) Concurrent Mark Cycle 25.341ms
[2026-03-28T16:43:49.933+0800][14.904s] GC(4) Pause Young (Prepare Mixed) (Metadata GC Threshold)
[2026-03-28T16:43:49.933+0800][14.904s] GC(4) Using 13 workers of 13 for evacuation
[2026-03-28T16:43:49.939+0800][14.910s] GC(4)   Pre Evacuate Collection Set: 0.2ms
[2026-03-28T16:43:49.939+0800][14.910s] GC(4)   Merge Heap Roots: 0.1ms
[2026-03-28T16:43:49.939+0800][14.910s] GC(4)   Evacuate Collection Set: 4.9ms
[2026-03-28T16:43:49.939+0800][14.910s] GC(4)   Post Evacuate Collection Set: 0.9ms
[2026-03-28T16:43:49.939+0800][14.911s] GC(4)   Other: 0.1ms
[2026-03-28T16:43:49.939+0800][14.911s] GC(4) Eden regions: 119->0(289)
[2026-03-28T16:43:49.939+0800][14.911s] GC(4) Survivor regions: 12->18(39)
[2026-03-28T16:43:49.939+0800][14.911s] GC(4) Old regions: 8->8
[2026-03-28T16:43:49.939+0800][14.911s] GC(4) Humongous regions: 4->4
[2026-03-28T16:43:49.939+0800][14.911s] GC(4) Metaspace: 35625K(36096K)->35625K(36096K) NonClass: 31561K(31808K)->31561K(31808K) Class: 4064K(4288K)->4064K(4288K)
[2026-03-28T16:43:49.939+0800][14.911s] GC(4) Pause Young (Prepare Mixed) (Metadata GC Threshold) 142M->29M(512M) 6.593ms
[2026-03-28T16:43:49.939+0800][14.911s] GC(4) User=0.16s Sys=0.05s Real=0.01s
[2026-03-28T16:43:50.009+0800][14.982s] GC(5) Pause Young (Mixed) (Metadata GC Threshold)
[2026-03-28T16:43:50.009+0800][14.982s] GC(5) Using 13 workers of 13 for evacuation
[2026-03-28T16:43:50.016+0800][14.988s] GC(5)   Pre Evacuate Collection Set: 0.2ms
[2026-03-28T16:43:50.016+0800][14.988s] GC(5)   Merge Heap Roots: 0.1ms
[2026-03-28T16:43:50.016+0800][14.988s] GC(5)   Evacuate Collection Set: 4.7ms
[2026-03-28T16:43:50.016+0800][14.988s] GC(5)   Post Evacuate Collection Set: 0.9ms
[2026-03-28T16:43:50.017+0800][14.988s] GC(5)   Other: 0.1ms
[2026-03-28T16:43:50.017+0800][14.988s] GC(5) Eden regions: 8->0(289)
[2026-03-28T16:43:50.017+0800][14.988s] GC(5) Survivor regions: 18->18(39)
[2026-03-28T16:43:50.017+0800][14.988s] GC(5) Old regions: 8->8
[2026-03-28T16:43:50.017+0800][14.988s] GC(5) Humongous regions: 4->4
[2026-03-28T16:43:50.017+0800][14.988s] GC(5) Metaspace: 35940K(36416K)->35940K(36416K) NonClass: 31834K(32064K)->31834K(32064K) Class: 4106K(4352K)->4106K(4352K)
[2026-03-28T16:43:50.017+0800][14.988s] GC(5) Pause Young (Mixed) (Metadata GC Threshold) 37M->29M(512M) 6.535ms
[2026-03-28T16:43:50.017+0800][14.988s] GC(5) User=0.08s Sys=0.12s Real=0.01s
[2026-03-28T16:43:50.093+0800][15.065s] GC(6) Pause Young (Concurrent Start) (Metadata GC Threshold)
[2026-03-28T16:43:50.093+0800][15.065s] GC(6) Using 13 workers of 13 for evacuation
[2026-03-28T16:43:50.099+0800][15.071s] GC(6)   Pre Evacuate Collection Set: 0.2ms
[2026-03-28T16:43:50.099+0800][15.071s] GC(6)   Merge Heap Roots: 0.1ms
[2026-03-28T16:43:50.099+0800][15.071s] GC(6)   Evacuate Collection Set: 4.6ms
[2026-03-28T16:43:50.099+0800][15.071s] GC(6)   Post Evacuate Collection Set: 0.8ms
[2026-03-28T16:43:50.099+0800][15.071s] GC(6)   Other: 0.1ms
[2026-03-28T16:43:50.099+0800][15.071s] GC(6) Eden regions: 4->0(288)
[2026-03-28T16:43:50.099+0800][15.071s] GC(6) Survivor regions: 18->19(39)
[2026-03-28T16:43:50.099+0800][15.071s] GC(6) Old regions: 8->8
[2026-03-28T16:43:50.099+0800][15.071s] GC(6) Humongous regions: 4->4
[2026-03-28T16:43:50.099+0800][15.071s] GC(6) Metaspace: 36324K(36736K)->36324K(36736K) NonClass: 32165K(32384K)->32165K(32384K) Class: 4158K(4352K)->4158K(4352K)
[2026-03-28T16:43:50.099+0800][15.071s] GC(6) Pause Young (Concurrent Start) (Metadata GC Threshold) 33M->30M(512M) 6.108ms
[2026-03-28T16:43:50.099+0800][15.071s] GC(6) User=0.00s Sys=0.00s Real=0.01s
[2026-03-28T16:43:50.099+0800][15.071s] GC(7) Concurrent Mark Cycle
[2026-03-28T16:43:50.099+0800][15.071s] GC(7) Concurrent Scan Root Regions
[2026-03-28T16:43:50.105+0800][15.076s] GC(7) Concurrent Scan Root Regions 5.344ms
[2026-03-28T16:43:50.105+0800][15.077s] GC(7) Concurrent Mark
[2026-03-28T16:43:50.105+0800][15.077s] GC(7) Concurrent Mark From Roots
[2026-03-28T16:43:50.105+0800][15.077s] GC(7) Using 3 workers of 3 for marking
[2026-03-28T16:43:50.115+0800][15.086s] GC(7) Concurrent Mark From Roots 9.581ms
[2026-03-28T16:43:50.115+0800][15.086s] GC(7) Concurrent Preclean
[2026-03-28T16:43:50.115+0800][15.086s] GC(7) Concurrent Preclean 0.132ms
[2026-03-28T16:43:50.115+0800][15.087s] GC(7) Pause Remark
[2026-03-28T16:43:50.121+0800][15.092s] GC(7) Pause Remark 31M->31M(512M) 5.617ms
[2026-03-28T16:43:50.121+0800][15.092s] GC(7) User=0.00s Sys=0.00s Real=0.01s
[2026-03-28T16:43:50.121+0800][15.092s] GC(7) Concurrent Mark 15.715ms
[2026-03-28T16:43:50.121+0800][15.092s] GC(7) Concurrent Rebuild Remembered Sets and Scrub Regions
[2026-03-28T16:43:50.124+0800][15.096s] GC(7) Concurrent Rebuild Remembered Sets and Scrub Regions 3.397ms
[2026-03-28T16:43:50.124+0800][15.096s] GC(7) Pause Cleanup
[2026-03-28T16:43:50.124+0800][15.096s] GC(7) Pause Cleanup 31M->31M(512M) 0.224ms
[2026-03-28T16:43:50.125+0800][15.096s] GC(7) User=0.00s Sys=0.00s Real=0.00s
[2026-03-28T16:43:50.125+0800][15.096s] GC(7) Concurrent Clear Claimed Marks
[2026-03-28T16:43:50.125+0800][15.097s] GC(7) Concurrent Clear Claimed Marks 0.090ms
[2026-03-28T16:43:50.125+0800][15.097s] GC(7) Concurrent Cleanup for Next Mark
[2026-03-28T16:43:50.125+0800][15.097s] GC(7) Concurrent Cleanup for Next Mark 0.342ms
[2026-03-28T16:43:50.125+0800][15.097s] GC(7) Concurrent Mark Cycle 25.946ms
[2026-03-28T16:52:39.511+0800][544.467s] GC(8) Pause Young (Prepare Mixed) (G1 Evacuation Pause)
[2026-03-28T16:52:39.511+0800][544.467s] GC(8) Using 13 workers of 13 for evacuation
[2026-03-28T16:52:39.533+0800][544.490s] GC(8)   Pre Evacuate Collection Set: 0.3ms
[2026-03-28T16:52:39.533+0800][544.490s] GC(8)   Merge Heap Roots: 0.2ms
[2026-03-28T16:52:39.533+0800][544.490s] GC(8)   Evacuate Collection Set: 19.6ms
[2026-03-28T16:52:39.533+0800][544.490s] GC(8)   Post Evacuate Collection Set: 1.9ms
[2026-03-28T16:52:39.533+0800][544.490s] GC(8)   Other: 0.2ms
[2026-03-28T16:52:39.533+0800][544.490s] GC(8) Eden regions: 288->0(268)
[2026-03-28T16:52:39.533+0800][544.490s] GC(8) Survivor regions: 19->39(39)
[2026-03-28T16:52:39.533+0800][544.490s] GC(8) Old regions: 8->8
[2026-03-28T16:52:39.533+0800][544.490s] GC(8) Humongous regions: 4->4
[2026-03-28T16:52:39.533+0800][544.490s] GC(8) Metaspace: 59566K(60352K)->59566K(60352K) NonClass: 52313K(52736K)->52313K(52736K) Class: 7253K(7616K)->7253K(7616K)
[2026-03-28T16:52:39.533+0800][544.490s] GC(8) Pause Young (Prepare Mixed) (G1 Evacuation Pause) 318M->50M(512M) 22.598ms
[2026-03-28T16:52:39.533+0800][544.490s] GC(8) User=0.19s Sys=0.05s Real=0.02s
[2026-03-28T16:52:39.816+0800][544.773s] GC(9) Pause Young (Mixed) (Metadata GC Threshold)
[2026-03-28T16:52:39.816+0800][544.773s] GC(9) Using 13 workers of 13 for evacuation
[2026-03-28T16:52:39.833+0800][544.790s] GC(9)   Pre Evacuate Collection Set: 0.2ms
[2026-03-28T16:52:39.833+0800][544.790s] GC(9)   Merge Heap Roots: 0.1ms
[2026-03-28T16:52:39.833+0800][544.790s] GC(9)   Evacuate Collection Set: 15.5ms
[2026-03-28T16:52:39.833+0800][544.790s] GC(9)   Post Evacuate Collection Set: 1.4ms
[2026-03-28T16:52:39.833+0800][544.790s] GC(9)   Other: 0.1ms
[2026-03-28T16:52:39.833+0800][544.790s] GC(9) Eden regions: 13->0(301)
[2026-03-28T16:52:39.833+0800][544.790s] GC(9) Survivor regions: 39->6(39)
[2026-03-28T16:52:39.833+0800][544.790s] GC(9) Old regions: 8->46
[2026-03-28T16:52:39.833+0800][544.790s] GC(9) Humongous regions: 4->4
[2026-03-28T16:52:39.833+0800][544.790s] GC(9) Metaspace: 60617K(61440K)->60617K(61440K) NonClass: 53258K(53696K)->53258K(53696K) Class: 7358K(7744K)->7358K(7744K)
[2026-03-28T16:52:39.833+0800][544.790s] GC(9) Pause Young (Mixed) (Metadata GC Threshold) 63M->55M(512M) 17.616ms
[2026-03-28T16:52:39.833+0800][544.790s] GC(9) User=0.08s Sys=0.02s Real=0.02s
[2026-03-28T19:22:02.308+0800][9507.226s] GC(10) Pause Young (Concurrent Start) (Metadata GC Threshold)
[2026-03-28T19:22:02.308+0800][9507.226s] GC(10) Using 13 workers of 13 for evacuation
[2026-03-28T19:22:02.318+0800][9507.235s] GC(10)   Pre Evacuate Collection Set: 0.4ms
[2026-03-28T19:22:02.318+0800][9507.235s] GC(10)   Merge Heap Roots: 0.1ms
[2026-03-28T19:22:02.318+0800][9507.235s] GC(10)   Evacuate Collection Set: 7.2ms
[2026-03-28T19:22:02.318+0800][9507.235s] GC(10)   Post Evacuate Collection Set: 0.7ms
[2026-03-28T19:22:02.318+0800][9507.235s] GC(10)   Other: 0.2ms
[2026-03-28T19:22:02.318+0800][9507.235s] GC(10) Eden regions: 27->0(300)
[2026-03-28T19:22:02.318+0800][9507.235s] GC(10) Survivor regions: 6->7(39)
[2026-03-28T19:22:02.318+0800][9507.235s] GC(10) Old regions: 46->46
[2026-03-28T19:22:02.318+0800][9507.235s] GC(10) Humongous regions: 4->4
[2026-03-28T19:22:02.318+0800][9507.235s] GC(10) Metaspace: 60955K(61760K)->60955K(61760K) NonClass: 53585K(54016K)->53585K(54016K) Class: 7369K(7744K)->7369K(7744K)
[2026-03-28T19:22:02.318+0800][9507.235s] GC(10) Pause Young (Concurrent Start) (Metadata GC Threshold) 81M->56M(512M) 9.023ms
[2026-03-28T19:22:02.318+0800][9507.235s] GC(10) User=0.09s Sys=0.00s Real=0.01s
[2026-03-28T19:22:02.318+0800][9507.235s] GC(11) Concurrent Mark Cycle
[2026-03-28T19:22:02.318+0800][9507.235s] GC(11) Concurrent Scan Root Regions
[2026-03-28T19:22:02.322+0800][9507.239s] GC(11) Concurrent Scan Root Regions 4.043ms
[2026-03-28T19:22:02.322+0800][9507.239s] GC(11) Concurrent Mark
[2026-03-28T19:22:02.322+0800][9507.239s] GC(11) Concurrent Mark From Roots
[2026-03-28T19:22:02.322+0800][9507.239s] GC(11) Using 3 workers of 3 for marking
[2026-03-28T19:22:02.356+0800][9507.273s] GC(11) Concurrent Mark From Roots 33.974ms
[2026-03-28T19:22:02.356+0800][9507.273s] GC(11) Concurrent Preclean
[2026-03-28T19:22:02.357+0800][9507.275s] GC(11) Concurrent Preclean 1.243ms
[2026-03-28T19:22:02.357+0800][9507.275s] GC(11) Pause Remark
[2026-03-28T19:22:02.378+0800][9507.295s] GC(11) Pause Remark 57M->57M(512M) 19.893ms
[2026-03-28T19:22:02.378+0800][9507.295s] GC(11) User=0.03s Sys=0.00s Real=0.02s
[2026-03-28T19:22:02.378+0800][9507.295s] GC(11) Concurrent Mark 55.703ms
[2026-03-28T19:22:02.378+0800][9507.295s] GC(11) Concurrent Rebuild Remembered Sets and Scrub Regions
[2026-03-28T19:22:02.389+0800][9507.307s] GC(11) Concurrent Rebuild Remembered Sets and Scrub Regions 11.988ms
[2026-03-28T19:22:02.390+0800][9507.307s] GC(11) Pause Cleanup
[2026-03-28T19:22:02.390+0800][9507.307s] GC(11) Pause Cleanup 57M->57M(512M) 0.275ms
[2026-03-28T19:22:02.390+0800][9507.307s] GC(11) User=0.00s Sys=0.00s Real=0.00s
[2026-03-28T19:22:02.390+0800][9507.308s] GC(11) Concurrent Clear Claimed Marks
[2026-03-28T19:22:02.390+0800][9507.308s] GC(11) Concurrent Clear Claimed Marks 0.077ms
[2026-03-28T19:22:02.390+0800][9507.308s] GC(11) Concurrent Cleanup for Next Mark
[2026-03-28T19:22:02.391+0800][9507.308s] GC(11) Concurrent Cleanup for Next Mark 0.656ms
[2026-03-28T19:22:02.391+0800][9507.308s] GC(11) Concurrent Mark Cycle 73.238ms
[2026-03-28T19:42:21.356+0800][10726.275s] Heap
[2026-03-28T19:42:21.356+0800][10726.275s]  garbage-first heap   total 524288K, used 222474K [0x00000000e0000000, 0x0000000100000000)
[2026-03-28T19:42:21.356+0800][10726.275s]   region size 1024K, 168 young (172032K), 7 survivors (7168K)
[2026-03-28T19:42:21.356+0800][10726.275s]  Metaspace       used 62085K, committed 62720K, reserved 1114112K
[2026-03-28T19:42:21.356+0800][10726.275s]   class space    used 7407K, committed 7744K, reserved 1048576K
