[2026-04-03T15:46:02.852+0800][0.017s] CardTable entry size: 512
[2026-04-03T15:46:02.852+0800][0.017s] Using G1
[2026-04-03T15:46:02.931+0800][0.093s] Version: 21.0.7+8-LTS-245 (release)
[2026-04-03T15:46:02.931+0800][0.093s] CPUs: 16 total, 16 available
[2026-04-03T15:46:02.931+0800][0.093s] Memory: 64170M
[2026-04-03T15:46:02.931+0800][0.093s] Large Page Support: Disabled
[2026-04-03T15:46:02.931+0800][0.093s] NUMA Support: Disabled
[2026-04-03T15:46:02.931+0800][0.093s] Compressed Oops: Enabled (32-bit)
[2026-04-03T15:46:02.931+0800][0.093s] Heap Region Size: 1M
[2026-04-03T15:46:02.931+0800][0.093s] Heap Min Capacity: 512M
[2026-04-03T15:46:02.931+0800][0.093s] Heap Initial Capacity: 512M
[2026-04-03T15:46:02.931+0800][0.093s] Heap Max Capacity: 512M
[2026-04-03T15:46:02.938+0800][0.101s] Pre-touch: Enabled
[2026-04-03T15:46:02.938+0800][0.101s] Parallel Workers: 13
[2026-04-03T15:46:02.938+0800][0.101s] Concurrent Workers: 3
[2026-04-03T15:46:02.938+0800][0.101s] Concurrent Refinement Workers: 13
[2026-04-03T15:46:02.938+0800][0.101s] Periodic GC: Disabled
[2026-04-03T15:46:02.949+0800][0.110s] CDS archive(s) mapped at: [0x000001f498000000-0x000001f498c90000-0x000001f498c90000), size 13172736, SharedBaseAddress: 0x000001f498000000, ArchiveRelocationMode: 1.
[2026-04-03T15:46:02.949+0800][0.110s] Compressed class space mapped at: 0x000001f499000000-0x000001f4d9000000, reserved size: 1073741824
[2026-04-03T15:46:02.949+0800][0.110s] Narrow klass base: 0x000001f498000000, Narrow klass shift: 0, Narrow klass range: 0x100000000
[2026-04-03T15:46:03.836+0800][0.997s] GC(0) Pause Young (Normal) (G1 Evacuation Pause)
[2026-04-03T15:46:03.837+0800][0.998s] GC(0) Using 12 workers of 13 for evacuation
[2026-04-03T15:46:03.839+0800][1.001s] GC(0)   Pre Evacuate Collection Set: 0.2ms
[2026-04-03T15:46:03.840+0800][1.001s] GC(0)   Merge Heap Roots: 0.1ms
[2026-04-03T15:46:03.840+0800][1.001s] GC(0)   Evacuate Collection Set: 2.3ms
[2026-04-03T15:46:03.840+0800][1.001s] GC(0)   Post Evacuate Collection Set: 0.4ms
[2026-04-03T15:46:03.840+0800][1.001s] GC(0)   Other: 0.5ms
[2026-04-03T15:46:03.840+0800][1.001s] GC(0) Eden regions: 29->0(42)
[2026-04-03T15:46:03.840+0800][1.001s] GC(0) Survivor regions: 0->4(4)
[2026-04-03T15:46:03.840+0800][1.001s] GC(0) Old regions: 0->0
[2026-04-03T15:46:03.840+0800][1.001s] GC(0) Humongous regions: 0->0
[2026-04-03T15:46:03.840+0800][1.001s] GC(0) Metaspace: 7286K(7488K)->7286K(7488K) NonClass: 6478K(6592K)->6478K(6592K) Class: 808K(896K)->808K(896K)
[2026-04-03T15:46:03.840+0800][1.001s] GC(0) Pause Young (Normal) (G1 Evacuation Pause) 29M->3M(512M) 3.832ms
[2026-04-03T15:46:03.840+0800][1.001s] GC(0) User=0.00s Sys=0.02s Real=0.00s
[2026-04-03T15:46:09.368+0800][6.529s] GC(1) Pause Young (Normal) (G1 Evacuation Pause)
[2026-04-03T15:46:09.368+0800][6.529s] GC(1) Using 13 workers of 13 for evacuation
[2026-04-03T15:46:09.380+0800][6.541s] GC(1)   Pre Evacuate Collection Set: 0.3ms
[2026-04-03T15:46:09.380+0800][6.541s] GC(1)   Merge Heap Roots: 0.1ms
[2026-04-03T15:46:09.380+0800][6.541s] GC(1)   Evacuate Collection Set: 10.8ms
[2026-04-03T15:46:09.380+0800][6.541s] GC(1)   Post Evacuate Collection Set: 0.8ms
[2026-04-03T15:46:09.380+0800][6.541s] GC(1)   Other: 0.3ms
[2026-04-03T15:46:09.380+0800][6.541s] GC(1) Eden regions: 42->0(131)
[2026-04-03T15:46:09.380+0800][6.541s] GC(1) Survivor regions: 4->6(6)
[2026-04-03T15:46:09.380+0800][6.541s] GC(1) Old regions: 0->9
[2026-04-03T15:46:09.380+0800][6.541s] GC(1) Humongous regions: 4->4
[2026-04-03T15:46:09.381+0800][6.541s] GC(1) Metaspace: 17755K(18176K)->17755K(18176K) NonClass: 15762K(16000K)->15762K(16000K) Class: 1992K(2176K)->1992K(2176K)
[2026-04-03T15:46:09.381+0800][6.541s] GC(1) Pause Young (Normal) (G1 Evacuation Pause) 49M->18M(512M) 12.731ms
[2026-04-03T15:46:09.381+0800][6.541s] GC(1) User=0.02s Sys=0.03s Real=0.01s
[2026-04-03T15:46:09.863+0800][7.026s] GC(2) Pause Young (Normal) (G1 Evacuation Pause)
[2026-04-03T15:46:09.865+0800][7.026s] GC(2) Using 13 workers of 13 for evacuation
[2026-04-03T15:46:09.869+0800][7.030s] GC(2)   Pre Evacuate Collection Set: 0.2ms
[2026-04-03T15:46:09.869+0800][7.030s] GC(2)   Merge Heap Roots: 0.1ms
[2026-04-03T15:46:09.869+0800][7.030s] GC(2)   Evacuate Collection Set: 3.6ms
[2026-04-03T15:46:09.869+0800][7.030s] GC(2)   Post Evacuate Collection Set: 0.6ms
[2026-04-03T15:46:09.869+0800][7.030s] GC(2)   Other: 0.2ms
[2026-04-03T15:46:09.869+0800][7.030s] GC(2) Eden regions: 131->0(184)
[2026-04-03T15:46:09.869+0800][7.030s] GC(2) Survivor regions: 6->11(18)
[2026-04-03T15:46:09.869+0800][7.031s] GC(2) Old regions: 9->9
[2026-04-03T15:46:09.869+0800][7.031s] GC(2) Humongous regions: 4->4
[2026-04-03T15:46:09.869+0800][7.031s] GC(2) Metaspace: 18107K(18560K)->18107K(18560K) NonClass: 16097K(16320K)->16097K(16320K) Class: 2010K(2240K)->2010K(2240K)
[2026-04-03T15:46:09.869+0800][7.031s] GC(2) Pause Young (Normal) (G1 Evacuation Pause) 149M->22M(512M) 5.006ms
[2026-04-03T15:46:09.869+0800][7.031s] GC(2) User=0.05s Sys=0.03s Real=0.01s
[2026-04-03T15:46:10.187+0800][7.354s] GC(3) Pause Young (Concurrent Start) (Metadata GC Threshold)
[2026-04-03T15:46:10.187+0800][7.354s] GC(3) Using 13 workers of 13 for evacuation
[2026-04-03T15:46:10.197+0800][7.359s] GC(3)   Pre Evacuate Collection Set: 0.2ms
[2026-04-03T15:46:10.197+0800][7.359s] GC(3)   Merge Heap Roots: 0.1ms
[2026-04-03T15:46:10.197+0800][7.359s] GC(3)   Evacuate Collection Set: 4.2ms
[2026-04-03T15:46:10.197+0800][7.359s] GC(3)   Post Evacuate Collection Set: 0.5ms
[2026-04-03T15:46:10.197+0800][7.359s] GC(3)   Other: 0.1ms
[2026-04-03T15:46:10.197+0800][7.359s] GC(3) Eden regions: 41->0(266)
[2026-04-03T15:46:10.197+0800][7.359s] GC(3) Survivor regions: 11->12(25)
[2026-04-03T15:46:10.197+0800][7.359s] GC(3) Old regions: 9->9
[2026-04-03T15:46:10.197+0800][7.359s] GC(3) Humongous regions: 4->4
[2026-04-03T15:46:10.197+0800][7.359s] GC(3) Metaspace: 21098K(21504K)->21098K(21504K) NonClass: 18740K(18944K)->18740K(18944K) Class: 2358K(2560K)->2358K(2560K)
[2026-04-03T15:46:10.197+0800][7.359s] GC(3) Pause Young (Concurrent Start) (Metadata GC Threshold) 63M->23M(512M) 5.249ms
[2026-04-03T15:46:10.197+0800][7.359s] GC(3) User=0.06s Sys=0.05s Real=0.01s
[2026-04-03T15:46:10.197+0800][7.359s] GC(4) Concurrent Mark Cycle
[2026-04-03T15:46:10.197+0800][7.359s] GC(4) Concurrent Scan Root Regions
[2026-04-03T15:46:10.197+0800][7.361s] GC(4) Concurrent Scan Root Regions 1.927ms
[2026-04-03T15:46:10.197+0800][7.361s] GC(4) Concurrent Mark
[2026-04-03T15:46:10.197+0800][7.361s] GC(4) Concurrent Mark From Roots
[2026-04-03T15:46:10.197+0800][7.361s] GC(4) Using 3 workers of 3 for marking
[2026-04-03T15:46:10.207+0800][7.368s] GC(4) Concurrent Mark From Roots 6.487ms
[2026-04-03T15:46:10.207+0800][7.368s] GC(4) Concurrent Preclean
[2026-04-03T15:46:10.207+0800][7.368s] GC(4) Concurrent Preclean 0.071ms
[2026-04-03T15:46:10.207+0800][7.368s] GC(4) Pause Remark
[2026-04-03T15:46:10.207+0800][7.372s] GC(4) Pause Remark 24M->24M(512M) 4.038ms
[2026-04-03T15:46:10.207+0800][7.372s] GC(4) User=0.00s Sys=0.00s Real=0.00s
[2026-04-03T15:46:10.207+0800][7.372s] GC(4) Concurrent Mark 10.879ms
[2026-04-03T15:46:10.207+0800][7.372s] GC(4) Concurrent Rebuild Remembered Sets and Scrub Regions
[2026-04-03T15:46:10.207+0800][7.375s] GC(4) Concurrent Rebuild Remembered Sets and Scrub Regions 2.980ms
[2026-04-03T15:46:10.207+0800][7.375s] GC(4) Pause Cleanup
[2026-04-03T15:46:10.207+0800][7.375s] GC(4) Pause Cleanup 25M->25M(512M) 0.178ms
[2026-04-03T15:46:10.207+0800][7.375s] GC(4) User=0.00s Sys=0.00s Real=0.00s
[2026-04-03T15:46:10.207+0800][7.376s] GC(4) Concurrent Clear Claimed Marks
[2026-04-03T15:46:10.207+0800][7.376s] GC(4) Concurrent Clear Claimed Marks 0.056ms
[2026-04-03T15:46:10.207+0800][7.376s] GC(4) Concurrent Cleanup for Next Mark
[2026-04-03T15:46:10.207+0800][7.376s] GC(4) Concurrent Cleanup for Next Mark 0.287ms
[2026-04-03T15:46:10.207+0800][7.376s] GC(4) Concurrent Mark Cycle 16.780ms
[2026-04-03T15:46:11.949+0800][9.116s] GC(5) Pause Young (Prepare Mixed) (Metadata GC Threshold)
[2026-04-03T15:46:11.949+0800][9.116s] GC(5) Using 13 workers of 13 for evacuation
[2026-04-03T15:46:11.963+0800][9.123s] GC(5)   Pre Evacuate Collection Set: 0.2ms
[2026-04-03T15:46:11.963+0800][9.123s] GC(5)   Merge Heap Roots: 0.1ms
[2026-04-03T15:46:11.963+0800][9.123s] GC(5)   Evacuate Collection Set: 6.4ms
[2026-04-03T15:46:11.963+0800][9.124s] GC(5)   Post Evacuate Collection Set: 0.8ms
[2026-04-03T15:46:11.963+0800][9.124s] GC(5)   Other: 0.1ms
[2026-04-03T15:46:11.963+0800][9.124s] GC(5) Eden regions: 109->0(290)
[2026-04-03T15:46:11.963+0800][9.124s] GC(5) Survivor regions: 12->17(35)
[2026-04-03T15:46:11.963+0800][9.124s] GC(5) Old regions: 9->9
[2026-04-03T15:46:11.963+0800][9.124s] GC(5) Humongous regions: 4->4
[2026-04-03T15:46:11.963+0800][9.124s] GC(5) Metaspace: 35700K(36160K)->35700K(36160K) NonClass: 31622K(31872K)->31622K(31872K) Class: 4077K(4288K)->4077K(4288K)
[2026-04-03T15:46:11.963+0800][9.124s] GC(5) Pause Young (Prepare Mixed) (Metadata GC Threshold) 132M->29M(512M) 7.930ms
[2026-04-03T15:46:11.963+0800][9.124s] GC(5) User=0.05s Sys=0.02s Real=0.01s
[2026-04-03T15:46:12.017+0800][9.179s] GC(6) Pause Young (Mixed) (Metadata GC Threshold)
[2026-04-03T15:46:12.017+0800][9.179s] GC(6) Using 13 workers of 13 for evacuation
[2026-04-03T15:46:12.022+0800][9.185s] GC(6)   Pre Evacuate Collection Set: 0.2ms
[2026-04-03T15:46:12.022+0800][9.185s] GC(6)   Merge Heap Roots: 0.1ms
[2026-04-03T15:46:12.022+0800][9.185s] GC(6)   Evacuate Collection Set: 5.1ms
[2026-04-03T15:46:12.022+0800][9.185s] GC(6)   Post Evacuate Collection Set: 0.5ms
[2026-04-03T15:46:12.022+0800][9.185s] GC(6)   Other: 0.1ms
[2026-04-03T15:46:12.022+0800][9.185s] GC(6) Eden regions: 8->0(288)
[2026-04-03T15:46:12.022+0800][9.185s] GC(6) Survivor regions: 17->19(39)
[2026-04-03T15:46:12.022+0800][9.185s] GC(6) Old regions: 9->8
[2026-04-03T15:46:12.022+0800][9.185s] GC(6) Humongous regions: 4->4
[2026-04-03T15:46:12.022+0800][9.185s] GC(6) Metaspace: 36003K(36480K)->36003K(36480K) NonClass: 31891K(32128K)->31891K(32128K) Class: 4112K(4352K)->4112K(4352K)
[2026-04-03T15:46:12.022+0800][9.185s] GC(6) Pause Young (Mixed) (Metadata GC Threshold) 36M->30M(512M) 6.324ms
[2026-04-03T15:46:12.022+0800][9.185s] GC(6) User=0.02s Sys=0.00s Real=0.01s
[2026-04-03T15:46:12.073+0800][9.237s] GC(7) Pause Young (Concurrent Start) (Metadata GC Threshold)
[2026-04-03T15:46:12.073+0800][9.237s] GC(7) Using 13 workers of 13 for evacuation
[2026-04-03T15:46:12.081+0800][9.243s] GC(7)   Pre Evacuate Collection Set: 0.2ms
[2026-04-03T15:46:12.081+0800][9.243s] GC(7)   Merge Heap Roots: 0.1ms
[2026-04-03T15:46:12.081+0800][9.243s] GC(7)   Evacuate Collection Set: 4.9ms
[2026-04-03T15:46:12.081+0800][9.243s] GC(7)   Post Evacuate Collection Set: 0.6ms
[2026-04-03T15:46:12.081+0800][9.243s] GC(7)   Other: 0.1ms
[2026-04-03T15:46:12.081+0800][9.243s] GC(7) Eden regions: 4->0(289)
[2026-04-03T15:46:12.081+0800][9.243s] GC(7) Survivor regions: 19->18(39)
[2026-04-03T15:46:12.081+0800][9.243s] GC(7) Old regions: 8->8
[2026-04-03T15:46:12.081+0800][9.243s] GC(7) Humongous regions: 4->4
[2026-04-03T15:46:12.081+0800][9.243s] GC(7) Metaspace: 36347K(36800K)->36347K(36800K) NonClass: 32184K(32448K)->32184K(32448K) Class: 4163K(4352K)->4163K(4352K)
[2026-04-03T15:46:12.081+0800][9.243s] GC(7) Pause Young (Concurrent Start) (Metadata GC Threshold) 33M->29M(512M) 6.225ms
[2026-04-03T15:46:12.081+0800][9.243s] GC(8) Concurrent Mark Cycle
[2026-04-03T15:46:12.081+0800][9.243s] GC(7) User=0.00s Sys=0.00s Real=0.01s
[2026-04-03T15:46:12.081+0800][9.243s] GC(8) Concurrent Scan Root Regions
[2026-04-03T15:46:12.083+0800][9.246s] GC(8) Concurrent Scan Root Regions 3.559ms
[2026-04-03T15:46:12.083+0800][9.247s] GC(8) Concurrent Mark
[2026-04-03T15:46:12.083+0800][9.247s] GC(8) Concurrent Mark From Roots
[2026-04-03T15:46:12.083+0800][9.247s] GC(8) Using 3 workers of 3 for marking
[2026-04-03T15:46:12.087+0800][9.253s] GC(8) Concurrent Mark From Roots 6.250ms
[2026-04-03T15:46:12.087+0800][9.253s] GC(8) Concurrent Preclean
[2026-04-03T15:46:12.087+0800][9.253s] GC(8) Concurrent Preclean 0.060ms
[2026-04-03T15:46:12.087+0800][9.253s] GC(8) Pause Remark
[2026-04-03T15:46:12.093+0800][9.257s] GC(8) Pause Remark 30M->30M(512M) 3.965ms
[2026-04-03T15:46:12.093+0800][9.257s] GC(8) User=0.00s Sys=0.00s Real=0.01s
[2026-04-03T15:46:12.093+0800][9.257s] GC(8) Concurrent Mark 10.576ms
[2026-04-03T15:46:12.093+0800][9.257s] GC(8) Concurrent Rebuild Remembered Sets and Scrub Regions
[2026-04-03T15:46:12.097+0800][9.260s] GC(8) Concurrent Rebuild Remembered Sets and Scrub Regions 2.888ms
[2026-04-03T15:46:12.097+0800][9.260s] GC(8) Pause Cleanup
[2026-04-03T15:46:12.097+0800][9.261s] GC(8) Pause Cleanup 31M->31M(512M) 0.130ms
[2026-04-03T15:46:12.097+0800][9.261s] GC(8) User=0.00s Sys=0.00s Real=0.00s
[2026-04-03T15:46:12.097+0800][9.261s] GC(8) Concurrent Clear Claimed Marks
[2026-04-03T15:46:12.097+0800][9.261s] GC(8) Concurrent Clear Claimed Marks 0.065ms
[2026-04-03T15:46:12.097+0800][9.261s] GC(8) Concurrent Cleanup for Next Mark
[2026-04-03T15:46:12.097+0800][9.261s] GC(8) Concurrent Cleanup for Next Mark 0.273ms
[2026-04-03T15:46:12.097+0800][9.261s] GC(8) Concurrent Mark Cycle 18.225ms
[2026-04-03T15:46:15.763+0800][12.924s] GC(9) Pause Young (Normal) (G1 Evacuation Pause)
[2026-04-03T15:46:15.763+0800][12.924s] GC(9) Using 13 workers of 13 for evacuation
[2026-04-03T15:46:15.777+0800][12.940s] GC(9)   Pre Evacuate Collection Set: 0.2ms
[2026-04-03T15:46:15.777+0800][12.940s] GC(9)   Merge Heap Roots: 0.1ms
[2026-04-03T15:46:15.777+0800][12.940s] GC(9)   Evacuate Collection Set: 14.3ms
[2026-04-03T15:46:15.777+0800][12.940s] GC(9)   Post Evacuate Collection Set: 1.3ms
[2026-04-03T15:46:15.777+0800][12.940s] GC(9)   Other: 0.1ms
[2026-04-03T15:46:15.777+0800][12.940s] GC(9) Eden regions: 289->0(270)
[2026-04-03T15:46:15.777+0800][12.940s] GC(9) Survivor regions: 18->37(39)
[2026-04-03T15:46:15.777+0800][12.940s] GC(9) Old regions: 8->8
[2026-04-03T15:46:15.777+0800][12.940s] GC(9) Humongous regions: 4->4
[2026-04-03T15:46:15.777+0800][12.940s] GC(9) Metaspace: 55560K(56384K)->55560K(56384K) NonClass: 48831K(49280K)->48831K(49280K) Class: 6728K(7104K)->6728K(7104K)
[2026-04-03T15:46:15.777+0800][12.940s] GC(9) Pause Young (Normal) (G1 Evacuation Pause) 318M->48M(512M) 16.312ms
[2026-04-03T15:46:15.777+0800][12.940s] GC(9) User=0.08s Sys=0.06s Real=0.01s
[2026-04-03T15:55:44.897+0800][582.057s] GC(10) Pause Young (Concurrent Start) (Metadata GC Threshold)
[2026-04-03T15:55:44.897+0800][582.057s] GC(10) Using 13 workers of 13 for evacuation
[2026-04-03T15:55:44.916+0800][582.078s] GC(10)   Pre Evacuate Collection Set: 0.3ms
[2026-04-03T15:55:44.917+0800][582.078s] GC(10)   Merge Heap Roots: 0.1ms
[2026-04-03T15:55:44.917+0800][582.078s] GC(10)   Evacuate Collection Set: 17.9ms
[2026-04-03T15:55:44.917+0800][582.078s] GC(10)   Post Evacuate Collection Set: 1.9ms
[2026-04-03T15:55:44.917+0800][582.078s] GC(10)   Other: 0.2ms
[2026-04-03T15:55:44.917+0800][582.078s] GC(10) Eden regions: 47->0(282)
[2026-04-03T15:55:44.917+0800][582.078s] GC(10) Survivor regions: 37->25(39)
[2026-04-03T15:55:44.917+0800][582.078s] GC(10) Old regions: 8->24
[2026-04-03T15:55:44.917+0800][582.078s] GC(10) Humongous regions: 4->4
[2026-04-03T15:55:44.917+0800][582.078s] GC(10) Metaspace: 60651K(61440K)->60651K(61440K) NonClass: 53274K(53696K)->53274K(53696K) Class: 7377K(7744K)->7377K(7744K)
[2026-04-03T15:55:44.917+0800][582.078s] GC(10) Pause Young (Concurrent Start) (Metadata GC Threshold) 95M->52M(512M) 20.738ms
[2026-04-03T15:55:44.917+0800][582.078s] GC(10) User=0.06s Sys=0.02s Real=0.02s
[2026-04-03T15:55:44.917+0800][582.078s] GC(11) Concurrent Mark Cycle
[2026-04-03T15:55:44.917+0800][582.078s] GC(11) Concurrent Scan Root Regions
[2026-04-03T15:55:44.927+0800][582.088s] GC(11) Concurrent Scan Root Regions 9.394ms
[2026-04-03T15:55:44.927+0800][582.088s] GC(11) Concurrent Mark
[2026-04-03T15:55:44.927+0800][582.088s] GC(11) Concurrent Mark From Roots
[2026-04-03T15:55:44.927+0800][582.088s] GC(11) Using 3 workers of 3 for marking
[2026-04-03T15:55:44.933+0800][582.094s] GC(11) Concurrent Mark From Roots 6.050ms
[2026-04-03T15:55:44.933+0800][582.094s] GC(11) Concurrent Preclean
[2026-04-03T15:55:44.933+0800][582.094s] GC(11) Concurrent Preclean 0.081ms
[2026-04-03T15:55:44.933+0800][582.094s] GC(11) Pause Remark
[2026-04-03T15:55:44.945+0800][582.106s] GC(11) Pause Remark 53M->53M(512M) 12.084ms
[2026-04-03T15:55:44.945+0800][582.106s] GC(11) User=0.00s Sys=0.00s Real=0.01s
[2026-04-03T15:55:44.945+0800][582.106s] GC(11) Concurrent Mark 18.547ms
[2026-04-03T15:55:44.945+0800][582.106s] GC(11) Concurrent Rebuild Remembered Sets and Scrub Regions
[2026-04-03T15:55:44.951+0800][582.112s] GC(11) Concurrent Rebuild Remembered Sets and Scrub Regions 5.783ms
[2026-04-03T15:55:44.951+0800][582.112s] GC(11) Pause Cleanup
[2026-04-03T15:55:44.951+0800][582.112s] GC(11) Pause Cleanup 53M->53M(512M) 0.157ms
[2026-04-03T15:55:44.951+0800][582.112s] GC(11) User=0.00s Sys=0.00s Real=0.00s
[2026-04-03T15:55:44.951+0800][582.112s] GC(11) Concurrent Clear Claimed Marks
[2026-04-03T15:55:44.951+0800][582.113s] GC(11) Concurrent Clear Claimed Marks 0.113ms
[2026-04-03T15:55:44.951+0800][582.113s] GC(11) Concurrent Cleanup for Next Mark
[2026-04-03T15:55:44.952+0800][582.113s] GC(11) Concurrent Cleanup for Next Mark 0.398ms
[2026-04-03T15:55:44.952+0800][582.113s] GC(11) Concurrent Mark Cycle 34.868ms
[2026-04-03T17:10:03.068+0800][5040.232s] GC(12) Pause Young (Prepare Mixed) (G1 Evacuation Pause)
[2026-04-03T17:10:03.071+0800][5040.232s] GC(12) Using 13 workers of 13 for evacuation
[2026-04-03T17:10:03.083+0800][5040.245s] GC(12)   Pre Evacuate Collection Set: 0.4ms
[2026-04-03T17:10:03.083+0800][5040.245s] GC(12)   Merge Heap Roots: 0.2ms
[2026-04-03T17:10:03.083+0800][5040.245s] GC(12)   Evacuate Collection Set: 11.6ms
[2026-04-03T17:10:03.083+0800][5040.245s] GC(12)   Post Evacuate Collection Set: 0.8ms
[2026-04-03T17:10:03.083+0800][5040.245s] GC(12)   Other: 0.2ms
[2026-04-03T17:10:03.083+0800][5040.245s] GC(12) Eden regions: 282->0(298)
[2026-04-03T17:10:03.083+0800][5040.245s] GC(12) Survivor regions: 25->9(39)
[2026-04-03T17:10:03.083+0800][5040.245s] GC(12) Old regions: 24->44
[2026-04-03T17:10:03.083+0800][5040.245s] GC(12) Humongous regions: 4->4
[2026-04-03T17:10:03.083+0800][5040.245s] GC(12) Metaspace: 61483K(62336K)->61483K(62336K) NonClass: 54083K(54592K)->54083K(54592K) Class: 7400K(7744K)->7400K(7744K)
[2026-04-03T17:10:03.083+0800][5040.245s] GC(12) Pause Young (Prepare Mixed) (G1 Evacuation Pause) 334M->57M(512M) 13.435ms
[2026-04-03T17:10:03.083+0800][5040.245s] GC(12) User=0.00s Sys=0.00s Real=0.01s
[2026-04-03T17:10:13.824+0800][5050.986s] GC(13) Pause Young (Mixed) (G1 Evacuation Pause)
[2026-04-03T17:10:13.824+0800][5050.986s] GC(13) Using 13 workers of 13 for evacuation
[2026-04-03T17:10:13.835+0800][5050.998s] GC(13)   Pre Evacuate Collection Set: 0.2ms
[2026-04-03T17:10:13.835+0800][5050.998s] GC(13)   Merge Heap Roots: 0.2ms
[2026-04-03T17:10:13.835+0800][5050.998s] GC(13)   Evacuate Collection Set: 10.5ms
[2026-04-03T17:10:13.835+0800][5050.998s] GC(13)   Post Evacuate Collection Set: 1.2ms
[2026-04-03T17:10:13.835+0800][5050.998s] GC(13)   Other: 0.1ms
[2026-04-03T17:10:13.835+0800][5050.998s] GC(13) Eden regions: 298->0(298)
[2026-04-03T17:10:13.835+0800][5050.998s] GC(13) Survivor regions: 9->9(39)
[2026-04-03T17:10:13.835+0800][5050.998s] GC(13) Old regions: 44->45
[2026-04-03T17:10:13.835+0800][5050.998s] GC(13) Humongous regions: 4->4
[2026-04-03T17:10:13.835+0800][5050.998s] GC(13) Metaspace: 61507K(62336K)->61507K(62336K) NonClass: 54107K(54592K)->54107K(54592K) Class: 7400K(7744K)->7400K(7744K)
[2026-04-03T17:10:13.835+0800][5050.998s] GC(13) Pause Young (Mixed) (G1 Evacuation Pause) 355M->57M(512M) 12.526ms
[2026-04-03T17:10:13.835+0800][5050.998s] GC(13) User=0.02s Sys=0.00s Real=0.01s
[2026-04-03T17:11:46.152+0800][5143.317s] GC(14) Pause Young (Normal) (G1 Evacuation Pause)
[2026-04-03T17:11:46.152+0800][5143.317s] GC(14) Using 13 workers of 13 for evacuation
[2026-04-03T17:11:46.163+0800][5143.325s] GC(14)   Pre Evacuate Collection Set: 0.2ms
[2026-04-03T17:11:46.163+0800][5143.325s] GC(14)   Merge Heap Roots: 0.1ms
[2026-04-03T17:11:46.163+0800][5143.325s] GC(14)   Evacuate Collection Set: 6.5ms
[2026-04-03T17:11:46.163+0800][5143.325s] GC(14)   Post Evacuate Collection Set: 0.8ms
[2026-04-03T17:11:46.163+0800][5143.325s] GC(14)   Other: 0.2ms
[2026-04-03T17:11:46.163+0800][5143.325s] GC(14) Eden regions: 298->0(297)
[2026-04-03T17:11:46.163+0800][5143.325s] GC(14) Survivor regions: 9->10(39)
[2026-04-03T17:11:46.163+0800][5143.325s] GC(14) Old regions: 45->45
[2026-04-03T17:11:46.163+0800][5143.325s] GC(14) Humongous regions: 4->4
[2026-04-03T17:11:46.163+0800][5143.325s] GC(14) Metaspace: 61563K(62400K)->61563K(62400K) NonClass: 54163K(54656K)->54163K(54656K) Class: 7400K(7744K)->7400K(7744K)
[2026-04-03T17:11:46.163+0800][5143.325s] GC(14) Pause Young (Normal) (G1 Evacuation Pause) 355M->58M(512M) 8.246ms
[2026-04-03T17:11:46.163+0800][5143.325s] GC(14) User=0.00s Sys=0.00s Real=0.01s
[2026-04-03T19:13:55.232+0800][12472.225s] GC(15) Pause Young (Normal) (G1 Evacuation Pause)
[2026-04-03T19:13:55.232+0800][12472.226s] GC(15) Using 13 workers of 13 for evacuation
[2026-04-03T19:13:55.239+0800][12472.233s] GC(15)   Pre Evacuate Collection Set: 0.3ms
[2026-04-03T19:13:55.239+0800][12472.233s] GC(15)   Merge Heap Roots: 0.1ms
[2026-04-03T19:13:55.239+0800][12472.233s] GC(15)   Evacuate Collection Set: 6.0ms
[2026-04-03T19:13:55.239+0800][12472.233s] GC(15)   Post Evacuate Collection Set: 0.7ms
[2026-04-03T19:13:55.239+0800][12472.233s] GC(15)   Other: 0.1ms
[2026-04-03T19:13:55.239+0800][12472.233s] GC(15) Eden regions: 297->0(297)
[2026-04-03T19:13:55.239+0800][12472.233s] GC(15) Survivor regions: 10->10(39)
[2026-04-03T19:13:55.239+0800][12472.233s] GC(15) Old regions: 45->45
[2026-04-03T19:13:55.239+0800][12472.233s] GC(15) Humongous regions: 4->4
[2026-04-03T19:13:55.239+0800][12472.233s] GC(15) Metaspace: 61626K(62400K)->61626K(62400K) NonClass: 54226K(54656K)->54226K(54656K) Class: 7400K(7744K)->7400K(7744K)
[2026-04-03T19:13:55.239+0800][12472.233s] GC(15) Pause Young (Normal) (G1 Evacuation Pause) 355M->58M(512M) 7.802ms
[2026-04-03T19:13:55.239+0800][12472.233s] GC(15) User=0.05s Sys=0.02s Real=0.01s
[2026-04-03T19:14:36.759+0800][12513.752s] GC(16) Pause Young (Normal) (G1 Evacuation Pause)
[2026-04-03T19:14:36.759+0800][12513.752s] GC(16) Using 13 workers of 13 for evacuation
[2026-04-03T19:14:36.765+0800][12513.757s] GC(16)   Pre Evacuate Collection Set: 0.2ms
[2026-04-03T19:14:36.765+0800][12513.757s] GC(16)   Merge Heap Roots: 0.1ms
[2026-04-03T19:14:36.765+0800][12513.757s] GC(16)   Evacuate Collection Set: 3.9ms
[2026-04-03T19:14:36.765+0800][12513.757s] GC(16)   Post Evacuate Collection Set: 0.6ms
[2026-04-03T19:14:36.765+0800][12513.757s] GC(16)   Other: 0.1ms
[2026-04-03T19:14:36.765+0800][12513.757s] GC(16) Eden regions: 297->0(298)
[2026-04-03T19:14:36.765+0800][12513.757s] GC(16) Survivor regions: 10->9(39)
[2026-04-03T19:14:36.765+0800][12513.757s] GC(16) Old regions: 45->45
[2026-04-03T19:14:36.765+0800][12513.757s] GC(16) Humongous regions: 4->4
[2026-04-03T19:14:36.765+0800][12513.757s] GC(16) Metaspace: 61666K(62464K)->61666K(62464K) NonClass: 54266K(54720K)->54266K(54720K) Class: 7400K(7744K)->7400K(7744K)
[2026-04-03T19:14:36.765+0800][12513.757s] GC(16) Pause Young (Normal) (G1 Evacuation Pause) 355M->57M(512M) 5.212ms
[2026-04-03T19:14:36.765+0800][12513.757s] GC(16) User=0.00s Sys=0.00s Real=0.01s
[2026-04-03T22:49:07.838+0800][25384.670s] GC(17) Pause Young (Normal) (G1 Evacuation Pause)
[2026-04-03T22:49:07.840+0800][25384.670s] GC(17) Using 13 workers of 13 for evacuation
[2026-04-03T22:49:07.845+0800][25384.676s] GC(17)   Pre Evacuate Collection Set: 0.5ms
[2026-04-03T22:49:07.845+0800][25384.676s] GC(17)   Merge Heap Roots: 0.1ms
[2026-04-03T22:49:07.846+0800][25384.676s] GC(17)   Evacuate Collection Set: 4.6ms
[2026-04-03T22:49:07.846+0800][25384.676s] GC(17)   Post Evacuate Collection Set: 0.6ms
[2026-04-03T22:49:07.846+0800][25384.676s] GC(17)   Other: 0.1ms
[2026-04-03T22:49:07.846+0800][25384.676s] GC(17) Eden regions: 298->0(297)
[2026-04-03T22:49:07.846+0800][25384.676s] GC(17) Survivor regions: 9->10(39)
[2026-04-03T22:49:07.846+0800][25384.676s] GC(17) Old regions: 45->45
[2026-04-03T22:49:07.846+0800][25384.676s] GC(17) Humongous regions: 4->4
[2026-04-03T22:49:07.846+0800][25384.676s] GC(17) Metaspace: 61711K(62528K)->61711K(62528K) NonClass: 54310K(54784K)->54310K(54784K) Class: 7400K(7744K)->7400K(7744K)
[2026-04-03T22:49:07.846+0800][25384.676s] GC(17) Pause Young (Normal) (G1 Evacuation Pause) 355M->58M(512M) 6.405ms
[2026-04-03T22:49:07.846+0800][25384.677s] GC(17) User=0.00s Sys=0.00s Real=0.01s
[2026-04-03T22:49:35.468+0800][25412.298s] GC(18) Pause Young (Normal) (G1 Evacuation Pause)
[2026-04-03T22:49:35.469+0800][25412.298s] GC(18) Using 13 workers of 13 for evacuation
[2026-04-03T22:49:35.475+0800][25412.305s] GC(18)   Pre Evacuate Collection Set: 0.2ms
[2026-04-03T22:49:35.475+0800][25412.305s] GC(18)   Merge Heap Roots: 0.1ms
[2026-04-03T22:49:35.475+0800][25412.305s] GC(18)   Evacuate Collection Set: 5.9ms
[2026-04-03T22:49:35.475+0800][25412.305s] GC(18)   Post Evacuate Collection Set: 0.9ms
[2026-04-03T22:49:35.475+0800][25412.305s] GC(18)   Other: 0.1ms
[2026-04-03T22:49:35.475+0800][25412.305s] GC(18) Eden regions: 297->0(298)
[2026-04-03T22:49:35.475+0800][25412.305s] GC(18) Survivor regions: 10->9(39)
[2026-04-03T22:49:35.475+0800][25412.305s] GC(18) Old regions: 45->45
[2026-04-03T22:49:35.476+0800][25412.305s] GC(18) Humongous regions: 4->4
[2026-04-03T22:49:35.476+0800][25412.305s] GC(18) Metaspace: 61727K(62528K)->61727K(62528K) NonClass: 54326K(54784K)->54326K(54784K) Class: 7400K(7744K)->7400K(7744K)
[2026-04-03T22:49:35.476+0800][25412.305s] GC(18) Pause Young (Normal) (G1 Evacuation Pause) 355M->57M(512M) 7.590ms
[2026-04-03T22:49:35.476+0800][25412.305s] GC(18) User=0.00s Sys=0.00s Real=0.01s
[2026-04-03T22:50:02.464+0800][25439.293s] GC(19) Pause Young (Normal) (G1 Evacuation Pause)
[2026-04-03T22:50:02.464+0800][25439.293s] GC(19) Using 13 workers of 13 for evacuation
[2026-04-03T22:50:02.471+0800][25439.299s] GC(19)   Pre Evacuate Collection Set: 0.3ms
[2026-04-03T22:50:02.471+0800][25439.299s] GC(19)   Merge Heap Roots: 0.2ms
[2026-04-03T22:50:02.471+0800][25439.299s] GC(19)   Evacuate Collection Set: 4.9ms
[2026-04-03T22:50:02.471+0800][25439.299s] GC(19)   Post Evacuate Collection Set: 0.7ms
[2026-04-03T22:50:02.471+0800][25439.299s] GC(19)   Other: 0.1ms
[2026-04-03T22:50:02.471+0800][25439.299s] GC(19) Eden regions: 298->0(297)
[2026-04-03T22:50:02.471+0800][25439.299s] GC(19) Survivor regions: 9->10(39)
[2026-04-03T22:50:02.471+0800][25439.299s] GC(19) Old regions: 45->45
[2026-04-03T22:50:02.471+0800][25439.299s] GC(19) Humongous regions: 4->4
[2026-04-03T22:50:02.471+0800][25439.299s] GC(19) Metaspace: 61731K(62528K)->61731K(62528K) NonClass: 54331K(54784K)->54331K(54784K) Class: 7400K(7744K)->7400K(7744K)
[2026-04-03T22:50:02.471+0800][25439.300s] GC(19) Pause Young (Normal) (G1 Evacuation Pause) 355M->58M(512M) 6.599ms
[2026-04-03T22:50:02.471+0800][25439.300s] GC(19) User=0.08s Sys=0.00s Real=0.01s
