[2026-03-26T15:53:08.562+0800][0.018s] CardTable entry size: 512
[2026-03-26T15:53:08.563+0800][0.019s] Using G1
[2026-03-26T15:53:08.627+0800][0.085s] Version: 21.0.7+8-LTS-245 (release)
[2026-03-26T15:53:08.627+0800][0.085s] CPUs: 16 total, 16 available
[2026-03-26T15:53:08.627+0800][0.085s] Memory: 64170M
[2026-03-26T15:53:08.627+0800][0.085s] Large Page Support: Disabled
[2026-03-26T15:53:08.627+0800][0.085s] NUMA Support: Disabled
[2026-03-26T15:53:08.627+0800][0.085s] Compressed Oops: Enabled (32-bit)
[2026-03-26T15:53:08.629+0800][0.085s] Heap Region Size: 1M
[2026-03-26T15:53:08.629+0800][0.085s] Heap Min Capacity: 512M
[2026-03-26T15:53:08.629+0800][0.085s] Heap Initial Capacity: 512M
[2026-03-26T15:53:08.629+0800][0.085s] Heap Max Capacity: 512M
[2026-03-26T15:53:08.639+0800][0.095s] Pre-touch: Enabled
[2026-03-26T15:53:08.639+0800][0.095s] Parallel Workers: 13
[2026-03-26T15:53:08.639+0800][0.095s] Concurrent Workers: 3
[2026-03-26T15:53:08.639+0800][0.095s] Concurrent Refinement Workers: 13
[2026-03-26T15:53:08.639+0800][0.095s] Periodic GC: Disabled
[2026-03-26T15:53:08.646+0800][0.102s] CDS archive(s) mapped at: [0x0000020da3000000-0x0000020da3c90000-0x0000020da3c90000), size 13172736, SharedBaseAddress: 0x0000020da3000000, ArchiveRelocationMode: 1.
[2026-03-26T15:53:08.646+0800][0.102s] Compressed class space mapped at: 0x0000020da4000000-0x0000020de4000000, reserved size: 1073741824
[2026-03-26T15:53:08.646+0800][0.102s] Narrow klass base: 0x0000020da3000000, Narrow klass shift: 0, Narrow klass range: 0x100000000
[2026-03-26T15:53:12.421+0800][3.881s] GC(0) Pause Young (Normal) (G1 Evacuation Pause)
[2026-03-26T15:53:12.421+0800][3.882s] GC(0) Using 12 workers of 13 for evacuation
[2026-03-26T15:53:12.428+0800][3.886s] GC(0)   Pre Evacuate Collection Set: 0.2ms
[2026-03-26T15:53:12.428+0800][3.886s] GC(0)   Merge Heap Roots: 0.1ms
[2026-03-26T15:53:12.428+0800][3.886s] GC(0)   Evacuate Collection Set: 3.3ms
[2026-03-26T15:53:12.428+0800][3.886s] GC(0)   Post Evacuate Collection Set: 0.5ms
[2026-03-26T15:53:12.428+0800][3.886s] GC(0)   Other: 0.6ms
[2026-03-26T15:53:12.428+0800][3.886s] GC(0) Eden regions: 29->0(43)
[2026-03-26T15:53:12.428+0800][3.886s] GC(0) Survivor regions: 0->4(4)
[2026-03-26T15:53:12.428+0800][3.886s] GC(0) Old regions: 0->0
[2026-03-26T15:53:12.428+0800][3.886s] GC(0) Humongous regions: 0->0
[2026-03-26T15:53:12.428+0800][3.886s] GC(0) Metaspace: 6641K(6848K)->6641K(6848K) NonClass: 5911K(6016K)->5911K(6016K) Class: 730K(832K)->730K(832K)
[2026-03-26T15:53:12.428+0800][3.886s] GC(0) Pause Young (Normal) (G1 Evacuation Pause) 29M->3M(512M) 4.900ms
[2026-03-26T15:53:12.428+0800][3.886s] GC(0) User=0.00s Sys=0.00s Real=0.01s
[2026-03-26T15:53:18.078+0800][9.536s] GC(1) Pause Young (Normal) (G1 Evacuation Pause)
[2026-03-26T15:53:18.078+0800][9.536s] GC(1) Using 13 workers of 13 for evacuation
[2026-03-26T15:53:18.086+0800][9.545s] GC(1)   Pre Evacuate Collection Set: 0.2ms
[2026-03-26T15:53:18.086+0800][9.545s] GC(1)   Merge Heap Roots: 0.1ms
[2026-03-26T15:53:18.086+0800][9.545s] GC(1)   Evacuate Collection Set: 8.4ms
[2026-03-26T15:53:18.086+0800][9.545s] GC(1)   Post Evacuate Collection Set: 0.6ms
[2026-03-26T15:53:18.086+0800][9.545s] GC(1)   Other: 0.2ms
[2026-03-26T15:53:18.086+0800][9.545s] GC(1) Eden regions: 43->0(301)
[2026-03-26T15:53:18.086+0800][9.545s] GC(1) Survivor regions: 4->6(6)
[2026-03-26T15:53:18.086+0800][9.545s] GC(1) Old regions: 0->9
[2026-03-26T15:53:18.086+0800][9.545s] GC(1) Humongous regions: 4->4
[2026-03-26T15:53:18.086+0800][9.545s] GC(1) Metaspace: 17632K(18048K)->17632K(18048K) NonClass: 15665K(15872K)->15665K(15872K) Class: 1967K(2176K)->1967K(2176K)
[2026-03-26T15:53:18.086+0800][9.545s] GC(1) Pause Young (Normal) (G1 Evacuation Pause) 50M->18M(512M) 9.710ms
[2026-03-26T15:53:18.086+0800][9.545s] GC(1) User=0.03s Sys=0.02s Real=0.01s
[2026-03-26T15:53:18.829+0800][10.286s] GC(2) Pause Young (Concurrent Start) (Metadata GC Threshold)
[2026-03-26T15:53:18.829+0800][10.286s] GC(2) Using 13 workers of 13 for evacuation
[2026-03-26T15:53:18.834+0800][10.291s] GC(2)   Pre Evacuate Collection Set: 0.2ms
[2026-03-26T15:53:18.834+0800][10.291s] GC(2)   Merge Heap Roots: 0.1ms
[2026-03-26T15:53:18.834+0800][10.291s] GC(2)   Evacuate Collection Set: 4.3ms
[2026-03-26T15:53:18.834+0800][10.291s] GC(2)   Post Evacuate Collection Set: 0.6ms
[2026-03-26T15:53:18.834+0800][10.291s] GC(2)   Other: 0.2ms
[2026-03-26T15:53:18.834+0800][10.291s] GC(2) Eden regions: 172->0(295)
[2026-03-26T15:53:18.834+0800][10.291s] GC(2) Survivor regions: 6->12(39)
[2026-03-26T15:53:18.834+0800][10.291s] GC(2) Old regions: 9->9
[2026-03-26T15:53:18.834+0800][10.292s] GC(2) Humongous regions: 4->4
[2026-03-26T15:53:18.834+0800][10.292s] GC(2) Metaspace: 21097K(21504K)->21097K(21504K) NonClass: 18738K(18944K)->18738K(18944K) Class: 2358K(2560K)->2358K(2560K)
[2026-03-26T15:53:18.834+0800][10.292s] GC(2) Pause Young (Concurrent Start) (Metadata GC Threshold) 189M->23M(512M) 5.614ms
[2026-03-26T15:53:18.834+0800][10.292s] GC(2) User=0.00s Sys=0.08s Real=0.01s
[2026-03-26T15:53:18.834+0800][10.292s] GC(3) Concurrent Mark Cycle
[2026-03-26T15:53:18.834+0800][10.292s] GC(3) Concurrent Scan Root Regions
[2026-03-26T15:53:18.838+0800][10.294s] GC(3) Concurrent Scan Root Regions 2.328ms
[2026-03-26T15:53:18.838+0800][10.294s] GC(3) Concurrent Mark
[2026-03-26T15:53:18.838+0800][10.294s] GC(3) Concurrent Mark From Roots
[2026-03-26T15:53:18.838+0800][10.294s] GC(3) Using 3 workers of 3 for marking
[2026-03-26T15:53:18.844+0800][10.300s] GC(3) Concurrent Mark From Roots 6.090ms
[2026-03-26T15:53:18.844+0800][10.300s] GC(3) Concurrent Preclean
[2026-03-26T15:53:18.844+0800][10.300s] GC(3) Concurrent Preclean 0.078ms
[2026-03-26T15:53:18.844+0800][10.300s] GC(3) Pause Remark
[2026-03-26T15:53:18.844+0800][10.303s] GC(3) Pause Remark 24M->24M(512M) 2.799ms
[2026-03-26T15:53:18.844+0800][10.303s] GC(3) User=0.00s Sys=0.05s Real=0.00s
[2026-03-26T15:53:18.844+0800][10.303s] GC(3) Concurrent Mark 9.247ms
[2026-03-26T15:53:18.844+0800][10.303s] GC(3) Concurrent Rebuild Remembered Sets and Scrub Regions
[2026-03-26T15:53:18.849+0800][10.306s] GC(3) Concurrent Rebuild Remembered Sets and Scrub Regions 2.807ms
[2026-03-26T15:53:18.849+0800][10.306s] GC(3) Pause Cleanup
[2026-03-26T15:53:18.849+0800][10.306s] GC(3) Pause Cleanup 25M->25M(512M) 0.144ms
[2026-03-26T15:53:18.849+0800][10.306s] GC(3) User=0.00s Sys=0.00s Real=0.00s
[2026-03-26T15:53:18.849+0800][10.306s] GC(3) Concurrent Clear Claimed Marks
[2026-03-26T15:53:18.849+0800][10.306s] GC(3) Concurrent Clear Claimed Marks 0.035ms
[2026-03-26T15:53:18.849+0800][10.307s] GC(3) Concurrent Cleanup for Next Mark
[2026-03-26T15:53:18.849+0800][10.307s] GC(3) Concurrent Cleanup for Next Mark 0.263ms
[2026-03-26T15:53:18.849+0800][10.307s] GC(3) Concurrent Mark Cycle 15.239ms
[2026-03-26T15:53:20.484+0800][11.941s] GC(4) Pause Young (Prepare Mixed) (Metadata GC Threshold)
[2026-03-26T15:53:20.484+0800][11.941s] GC(4) Using 13 workers of 13 for evacuation
[2026-03-26T15:53:20.493+0800][11.950s] GC(4)   Pre Evacuate Collection Set: 0.2ms
[2026-03-26T15:53:20.494+0800][11.950s] GC(4)   Merge Heap Roots: 0.1ms
[2026-03-26T15:53:20.494+0800][11.950s] GC(4)   Evacuate Collection Set: 8.0ms
[2026-03-26T15:53:20.494+0800][11.950s] GC(4)   Post Evacuate Collection Set: 0.8ms
[2026-03-26T15:53:20.494+0800][11.950s] GC(4)   Other: 0.1ms
[2026-03-26T15:53:20.494+0800][11.950s] GC(4) Eden regions: 110->0(289)
[2026-03-26T15:53:20.494+0800][11.950s] GC(4) Survivor regions: 12->18(39)
[2026-03-26T15:53:20.494+0800][11.950s] GC(4) Old regions: 9->9
[2026-03-26T15:53:20.494+0800][11.950s] GC(4) Humongous regions: 4->4
[2026-03-26T15:53:20.494+0800][11.950s] GC(4) Metaspace: 35678K(36160K)->35678K(36160K) NonClass: 31609K(31872K)->31609K(31872K) Class: 4069K(4288K)->4069K(4288K)
[2026-03-26T15:53:20.494+0800][11.950s] GC(4) Pause Young (Prepare Mixed) (Metadata GC Threshold) 133M->29M(512M) 9.535ms
[2026-03-26T15:53:20.494+0800][11.951s] GC(4) User=0.06s Sys=0.03s Real=0.01s
[2026-03-26T15:53:20.545+0800][12.003s] GC(5) Pause Young (Mixed) (Metadata GC Threshold)
[2026-03-26T15:53:20.546+0800][12.003s] GC(5) Using 13 workers of 13 for evacuation
[2026-03-26T15:53:20.552+0800][12.010s] GC(5)   Pre Evacuate Collection Set: 0.2ms
[2026-03-26T15:53:20.552+0800][12.010s] GC(5)   Merge Heap Roots: 0.1ms
[2026-03-26T15:53:20.552+0800][12.010s] GC(5)   Evacuate Collection Set: 5.9ms
[2026-03-26T15:53:20.553+0800][12.010s] GC(5)   Post Evacuate Collection Set: 0.6ms
[2026-03-26T15:53:20.553+0800][12.010s] GC(5)   Other: 0.1ms
[2026-03-26T15:53:20.553+0800][12.010s] GC(5) Eden regions: 9->0(288)
[2026-03-26T15:53:20.553+0800][12.010s] GC(5) Survivor regions: 18->19(39)
[2026-03-26T15:53:20.553+0800][12.010s] GC(5) Old regions: 9->8
[2026-03-26T15:53:20.553+0800][12.010s] GC(5) Humongous regions: 4->4
[2026-03-26T15:53:20.553+0800][12.010s] GC(5) Metaspace: 36064K(36480K)->36064K(36480K) NonClass: 31949K(32192K)->31949K(32192K) Class: 4114K(4288K)->4114K(4288K)
[2026-03-26T15:53:20.553+0800][12.010s] GC(5) Pause Young (Mixed) (Metadata GC Threshold) 38M->29M(512M) 7.197ms
[2026-03-26T15:53:20.553+0800][12.010s] GC(5) User=0.06s Sys=0.05s Real=0.01s
[2026-03-26T15:53:20.598+0800][12.056s] GC(6) Pause Young (Concurrent Start) (Metadata GC Threshold)
[2026-03-26T15:53:20.598+0800][12.056s] GC(6) Using 13 workers of 13 for evacuation
[2026-03-26T15:53:20.605+0800][12.062s] GC(6)   Pre Evacuate Collection Set: 0.2ms
[2026-03-26T15:53:20.605+0800][12.063s] GC(6)   Merge Heap Roots: 0.1ms
[2026-03-26T15:53:20.605+0800][12.063s] GC(6)   Evacuate Collection Set: 5.7ms
[2026-03-26T15:53:20.605+0800][12.063s] GC(6)   Post Evacuate Collection Set: 0.7ms
[2026-03-26T15:53:20.605+0800][12.063s] GC(6)   Other: 0.1ms
[2026-03-26T15:53:20.605+0800][12.063s] GC(6) Eden regions: 4->0(288)
[2026-03-26T15:53:20.605+0800][12.063s] GC(6) Survivor regions: 19->19(39)
[2026-03-26T15:53:20.605+0800][12.063s] GC(6) Old regions: 8->8
[2026-03-26T15:53:20.605+0800][12.063s] GC(6) Humongous regions: 4->4
[2026-03-26T15:53:20.605+0800][12.063s] GC(6) Metaspace: 36384K(36800K)->36384K(36800K) NonClass: 32219K(32448K)->32219K(32448K) Class: 4165K(4352K)->4165K(4352K)
[2026-03-26T15:53:20.605+0800][12.063s] GC(6) Pause Young (Concurrent Start) (Metadata GC Threshold) 33M->30M(512M) 7.077ms
[2026-03-26T15:53:20.605+0800][12.063s] GC(6) User=0.00s Sys=0.00s Real=0.01s
[2026-03-26T15:53:20.605+0800][12.063s] GC(7) Concurrent Mark Cycle
[2026-03-26T15:53:20.606+0800][12.063s] GC(7) Concurrent Scan Root Regions
[2026-03-26T15:53:20.609+0800][12.066s] GC(7) Concurrent Scan Root Regions 3.485ms
[2026-03-26T15:53:20.609+0800][12.066s] GC(7) Concurrent Mark
[2026-03-26T15:53:20.609+0800][12.066s] GC(7) Concurrent Mark From Roots
[2026-03-26T15:53:20.609+0800][12.066s] GC(7) Using 3 workers of 3 for marking
[2026-03-26T15:53:20.614+0800][12.071s] GC(7) Concurrent Mark From Roots 4.990ms
[2026-03-26T15:53:20.614+0800][12.071s] GC(7) Concurrent Preclean
[2026-03-26T15:53:20.614+0800][12.071s] GC(7) Concurrent Preclean 0.036ms
[2026-03-26T15:53:20.615+0800][12.072s] GC(7) Pause Remark
[2026-03-26T15:53:20.618+0800][12.076s] GC(7) Pause Remark 31M->31M(512M) 3.726ms
[2026-03-26T15:53:20.618+0800][12.076s] GC(7) User=0.00s Sys=0.00s Real=0.00s
[2026-03-26T15:53:20.618+0800][12.076s] GC(7) Concurrent Mark 9.432ms
[2026-03-26T15:53:20.618+0800][12.076s] GC(7) Concurrent Rebuild Remembered Sets and Scrub Regions
[2026-03-26T15:53:20.621+0800][12.078s] GC(7) Concurrent Rebuild Remembered Sets and Scrub Regions 2.343ms
[2026-03-26T15:53:20.621+0800][12.079s] GC(7) Pause Cleanup
[2026-03-26T15:53:20.621+0800][12.079s] GC(7) Pause Cleanup 31M->31M(512M) 0.136ms
[2026-03-26T15:53:20.621+0800][12.079s] GC(7) User=0.00s Sys=0.00s Real=0.00s
[2026-03-26T15:53:20.621+0800][12.079s] GC(7) Concurrent Clear Claimed Marks
[2026-03-26T15:53:20.621+0800][12.079s] GC(7) Concurrent Clear Claimed Marks 0.054ms
[2026-03-26T15:53:20.621+0800][12.079s] GC(7) Concurrent Cleanup for Next Mark
[2026-03-26T15:53:20.622+0800][12.079s] GC(7) Concurrent Cleanup for Next Mark 0.259ms
[2026-03-26T15:53:20.622+0800][12.079s] GC(7) Concurrent Mark Cycle 16.448ms
[2026-03-26T15:53:24.306+0800][15.773s] GC(8) Pause Young (Normal) (G1 Evacuation Pause)
[2026-03-26T15:53:24.306+0800][15.773s] GC(8) Using 13 workers of 13 for evacuation
[2026-03-26T15:53:24.330+0800][15.790s] GC(8)   Pre Evacuate Collection Set: 0.2ms
[2026-03-26T15:53:24.330+0800][15.790s] GC(8)   Merge Heap Roots: 0.1ms
[2026-03-26T15:53:24.330+0800][15.791s] GC(8)   Evacuate Collection Set: 14.9ms
[2026-03-26T15:53:24.330+0800][15.791s] GC(8)   Post Evacuate Collection Set: 1.9ms
[2026-03-26T15:53:24.330+0800][15.791s] GC(8)   Other: 0.2ms
[2026-03-26T15:53:24.330+0800][15.791s] GC(8) Eden regions: 288->0(269)
[2026-03-26T15:53:24.330+0800][15.791s] GC(8) Survivor regions: 19->38(39)
[2026-03-26T15:53:24.330+0800][15.791s] GC(8) Old regions: 8->8
[2026-03-26T15:53:24.330+0800][15.791s] GC(8) Humongous regions: 4->4
[2026-03-26T15:53:24.330+0800][15.791s] GC(8) Metaspace: 57430K(58176K)->57430K(58176K) NonClass: 50454K(50880K)->50454K(50880K) Class: 6976K(7296K)->6976K(7296K)
[2026-03-26T15:53:24.330+0800][15.791s] GC(8) Pause Young (Normal) (G1 Evacuation Pause) 318M->49M(512M) 17.658ms
[2026-03-26T15:53:24.330+0800][15.791s] GC(8) User=0.16s Sys=0.00s Real=0.02s
[2026-03-26T15:53:29.738+0800][21.195s] GC(9) Pause Young (Normal) (G1 Evacuation Pause)
[2026-03-26T15:53:29.738+0800][21.195s] GC(9) Using 13 workers of 13 for evacuation
[2026-03-26T15:53:29.759+0800][21.220s] GC(9)   Pre Evacuate Collection Set: 0.3ms
[2026-03-26T15:53:29.759+0800][21.220s] GC(9)   Merge Heap Roots: 0.2ms
[2026-03-26T15:53:29.759+0800][21.220s] GC(9)   Evacuate Collection Set: 22.0ms
[2026-03-26T15:53:29.759+0800][21.220s] GC(9)   Post Evacuate Collection Set: 1.8ms
[2026-03-26T15:53:29.759+0800][21.220s] GC(9)   Other: 0.2ms
[2026-03-26T15:53:29.759+0800][21.220s] GC(9) Eden regions: 269->0(277)
[2026-03-26T15:53:29.759+0800][21.220s] GC(9) Survivor regions: 38->30(39)
[2026-03-26T15:53:29.759+0800][21.220s] GC(9) Old regions: 8->25
[2026-03-26T15:53:29.759+0800][21.220s] GC(9) Humongous regions: 4->4
[2026-03-26T15:53:29.759+0800][21.220s] GC(9) Metaspace: 59901K(60608K)->59901K(60608K) NonClass: 52673K(53056K)->52673K(53056K) Class: 7228K(7552K)->7228K(7552K)
[2026-03-26T15:53:29.759+0800][21.220s] GC(9) Pause Young (Normal) (G1 Evacuation Pause) 318M->58M(512M) 24.797ms
[2026-03-26T15:53:29.759+0800][21.220s] GC(9) User=0.09s Sys=0.00s Real=0.02s
[2026-03-26T15:53:33.236+0800][24.694s] GC(10) Pause Young (Normal) (G1 Evacuation Pause)
[2026-03-26T15:53:33.237+0800][24.694s] GC(10) Using 13 workers of 13 for evacuation
[2026-03-26T15:53:33.253+0800][24.710s] GC(10)   Pre Evacuate Collection Set: 0.2ms
[2026-03-26T15:53:33.253+0800][24.710s] GC(10)   Merge Heap Roots: 0.1ms
[2026-03-26T15:53:33.253+0800][24.710s] GC(10)   Evacuate Collection Set: 14.7ms
[2026-03-26T15:53:33.253+0800][24.710s] GC(10)   Post Evacuate Collection Set: 1.4ms
[2026-03-26T15:53:33.253+0800][24.710s] GC(10)   Other: 0.1ms
[2026-03-26T15:53:33.253+0800][24.711s] GC(10) Eden regions: 277->0(300)
[2026-03-26T15:53:33.253+0800][24.711s] GC(10) Survivor regions: 30->7(39)
[2026-03-26T15:53:33.253+0800][24.711s] GC(10) Old regions: 25->46
[2026-03-26T15:53:33.253+0800][24.711s] GC(10) Humongous regions: 4->4
[2026-03-26T15:53:33.253+0800][24.711s] GC(10) Metaspace: 60197K(60992K)->60197K(60992K) NonClass: 52951K(53376K)->52951K(53376K) Class: 7245K(7616K)->7245K(7616K)
[2026-03-26T15:53:33.253+0800][24.711s] GC(10) Pause Young (Normal) (G1 Evacuation Pause) 335M->55M(512M) 16.977ms
[2026-03-26T15:53:33.253+0800][24.711s] GC(10) User=0.11s Sys=0.00s Real=0.02s
[2026-03-26T15:53:35.722+0800][27.180s] GC(11) Pause Young (Normal) (G1 Evacuation Pause)
[2026-03-26T15:53:35.722+0800][27.180s] GC(11) Using 13 workers of 13 for evacuation
[2026-03-26T15:53:35.724+0800][27.182s] GC(11)   Pre Evacuate Collection Set: 0.2ms
[2026-03-26T15:53:35.724+0800][27.183s] GC(11)   Merge Heap Roots: 0.1ms
[2026-03-26T15:53:35.724+0800][27.183s] GC(11)   Evacuate Collection Set: 1.7ms
[2026-03-26T15:53:35.724+0800][27.183s] GC(11)   Post Evacuate Collection Set: 0.5ms
[2026-03-26T15:53:35.724+0800][27.183s] GC(11)   Other: 0.1ms
[2026-03-26T15:53:35.724+0800][27.183s] GC(11) Eden regions: 300->0(303)
[2026-03-26T15:53:35.724+0800][27.183s] GC(11) Survivor regions: 7->4(39)
[2026-03-26T15:53:35.724+0800][27.183s] GC(11) Old regions: 46->46
[2026-03-26T15:53:35.725+0800][27.183s] GC(11) Humongous regions: 4->4
[2026-03-26T15:53:35.725+0800][27.183s] GC(11) Metaspace: 60206K(60992K)->60206K(60992K) NonClass: 52960K(53376K)->52960K(53376K) Class: 7245K(7616K)->7245K(7616K)
[2026-03-26T15:53:35.725+0800][27.183s] GC(11) Pause Young (Normal) (G1 Evacuation Pause) 355M->53M(512M) 3.017ms
[2026-03-26T15:53:35.725+0800][27.183s] GC(11) User=0.00s Sys=0.00s Real=0.00s
[2026-03-26T15:53:37.129+0800][28.587s] GC(12) Pause Young (Normal) (G1 Evacuation Pause)
[2026-03-26T15:53:37.129+0800][28.587s] GC(12) Using 13 workers of 13 for evacuation
[2026-03-26T15:53:37.138+0800][28.595s] GC(12)   Pre Evacuate Collection Set: 0.2ms
[2026-03-26T15:53:37.138+0800][28.596s] GC(12)   Merge Heap Roots: 0.1ms
[2026-03-26T15:53:37.138+0800][28.596s] GC(12)   Evacuate Collection Set: 6.7ms
[2026-03-26T15:53:37.138+0800][28.596s] GC(12)   Post Evacuate Collection Set: 1.0ms
[2026-03-26T15:53:37.138+0800][28.596s] GC(12)   Other: 0.2ms
[2026-03-26T15:53:37.138+0800][28.596s] GC(12) Eden regions: 303->0(293)
[2026-03-26T15:53:37.138+0800][28.596s] GC(12) Survivor regions: 4->14(39)
[2026-03-26T15:53:37.138+0800][28.596s] GC(12) Old regions: 46->46
[2026-03-26T15:53:37.138+0800][28.596s] GC(12) Humongous regions: 4->4
[2026-03-26T15:53:37.138+0800][28.596s] GC(12) Metaspace: 60208K(60992K)->60208K(60992K) NonClass: 52962K(53376K)->52962K(53376K) Class: 7245K(7616K)->7245K(7616K)
[2026-03-26T15:53:37.138+0800][28.596s] GC(12) Pause Young (Normal) (G1 Evacuation Pause) 356M->62M(512M) 8.662ms
[2026-03-26T15:53:37.138+0800][28.596s] GC(12) User=0.00s Sys=0.00s Real=0.01s
[2026-03-26T15:53:38.760+0800][30.218s] GC(13) Pause Young (Normal) (G1 Evacuation Pause)
[2026-03-26T15:53:38.761+0800][30.219s] GC(13) Using 13 workers of 13 for evacuation
[2026-03-26T15:53:38.784+0800][30.242s] GC(13)   Pre Evacuate Collection Set: 1.0ms
[2026-03-26T15:53:38.784+0800][30.242s] GC(13)   Merge Heap Roots: 0.5ms
[2026-03-26T15:53:38.784+0800][30.242s] GC(13)   Evacuate Collection Set: 19.5ms
[2026-03-26T15:53:38.784+0800][30.242s] GC(13)   Post Evacuate Collection Set: 2.2ms
[2026-03-26T15:53:38.784+0800][30.242s] GC(13)   Other: 0.5ms
[2026-03-26T15:53:38.784+0800][30.242s] GC(13) Eden regions: 293->0(292)
[2026-03-26T15:53:38.784+0800][30.242s] GC(13) Survivor regions: 14->15(39)
[2026-03-26T15:53:38.784+0800][30.242s] GC(13) Old regions: 46->46
[2026-03-26T15:53:38.784+0800][30.243s] GC(13) Humongous regions: 4->4
[2026-03-26T15:53:38.784+0800][30.243s] GC(13) Metaspace: 60209K(60992K)->60209K(60992K) NonClass: 52963K(53376K)->52963K(53376K) Class: 7245K(7616K)->7245K(7616K)
[2026-03-26T15:53:38.784+0800][30.243s] GC(13) Pause Young (Normal) (G1 Evacuation Pause) 355M->64M(512M) 24.695ms
[2026-03-26T15:53:38.784+0800][30.243s] GC(13) User=0.06s Sys=0.03s Real=0.02s
[2026-03-26T15:53:40.311+0800][31.769s] GC(14) Pause Young (Normal) (G1 Evacuation Pause)
[2026-03-26T15:53:40.311+0800][31.769s] GC(14) Using 13 workers of 13 for evacuation
[2026-03-26T15:53:40.317+0800][31.775s] GC(14)   Pre Evacuate Collection Set: 0.2ms
[2026-03-26T15:53:40.317+0800][31.775s] GC(14)   Merge Heap Roots: 0.1ms
[2026-03-26T15:53:40.317+0800][31.775s] GC(14)   Evacuate Collection Set: 5.0ms
[2026-03-26T15:53:40.317+0800][31.775s] GC(14)   Post Evacuate Collection Set: 0.7ms
[2026-03-26T15:53:40.317+0800][31.775s] GC(14)   Other: 0.1ms
[2026-03-26T15:53:40.317+0800][31.775s] GC(14) Eden regions: 292->0(298)
[2026-03-26T15:53:40.317+0800][31.775s] GC(14) Survivor regions: 15->9(39)
[2026-03-26T15:53:40.317+0800][31.775s] GC(14) Old regions: 46->46
[2026-03-26T15:53:40.317+0800][31.775s] GC(14) Humongous regions: 4->4
[2026-03-26T15:53:40.317+0800][31.775s] GC(14) Metaspace: 60209K(60992K)->60209K(60992K) NonClass: 52963K(53376K)->52963K(53376K) Class: 7245K(7616K)->7245K(7616K)
[2026-03-26T15:53:40.317+0800][31.775s] GC(14) Pause Young (Normal) (G1 Evacuation Pause) 356M->58M(512M) 6.452ms
[2026-03-26T15:53:40.318+0800][31.775s] GC(14) User=0.06s Sys=0.03s Real=0.01s
[2026-03-26T15:53:41.879+0800][33.337s] GC(15) Pause Young (Normal) (G1 Evacuation Pause)
[2026-03-26T15:53:41.879+0800][33.337s] GC(15) Using 13 workers of 13 for evacuation
[2026-03-26T15:53:41.887+0800][33.344s] GC(15)   Pre Evacuate Collection Set: 0.2ms
[2026-03-26T15:53:41.887+0800][33.344s] GC(15)   Merge Heap Roots: 0.1ms
[2026-03-26T15:53:41.887+0800][33.344s] GC(15)   Evacuate Collection Set: 6.0ms
[2026-03-26T15:53:41.887+0800][33.344s] GC(15)   Post Evacuate Collection Set: 0.6ms
[2026-03-26T15:53:41.887+0800][33.344s] GC(15)   Other: 0.1ms
[2026-03-26T15:53:41.887+0800][33.344s] GC(15) Eden regions: 298->0(293)
[2026-03-26T15:53:41.887+0800][33.344s] GC(15) Survivor regions: 9->14(39)
[2026-03-26T15:53:41.887+0800][33.344s] GC(15) Old regions: 46->46
[2026-03-26T15:53:41.887+0800][33.345s] GC(15) Humongous regions: 4->4
[2026-03-26T15:53:41.887+0800][33.345s] GC(15) Metaspace: 60209K(60992K)->60209K(60992K) NonClass: 52963K(53376K)->52963K(53376K) Class: 7245K(7616K)->7245K(7616K)
[2026-03-26T15:53:41.887+0800][33.345s] GC(15) Pause Young (Normal) (G1 Evacuation Pause) 356M->62M(512M) 7.484ms
[2026-03-26T15:53:41.887+0800][33.345s] GC(15) User=0.00s Sys=0.00s Real=0.01s
[2026-03-26T15:53:44.776+0800][36.234s] GC(16) Pause Young (Normal) (G1 Evacuation Pause)
[2026-03-26T15:53:44.776+0800][36.234s] GC(16) Using 13 workers of 13 for evacuation
[2026-03-26T15:53:44.785+0800][36.243s] GC(16)   Pre Evacuate Collection Set: 0.2ms
[2026-03-26T15:53:44.785+0800][36.243s] GC(16)   Merge Heap Roots: 0.1ms
[2026-03-26T15:53:44.785+0800][36.243s] GC(16)   Evacuate Collection Set: 7.7ms
[2026-03-26T15:53:44.785+0800][36.243s] GC(16)   Post Evacuate Collection Set: 0.7ms
[2026-03-26T15:53:44.785+0800][36.243s] GC(16)   Other: 0.1ms
[2026-03-26T15:53:44.785+0800][36.243s] GC(16) Eden regions: 293->0(292)
[2026-03-26T15:53:44.785+0800][36.243s] GC(16) Survivor regions: 14->15(39)
[2026-03-26T15:53:44.785+0800][36.243s] GC(16) Old regions: 46->46
[2026-03-26T15:53:44.785+0800][36.243s] GC(16) Humongous regions: 4->4
[2026-03-26T15:53:44.785+0800][36.243s] GC(16) Metaspace: 60209K(60992K)->60209K(60992K) NonClass: 52963K(53376K)->52963K(53376K) Class: 7245K(7616K)->7245K(7616K)
[2026-03-26T15:53:44.785+0800][36.243s] GC(16) Pause Young (Normal) (G1 Evacuation Pause) 355M->63M(512M) 9.095ms
[2026-03-26T15:53:44.785+0800][36.243s] GC(16) User=0.09s Sys=0.00s Real=0.01s
[2026-03-26T15:54:11.940+0800][63.399s] GC(17) Pause Young (Normal) (G1 Evacuation Pause)
[2026-03-26T15:54:11.940+0800][63.399s] GC(17) Using 13 workers of 13 for evacuation
[2026-03-26T15:54:11.945+0800][63.405s] GC(17)   Pre Evacuate Collection Set: 0.2ms
[2026-03-26T15:54:11.945+0800][63.405s] GC(17)   Merge Heap Roots: 0.1ms
[2026-03-26T15:54:11.945+0800][63.405s] GC(17)   Evacuate Collection Set: 4.6ms
[2026-03-26T15:54:11.945+0800][63.405s] GC(17)   Post Evacuate Collection Set: 0.5ms
[2026-03-26T15:54:11.945+0800][63.405s] GC(17)   Other: 0.1ms
[2026-03-26T15:54:11.945+0800][63.405s] GC(17) Eden regions: 292->0(292)
[2026-03-26T15:54:11.946+0800][63.405s] GC(17) Survivor regions: 15->15(39)
[2026-03-26T15:54:11.946+0800][63.405s] GC(17) Old regions: 46->46
[2026-03-26T15:54:11.946+0800][63.405s] GC(17) Humongous regions: 4->4
[2026-03-26T15:54:11.946+0800][63.405s] GC(17) Metaspace: 60292K(61120K)->60292K(61120K) NonClass: 53040K(53504K)->53040K(53504K) Class: 7251K(7616K)->7251K(7616K)
[2026-03-26T15:54:11.946+0800][63.405s] GC(17) Pause Young (Normal) (G1 Evacuation Pause) 355M->63M(512M) 5.909ms
[2026-03-26T15:54:11.946+0800][63.405s] GC(17) User=0.00s Sys=0.00s Real=0.01s
[2026-03-26T15:54:12.962+0800][64.422s] GC(18) Pause Young (Normal) (G1 Evacuation Pause)
[2026-03-26T15:54:12.962+0800][64.422s] GC(18) Using 13 workers of 13 for evacuation
[2026-03-26T15:54:12.968+0800][64.428s] GC(18)   Pre Evacuate Collection Set: 0.2ms
[2026-03-26T15:54:12.968+0800][64.428s] GC(18)   Merge Heap Roots: 0.1ms
[2026-03-26T15:54:12.968+0800][64.428s] GC(18)   Evacuate Collection Set: 5.5ms
[2026-03-26T15:54:12.968+0800][64.428s] GC(18)   Post Evacuate Collection Set: 0.6ms
[2026-03-26T15:54:12.968+0800][64.428s] GC(18)   Other: 0.1ms
[2026-03-26T15:54:12.968+0800][64.429s] GC(18) Eden regions: 292->0(292)
[2026-03-26T15:54:12.968+0800][64.429s] GC(18) Survivor regions: 15->15(39)
[2026-03-26T15:54:12.968+0800][64.429s] GC(18) Old regions: 46->46
[2026-03-26T15:54:12.968+0800][64.429s] GC(18) Humongous regions: 4->4
[2026-03-26T15:54:12.968+0800][64.429s] GC(18) Metaspace: 60292K(61120K)->60292K(61120K) NonClass: 53040K(53504K)->53040K(53504K) Class: 7251K(7616K)->7251K(7616K)
[2026-03-26T15:54:12.968+0800][64.429s] GC(18) Pause Young (Normal) (G1 Evacuation Pause) 355M->63M(512M) 6.909ms
[2026-03-26T15:54:12.969+0800][64.429s] GC(18) User=0.12s Sys=0.00s Real=0.01s
[2026-03-26T15:54:13.951+0800][65.410s] GC(19) Pause Young (Normal) (G1 Evacuation Pause)
[2026-03-26T15:54:13.951+0800][65.410s] GC(19) Using 13 workers of 13 for evacuation
[2026-03-26T15:54:13.957+0800][65.417s] GC(19)   Pre Evacuate Collection Set: 0.2ms
[2026-03-26T15:54:13.957+0800][65.417s] GC(19)   Merge Heap Roots: 0.1ms
[2026-03-26T15:54:13.957+0800][65.417s] GC(19)   Evacuate Collection Set: 5.6ms
[2026-03-26T15:54:13.958+0800][65.417s] GC(19)   Post Evacuate Collection Set: 0.6ms
[2026-03-26T15:54:13.958+0800][65.417s] GC(19)   Other: 0.1ms
[2026-03-26T15:54:13.958+0800][65.417s] GC(19) Eden regions: 292->0(295)
[2026-03-26T15:54:13.958+0800][65.417s] GC(19) Survivor regions: 15->12(39)
[2026-03-26T15:54:13.958+0800][65.417s] GC(19) Old regions: 46->46
[2026-03-26T15:54:13.958+0800][65.417s] GC(19) Humongous regions: 4->4
[2026-03-26T15:54:13.958+0800][65.417s] GC(19) Metaspace: 60292K(61120K)->60292K(61120K) NonClass: 53040K(53504K)->53040K(53504K) Class: 7251K(7616K)->7251K(7616K)
[2026-03-26T15:54:13.958+0800][65.417s] GC(19) Pause Young (Normal) (G1 Evacuation Pause) 355M->61M(512M) 6.993ms
[2026-03-26T15:54:13.958+0800][65.417s] GC(19) User=0.09s Sys=0.00s Real=0.01s
[2026-03-26T15:54:14.925+0800][66.384s] GC(20) Pause Young (Normal) (G1 Evacuation Pause)
[2026-03-26T15:54:14.925+0800][66.384s] GC(20) Using 13 workers of 13 for evacuation
[2026-03-26T15:54:14.931+0800][66.391s] GC(20)   Pre Evacuate Collection Set: 0.2ms
[2026-03-26T15:54:14.931+0800][66.391s] GC(20)   Merge Heap Roots: 0.1ms
[2026-03-26T15:54:14.931+0800][66.391s] GC(20)   Evacuate Collection Set: 5.5ms
[2026-03-26T15:54:14.931+0800][66.391s] GC(20)   Post Evacuate Collection Set: 0.6ms
[2026-03-26T15:54:14.931+0800][66.391s] GC(20)   Other: 0.1ms
[2026-03-26T15:54:14.931+0800][66.391s] GC(20) Eden regions: 295->0(292)
[2026-03-26T15:54:14.931+0800][66.391s] GC(20) Survivor regions: 12->15(39)
[2026-03-26T15:54:14.931+0800][66.391s] GC(20) Old regions: 46->46
[2026-03-26T15:54:14.931+0800][66.391s] GC(20) Humongous regions: 4->4
[2026-03-26T15:54:14.931+0800][66.391s] GC(20) Metaspace: 60292K(61120K)->60292K(61120K) NonClass: 53040K(53504K)->53040K(53504K) Class: 7251K(7616K)->7251K(7616K)
[2026-03-26T15:54:14.931+0800][66.391s] GC(20) Pause Young (Normal) (G1 Evacuation Pause) 356M->63M(512M) 6.871ms
[2026-03-26T15:54:14.931+0800][66.391s] GC(20) User=0.00s Sys=0.00s Real=0.01s
[2026-03-26T15:54:15.919+0800][67.379s] GC(21) Pause Young (Normal) (G1 Evacuation Pause)
[2026-03-26T15:54:15.919+0800][67.379s] GC(21) Using 13 workers of 13 for evacuation
[2026-03-26T15:54:15.926+0800][67.385s] GC(21)   Pre Evacuate Collection Set: 0.2ms
[2026-03-26T15:54:15.926+0800][67.385s] GC(21)   Merge Heap Roots: 0.1ms
[2026-03-26T15:54:15.926+0800][67.385s] GC(21)   Evacuate Collection Set: 5.5ms
[2026-03-26T15:54:15.926+0800][67.385s] GC(21)   Post Evacuate Collection Set: 0.6ms
[2026-03-26T15:54:15.926+0800][67.385s] GC(21)   Other: 0.1ms
[2026-03-26T15:54:15.926+0800][67.385s] GC(21) Eden regions: 292->0(292)
[2026-03-26T15:54:15.926+0800][67.385s] GC(21) Survivor regions: 15->15(39)
[2026-03-26T15:54:15.926+0800][67.385s] GC(21) Old regions: 46->46
[2026-03-26T15:54:15.926+0800][67.385s] GC(21) Humongous regions: 4->4
[2026-03-26T15:54:15.926+0800][67.385s] GC(21) Metaspace: 60292K(61120K)->60292K(61120K) NonClass: 53040K(53504K)->53040K(53504K) Class: 7251K(7616K)->7251K(7616K)
[2026-03-26T15:54:15.926+0800][67.385s] GC(21) Pause Young (Normal) (G1 Evacuation Pause) 355M->63M(512M) 6.841ms
[2026-03-26T15:54:15.926+0800][67.386s] GC(21) User=0.12s Sys=0.00s Real=0.01s
[2026-03-26T15:54:16.942+0800][68.402s] GC(22) Pause Young (Normal) (G1 Evacuation Pause)
[2026-03-26T15:54:16.942+0800][68.402s] GC(22) Using 13 workers of 13 for evacuation
[2026-03-26T15:54:16.950+0800][68.410s] GC(22)   Pre Evacuate Collection Set: 0.2ms
[2026-03-26T15:54:16.950+0800][68.410s] GC(22)   Merge Heap Roots: 0.1ms
[2026-03-26T15:54:16.950+0800][68.410s] GC(22)   Evacuate Collection Set: 7.1ms
[2026-03-26T15:54:16.950+0800][68.410s] GC(22)   Post Evacuate Collection Set: 0.8ms
[2026-03-26T15:54:16.950+0800][68.410s] GC(22)   Other: 0.1ms
[2026-03-26T15:54:16.950+0800][68.410s] GC(22) Eden regions: 292->0(292)
[2026-03-26T15:54:16.950+0800][68.410s] GC(22) Survivor regions: 15->15(39)
[2026-03-26T15:54:16.950+0800][68.410s] GC(22) Old regions: 46->46
[2026-03-26T15:54:16.950+0800][68.410s] GC(22) Humongous regions: 4->4
[2026-03-26T15:54:16.950+0800][68.410s] GC(22) Metaspace: 60292K(61120K)->60292K(61120K) NonClass: 53040K(53504K)->53040K(53504K) Class: 7251K(7616K)->7251K(7616K)
[2026-03-26T15:54:16.950+0800][68.410s] GC(22) Pause Young (Normal) (G1 Evacuation Pause) 355M->63M(512M) 8.653ms
[2026-03-26T15:54:16.950+0800][68.410s] GC(22) User=0.00s Sys=0.00s Real=0.01s
[2026-03-26T15:54:17.937+0800][69.397s] GC(23) Pause Young (Normal) (G1 Evacuation Pause)
[2026-03-26T15:54:17.937+0800][69.398s] GC(23) Using 13 workers of 13 for evacuation
[2026-03-26T15:54:17.944+0800][69.404s] GC(23)   Pre Evacuate Collection Set: 0.2ms
[2026-03-26T15:54:17.944+0800][69.404s] GC(23)   Merge Heap Roots: 0.1ms
[2026-03-26T15:54:17.944+0800][69.404s] GC(23)   Evacuate Collection Set: 5.7ms
[2026-03-26T15:54:17.944+0800][69.404s] GC(23)   Post Evacuate Collection Set: 0.6ms
[2026-03-26T15:54:17.944+0800][69.404s] GC(23)   Other: 0.1ms
[2026-03-26T15:54:17.944+0800][69.404s] GC(23) Eden regions: 292->0(292)
[2026-03-26T15:54:17.944+0800][69.404s] GC(23) Survivor regions: 15->15(39)
[2026-03-26T15:54:17.944+0800][69.404s] GC(23) Old regions: 46->46
[2026-03-26T15:54:17.944+0800][69.404s] GC(23) Humongous regions: 4->4
[2026-03-26T15:54:17.944+0800][69.404s] GC(23) Metaspace: 60292K(61120K)->60292K(61120K) NonClass: 53040K(53504K)->53040K(53504K) Class: 7251K(7616K)->7251K(7616K)
[2026-03-26T15:54:17.944+0800][69.404s] GC(23) Pause Young (Normal) (G1 Evacuation Pause) 355M->63M(512M) 6.979ms
[2026-03-26T15:54:17.944+0800][69.404s] GC(23) User=0.00s Sys=0.00s Real=0.01s
[2026-03-26T15:54:18.945+0800][70.405s] GC(24) Pause Young (Normal) (G1 Evacuation Pause)
[2026-03-26T15:54:18.945+0800][70.405s] GC(24) Using 13 workers of 13 for evacuation
[2026-03-26T15:54:18.951+0800][70.411s] GC(24)   Pre Evacuate Collection Set: 0.2ms
[2026-03-26T15:54:18.952+0800][70.411s] GC(24)   Merge Heap Roots: 0.1ms
[2026-03-26T15:54:18.952+0800][70.411s] GC(24)   Evacuate Collection Set: 5.5ms
[2026-03-26T15:54:18.952+0800][70.411s] GC(24)   Post Evacuate Collection Set: 0.5ms
[2026-03-26T15:54:18.952+0800][70.411s] GC(24)   Other: 0.1ms
[2026-03-26T15:54:18.952+0800][70.411s] GC(24) Eden regions: 292->0(293)
[2026-03-26T15:54:18.952+0800][70.411s] GC(24) Survivor regions: 15->14(39)
[2026-03-26T15:54:18.952+0800][70.411s] GC(24) Old regions: 46->47
[2026-03-26T15:54:18.952+0800][70.411s] GC(24) Humongous regions: 4->4
[2026-03-26T15:54:18.952+0800][70.411s] GC(24) Metaspace: 60292K(61120K)->60292K(61120K) NonClass: 53040K(53504K)->53040K(53504K) Class: 7251K(7616K)->7251K(7616K)
[2026-03-26T15:54:18.952+0800][70.411s] GC(24) Pause Young (Normal) (G1 Evacuation Pause) 355M->63M(512M) 6.888ms
[2026-03-26T15:54:18.952+0800][70.411s] GC(24) User=0.00s Sys=0.00s Real=0.01s
[2026-03-26T15:54:19.978+0800][71.438s] GC(25) Pause Young (Normal) (G1 Evacuation Pause)
[2026-03-26T15:54:19.978+0800][71.439s] GC(25) Using 13 workers of 13 for evacuation
[2026-03-26T15:54:19.985+0800][71.446s] GC(25)   Pre Evacuate Collection Set: 0.2ms
[2026-03-26T15:54:19.985+0800][71.446s] GC(25)   Merge Heap Roots: 0.1ms
[2026-03-26T15:54:19.986+0800][71.446s] GC(25)   Evacuate Collection Set: 5.7ms
[2026-03-26T15:54:19.986+0800][71.446s] GC(25)   Post Evacuate Collection Set: 0.7ms
[2026-03-26T15:54:19.986+0800][71.446s] GC(25)   Other: 0.1ms
[2026-03-26T15:54:19.986+0800][71.446s] GC(25) Eden regions: 293->0(294)
[2026-03-26T15:54:19.986+0800][71.446s] GC(25) Survivor regions: 14->13(39)
[2026-03-26T15:54:19.986+0800][71.446s] GC(25) Old regions: 47->47
[2026-03-26T15:54:19.986+0800][71.446s] GC(25) Humongous regions: 4->4
[2026-03-26T15:54:19.986+0800][71.446s] GC(25) Metaspace: 60292K(61120K)->60292K(61120K) NonClass: 53040K(53504K)->53040K(53504K) Class: 7251K(7616K)->7251K(7616K)
[2026-03-26T15:54:19.986+0800][71.446s] GC(25) Pause Young (Normal) (G1 Evacuation Pause) 356M->63M(512M) 7.302ms
[2026-03-26T15:54:19.986+0800][71.446s] GC(25) User=0.11s Sys=0.00s Real=0.01s
[2026-03-26T15:54:21.336+0800][72.802s] GC(26) Pause Young (Normal) (G1 Evacuation Pause)
[2026-03-26T15:54:21.336+0800][72.802s] GC(26) Using 13 workers of 13 for evacuation
[2026-03-26T15:54:21.346+0800][72.808s] GC(26)   Pre Evacuate Collection Set: 0.2ms
[2026-03-26T15:54:21.346+0800][72.808s] GC(26)   Merge Heap Roots: 0.1ms
[2026-03-26T15:54:21.346+0800][72.808s] GC(26)   Evacuate Collection Set: 5.6ms
[2026-03-26T15:54:21.346+0800][72.808s] GC(26)   Post Evacuate Collection Set: 0.5ms
[2026-03-26T15:54:21.346+0800][72.808s] GC(26)   Other: 0.1ms
[2026-03-26T15:54:21.346+0800][72.808s] GC(26) Eden regions: 294->0(294)
[2026-03-26T15:54:21.346+0800][72.808s] GC(26) Survivor regions: 13->13(39)
[2026-03-26T15:54:21.346+0800][72.808s] GC(26) Old regions: 47->47
[2026-03-26T15:54:21.346+0800][72.808s] GC(26) Humongous regions: 4->4
[2026-03-26T15:54:21.346+0800][72.808s] GC(26) Metaspace: 60298K(61120K)->60298K(61120K) NonClass: 53046K(53504K)->53046K(53504K) Class: 7251K(7616K)->7251K(7616K)
[2026-03-26T15:54:21.346+0800][72.808s] GC(26) Pause Young (Normal) (G1 Evacuation Pause) 357M->62M(512M) 6.787ms
[2026-03-26T15:54:21.346+0800][72.808s] GC(26) User=0.09s Sys=0.00s Real=0.01s
[2026-03-26T15:54:50.209+0800][101.671s] GC(27) Pause Young (Normal) (G1 Evacuation Pause)
[2026-03-26T15:54:50.209+0800][101.671s] GC(27) Using 13 workers of 13 for evacuation
[2026-03-26T15:54:50.216+0800][101.678s] GC(27)   Pre Evacuate Collection Set: 0.2ms
[2026-03-26T15:54:50.216+0800][101.678s] GC(27)   Merge Heap Roots: 0.1ms
[2026-03-26T15:54:50.216+0800][101.678s] GC(27)   Evacuate Collection Set: 6.0ms
[2026-03-26T15:54:50.216+0800][101.678s] GC(27)   Post Evacuate Collection Set: 0.6ms
[2026-03-26T15:54:50.216+0800][101.678s] GC(27)   Other: 0.1ms
[2026-03-26T15:54:50.216+0800][101.678s] GC(27) Eden regions: 294->0(297)
[2026-03-26T15:54:50.216+0800][101.679s] GC(27) Survivor regions: 13->10(39)
[2026-03-26T15:54:50.216+0800][101.679s] GC(27) Old regions: 47->47
[2026-03-26T15:54:50.216+0800][101.679s] GC(27) Humongous regions: 4->4
[2026-03-26T15:54:50.216+0800][101.679s] GC(27) Metaspace: 60496K(61312K)->60496K(61312K) NonClass: 53229K(53696K)->53229K(53696K) Class: 7266K(7616K)->7266K(7616K)
[2026-03-26T15:54:50.216+0800][101.679s] GC(27) Pause Young (Normal) (G1 Evacuation Pause) 356M->60M(512M) 7.396ms
[2026-03-26T15:54:50.216+0800][101.679s] GC(27) User=0.06s Sys=0.00s Real=0.01s
[2026-03-26T15:54:53.046+0800][104.513s] GC(28) Pause Young (Normal) (G1 Evacuation Pause)
[2026-03-26T15:54:53.046+0800][104.513s] GC(28) Using 13 workers of 13 for evacuation
[2026-03-26T15:54:53.058+0800][104.520s] GC(28)   Pre Evacuate Collection Set: 0.2ms
[2026-03-26T15:54:53.058+0800][104.520s] GC(28)   Merge Heap Roots: 0.1ms
[2026-03-26T15:54:53.058+0800][104.520s] GC(28)   Evacuate Collection Set: 5.8ms
[2026-03-26T15:54:53.058+0800][104.520s] GC(28)   Post Evacuate Collection Set: 0.6ms
[2026-03-26T15:54:53.058+0800][104.520s] GC(28)   Other: 0.1ms
[2026-03-26T15:54:53.058+0800][104.520s] GC(28) Eden regions: 297->0(294)
[2026-03-26T15:54:53.058+0800][104.520s] GC(28) Survivor regions: 10->13(39)
[2026-03-26T15:54:53.058+0800][104.520s] GC(28) Old regions: 47->47
[2026-03-26T15:54:53.058+0800][104.520s] GC(28) Humongous regions: 4->4
[2026-03-26T15:54:53.058+0800][104.520s] GC(28) Metaspace: 60496K(61312K)->60496K(61312K) NonClass: 53229K(53696K)->53229K(53696K) Class: 7266K(7616K)->7266K(7616K)
[2026-03-26T15:54:53.058+0800][104.520s] GC(28) Pause Young (Normal) (G1 Evacuation Pause) 357M->63M(512M) 7.130ms
[2026-03-26T15:54:53.058+0800][104.520s] GC(28) User=0.00s Sys=0.00s Real=0.01s
[2026-03-26T15:54:55.860+0800][107.323s] GC(29) Pause Young (Normal) (G1 Evacuation Pause)
[2026-03-26T15:54:55.860+0800][107.323s] GC(29) Using 13 workers of 13 for evacuation
[2026-03-26T15:54:55.868+0800][107.330s] GC(29)   Pre Evacuate Collection Set: 0.2ms
[2026-03-26T15:54:55.868+0800][107.330s] GC(29)   Merge Heap Roots: 0.1ms
[2026-03-26T15:54:55.868+0800][107.330s] GC(29)   Evacuate Collection Set: 6.0ms
[2026-03-26T15:54:55.868+0800][107.330s] GC(29)   Post Evacuate Collection Set: 0.5ms
[2026-03-26T15:54:55.868+0800][107.330s] GC(29)   Other: 0.1ms
[2026-03-26T15:54:55.868+0800][107.330s] GC(29) Eden regions: 294->0(294)
[2026-03-26T15:54:55.868+0800][107.330s] GC(29) Survivor regions: 13->13(39)
[2026-03-26T15:54:55.868+0800][107.330s] GC(29) Old regions: 47->47
[2026-03-26T15:54:55.868+0800][107.330s] GC(29) Humongous regions: 4->4
[2026-03-26T15:54:55.868+0800][107.330s] GC(29) Metaspace: 60496K(61312K)->60496K(61312K) NonClass: 53229K(53696K)->53229K(53696K) Class: 7266K(7616K)->7266K(7616K)
[2026-03-26T15:54:55.868+0800][107.330s] GC(29) Pause Young (Normal) (G1 Evacuation Pause) 357M->63M(512M) 7.351ms
[2026-03-26T15:54:55.868+0800][107.330s] GC(29) User=0.00s Sys=0.00s Real=0.01s
[2026-03-26T15:55:19.397+0800][130.863s] GC(30) Pause Young (Normal) (G1 Evacuation Pause)
[2026-03-26T15:55:19.397+0800][130.863s] GC(30) Using 13 workers of 13 for evacuation
[2026-03-26T15:55:19.405+0800][130.870s] GC(30)   Pre Evacuate Collection Set: 0.2ms
[2026-03-26T15:55:19.405+0800][130.870s] GC(30)   Merge Heap Roots: 0.1ms
[2026-03-26T15:55:19.405+0800][130.870s] GC(30)   Evacuate Collection Set: 5.8ms
[2026-03-26T15:55:19.405+0800][130.870s] GC(30)   Post Evacuate Collection Set: 0.5ms
[2026-03-26T15:55:19.405+0800][130.870s] GC(30)   Other: 0.1ms
[2026-03-26T15:55:19.405+0800][130.870s] GC(30) Eden regions: 294->0(294)
[2026-03-26T15:55:19.405+0800][130.870s] GC(30) Survivor regions: 13->13(39)
[2026-03-26T15:55:19.405+0800][130.870s] GC(30) Old regions: 47->47
[2026-03-26T15:55:19.405+0800][130.870s] GC(30) Humongous regions: 4->4
[2026-03-26T15:55:19.405+0800][130.870s] GC(30) Metaspace: 60513K(61312K)->60513K(61312K) NonClass: 53246K(53696K)->53246K(53696K) Class: 7266K(7616K)->7266K(7616K)
[2026-03-26T15:55:19.405+0800][130.870s] GC(30) Pause Young (Normal) (G1 Evacuation Pause) 357M->63M(512M) 7.095ms
[2026-03-26T15:55:19.405+0800][130.870s] GC(30) User=0.09s Sys=0.00s Real=0.01s
[2026-03-26T15:55:22.172+0800][133.639s] GC(31) Pause Young (Normal) (G1 Evacuation Pause)
[2026-03-26T15:55:22.172+0800][133.639s] GC(31) Using 13 workers of 13 for evacuation
[2026-03-26T15:55:22.181+0800][133.645s] GC(31)   Pre Evacuate Collection Set: 0.3ms
[2026-03-26T15:55:22.181+0800][133.645s] GC(31)   Merge Heap Roots: 0.1ms
[2026-03-26T15:55:22.181+0800][133.645s] GC(31)   Evacuate Collection Set: 5.1ms
[2026-03-26T15:55:22.181+0800][133.645s] GC(31)   Post Evacuate Collection Set: 0.6ms
[2026-03-26T15:55:22.181+0800][133.645s] GC(31)   Other: 0.1ms
[2026-03-26T15:55:22.181+0800][133.645s] GC(31) Eden regions: 294->0(294)
[2026-03-26T15:55:22.181+0800][133.645s] GC(31) Survivor regions: 13->13(39)
[2026-03-26T15:55:22.181+0800][133.646s] GC(31) Old regions: 47->47
[2026-03-26T15:55:22.181+0800][133.646s] GC(31) Humongous regions: 4->4
[2026-03-26T15:55:22.181+0800][133.646s] GC(31) Metaspace: 60513K(61312K)->60513K(61312K) NonClass: 53246K(53696K)->53246K(53696K) Class: 7266K(7616K)->7266K(7616K)
[2026-03-26T15:55:22.181+0800][133.646s] GC(31) Pause Young (Normal) (G1 Evacuation Pause) 357M->63M(512M) 6.629ms
[2026-03-26T15:55:22.181+0800][133.646s] GC(31) User=0.00s Sys=0.00s Real=0.01s
[2026-03-26T15:55:25.057+0800][136.522s] GC(32) Pause Young (Normal) (G1 Evacuation Pause)
[2026-03-26T15:55:25.057+0800][136.522s] GC(32) Using 13 workers of 13 for evacuation
[2026-03-26T15:55:25.069+0800][136.532s] GC(32)   Pre Evacuate Collection Set: 0.3ms
[2026-03-26T15:55:25.069+0800][136.533s] GC(32)   Merge Heap Roots: 0.1ms
[2026-03-26T15:55:25.069+0800][136.533s] GC(32)   Evacuate Collection Set: 9.4ms
[2026-03-26T15:55:25.069+0800][136.533s] GC(32)   Post Evacuate Collection Set: 1.0ms
[2026-03-26T15:55:25.069+0800][136.533s] GC(32)   Other: 0.1ms
[2026-03-26T15:55:25.069+0800][136.533s] GC(32) Eden regions: 294->0(297)
[2026-03-26T15:55:25.069+0800][136.533s] GC(32) Survivor regions: 13->10(39)
[2026-03-26T15:55:25.069+0800][136.533s] GC(32) Old regions: 47->50
[2026-03-26T15:55:25.069+0800][136.533s] GC(32) Humongous regions: 4->4
[2026-03-26T15:55:25.069+0800][136.533s] GC(32) Metaspace: 60513K(61312K)->60513K(61312K) NonClass: 53246K(53696K)->53246K(53696K) Class: 7266K(7616K)->7266K(7616K)
[2026-03-26T15:55:25.069+0800][136.533s] GC(32) Pause Young (Normal) (G1 Evacuation Pause) 357M->63M(512M) 11.268ms
[2026-03-26T15:55:25.069+0800][136.533s] GC(32) User=0.00s Sys=0.00s Real=0.01s
[2026-03-26T15:55:27.943+0800][139.409s] GC(33) Pause Young (Normal) (G1 Evacuation Pause)
[2026-03-26T15:55:27.943+0800][139.409s] GC(33) Using 13 workers of 13 for evacuation
[2026-03-26T15:55:27.952+0800][139.417s] GC(33)   Pre Evacuate Collection Set: 0.2ms
[2026-03-26T15:55:27.952+0800][139.417s] GC(33)   Merge Heap Roots: 0.1ms
[2026-03-26T15:55:27.952+0800][139.417s] GC(33)   Evacuate Collection Set: 6.3ms
[2026-03-26T15:55:27.952+0800][139.417s] GC(33)   Post Evacuate Collection Set: 0.6ms
[2026-03-26T15:55:27.952+0800][139.417s] GC(33)   Other: 0.1ms
[2026-03-26T15:55:27.952+0800][139.417s] GC(33) Eden regions: 297->0(297)
[2026-03-26T15:55:27.952+0800][139.417s] GC(33) Survivor regions: 10->10(39)
[2026-03-26T15:55:27.952+0800][139.417s] GC(33) Old regions: 50->51
[2026-03-26T15:55:27.952+0800][139.417s] GC(33) Humongous regions: 4->4
[2026-03-26T15:55:27.952+0800][139.417s] GC(33) Metaspace: 60513K(61312K)->60513K(61312K) NonClass: 53246K(53696K)->53246K(53696K) Class: 7266K(7616K)->7266K(7616K)
[2026-03-26T15:55:27.952+0800][139.417s] GC(33) Pause Young (Normal) (G1 Evacuation Pause) 360M->63M(512M) 7.686ms
[2026-03-26T15:55:27.952+0800][139.417s] GC(33) User=0.06s Sys=0.00s Real=0.01s
[2026-03-26T16:05:24.583+0800][736.076s] GC(34) Pause Young (Concurrent Start) (Metadata GC Threshold)
[2026-03-26T16:05:24.583+0800][736.076s] GC(34) Using 13 workers of 13 for evacuation
[2026-03-26T16:05:24.588+0800][736.081s] GC(34)   Pre Evacuate Collection Set: 0.3ms
[2026-03-26T16:05:24.588+0800][736.081s] GC(34)   Merge Heap Roots: 0.1ms
[2026-03-26T16:05:24.588+0800][736.081s] GC(34)   Evacuate Collection Set: 3.3ms
[2026-03-26T16:05:24.588+0800][736.081s] GC(34)   Post Evacuate Collection Set: 0.8ms
[2026-03-26T16:05:24.588+0800][736.081s] GC(34)   Other: 0.2ms
[2026-03-26T16:05:24.588+0800][736.081s] GC(34) Eden regions: 55->0(298)
[2026-03-26T16:05:24.588+0800][736.081s] GC(34) Survivor regions: 10->9(39)
[2026-03-26T16:05:24.588+0800][736.081s] GC(34) Old regions: 51->51
[2026-03-26T16:05:24.588+0800][736.081s] GC(34) Humongous regions: 4->4
[2026-03-26T16:05:24.588+0800][736.081s] GC(34) Metaspace: 60651K(61440K)->60651K(61440K) NonClass: 53368K(53824K)->53368K(53824K) Class: 7282K(7616K)->7282K(7616K)
[2026-03-26T16:05:24.588+0800][736.081s] GC(34) Pause Young (Concurrent Start) (Metadata GC Threshold) 117M->63M(512M) 5.142ms
[2026-03-26T16:05:24.588+0800][736.081s] GC(34) User=0.00s Sys=0.00s Real=0.01s
[2026-03-26T16:05:24.588+0800][736.081s] GC(35) Concurrent Mark Cycle
[2026-03-26T16:05:24.588+0800][736.081s] GC(35) Concurrent Scan Root Regions
[2026-03-26T16:05:24.592+0800][736.086s] GC(35) Concurrent Scan Root Regions 4.161ms
[2026-03-26T16:05:24.592+0800][736.086s] GC(35) Concurrent Mark
[2026-03-26T16:05:24.592+0800][736.086s] GC(35) Concurrent Mark From Roots
[2026-03-26T16:05:24.592+0800][736.086s] GC(35) Using 3 workers of 3 for marking
[2026-03-26T16:05:24.631+0800][736.124s] GC(35) Concurrent Mark From Roots 38.345ms
[2026-03-26T16:05:24.631+0800][736.124s] GC(35) Concurrent Preclean
[2026-03-26T16:05:24.632+0800][736.125s] GC(35) Concurrent Preclean 1.136ms
[2026-03-26T16:05:24.632+0800][736.125s] GC(35) Pause Remark
[2026-03-26T16:05:24.651+0800][736.144s] GC(35) Pause Remark 68M->68M(512M) 18.655ms
[2026-03-26T16:05:24.651+0800][736.144s] GC(35) User=0.06s Sys=0.02s Real=0.02s
[2026-03-26T16:05:24.651+0800][736.144s] GC(35) Concurrent Mark 58.638ms
[2026-03-26T16:05:24.651+0800][736.144s] GC(35) Concurrent Rebuild Remembered Sets and Scrub Regions
[2026-03-26T16:05:24.666+0800][736.159s] GC(35) Concurrent Rebuild Remembered Sets and Scrub Regions 14.732ms
[2026-03-26T16:05:24.666+0800][736.159s] GC(35) Pause Cleanup
[2026-03-26T16:05:24.667+0800][736.160s] GC(35) Pause Cleanup 69M->69M(512M) 0.249ms
[2026-03-26T16:05:24.667+0800][736.160s] GC(35) User=0.00s Sys=0.00s Real=0.00s
[2026-03-26T16:05:24.667+0800][736.160s] GC(35) Concurrent Clear Claimed Marks
[2026-03-26T16:05:24.667+0800][736.160s] GC(35) Concurrent Clear Claimed Marks 0.107ms
[2026-03-26T16:05:24.667+0800][736.160s] GC(35) Concurrent Cleanup for Next Mark
[2026-03-26T16:05:24.668+0800][736.161s] GC(35) Concurrent Cleanup for Next Mark 0.855ms
[2026-03-26T16:05:24.668+0800][736.161s] GC(35) Concurrent Mark Cycle 79.406ms
[2026-03-26T16:05:24.765+0800][736.258s] Heap
[2026-03-26T16:05:24.765+0800][736.258s]  garbage-first heap   total 524288K, used 87301K [0x00000000e0000000, 0x0000000100000000)
[2026-03-26T16:05:24.765+0800][736.258s]   region size 1024K, 31 young (31744K), 9 survivors (9216K)
[2026-03-26T16:05:24.765+0800][736.258s]  Metaspace       used 60473K, committed 61696K, reserved 1114112K
[2026-03-26T16:05:24.765+0800][736.258s]   class space    used 7206K, committed 7744K, reserved 1048576K
