[2026-04-03T00:23:43.153+0800][0.019s] CardTable entry size: 512
[2026-04-03T00:23:43.153+0800][0.019s] Using G1
[2026-04-03T00:23:43.233+0800][0.098s] Version: 21.0.7+8-LTS-245 (release)
[2026-04-03T00:23:43.233+0800][0.098s] CPUs: 16 total, 16 available
[2026-04-03T00:23:43.233+0800][0.098s] Memory: 64170M
[2026-04-03T00:23:43.233+0800][0.098s] Large Page Support: Disabled
[2026-04-03T00:23:43.233+0800][0.098s] NUMA Support: Disabled
[2026-04-03T00:23:43.233+0800][0.098s] Compressed Oops: Enabled (32-bit)
[2026-04-03T00:23:43.233+0800][0.098s] Heap Region Size: 1M
[2026-04-03T00:23:43.233+0800][0.098s] Heap Min Capacity: 512M
[2026-04-03T00:23:43.233+0800][0.098s] Heap Initial Capacity: 512M
[2026-04-03T00:23:43.233+0800][0.098s] Heap Max Capacity: 512M
[2026-04-03T00:23:43.233+0800][0.099s] Pre-touch: Enabled
[2026-04-03T00:23:43.233+0800][0.099s] Parallel Workers: 13
[2026-04-03T00:23:43.233+0800][0.099s] Concurrent Workers: 3
[2026-04-03T00:23:43.233+0800][0.099s] Concurrent Refinement Workers: 13
[2026-04-03T00:23:43.233+0800][0.099s] Periodic GC: Disabled
[2026-04-03T00:23:43.240+0800][0.105s] CDS archive(s) mapped at: [0x00000168c7000000-0x00000168c7c90000-0x00000168c7c90000), size 13172736, SharedBaseAddress: 0x00000168c7000000, ArchiveRelocationMode: 1.
[2026-04-03T00:23:43.240+0800][0.105s] Compressed class space mapped at: 0x00000168c8000000-0x0000016908000000, reserved size: 1073741824
[2026-04-03T00:23:43.240+0800][0.105s] Narrow klass base: 0x00000168c7000000, Narrow klass shift: 0, Narrow klass range: 0x100000000
[2026-04-03T00:23:44.259+0800][1.132s] GC(0) Pause Young (Normal) (G1 Evacuation Pause)
[2026-04-03T00:23:44.259+0800][1.132s] GC(0) Using 12 workers of 13 for evacuation
[2026-04-03T00:23:44.269+0800][1.136s] GC(0)   Pre Evacuate Collection Set: 0.2ms
[2026-04-03T00:23:44.269+0800][1.136s] GC(0)   Merge Heap Roots: 0.1ms
[2026-04-03T00:23:44.269+0800][1.136s] GC(0)   Evacuate Collection Set: 2.8ms
[2026-04-03T00:23:44.269+0800][1.136s] GC(0)   Post Evacuate Collection Set: 0.5ms
[2026-04-03T00:23:44.269+0800][1.136s] GC(0)   Other: 0.5ms
[2026-04-03T00:23:44.269+0800][1.136s] GC(0) Eden regions: 29->0(43)
[2026-04-03T00:23:44.269+0800][1.136s] GC(0) Survivor regions: 0->4(4)
[2026-04-03T00:23:44.269+0800][1.136s] GC(0) Old regions: 0->0
[2026-04-03T00:23:44.269+0800][1.136s] GC(0) Humongous regions: 0->0
[2026-04-03T00:23:44.269+0800][1.136s] GC(0) Metaspace: 7286K(7488K)->7286K(7488K) NonClass: 6477K(6592K)->6477K(6592K) Class: 808K(896K)->808K(896K)
[2026-04-03T00:23:44.269+0800][1.136s] GC(0) Pause Young (Normal) (G1 Evacuation Pause) 29M->3M(512M) 4.364ms
[2026-04-03T00:23:44.269+0800][1.136s] GC(0) User=0.00s Sys=0.00s Real=0.01s
[2026-04-03T00:23:49.877+0800][6.744s] GC(1) Pause Young (Normal) (G1 Evacuation Pause)
[2026-04-03T00:23:49.877+0800][6.744s] GC(1) Using 13 workers of 13 for evacuation
[2026-04-03T00:23:49.885+0800][6.753s] GC(1)   Pre Evacuate Collection Set: 0.2ms
[2026-04-03T00:23:49.885+0800][6.753s] GC(1)   Merge Heap Roots: 0.1ms
[2026-04-03T00:23:49.885+0800][6.753s] GC(1)   Evacuate Collection Set: 8.5ms
[2026-04-03T00:23:49.885+0800][6.753s] GC(1)   Post Evacuate Collection Set: 0.7ms
[2026-04-03T00:23:49.885+0800][6.753s] GC(1)   Other: 0.3ms
[2026-04-03T00:23:49.885+0800][6.753s] GC(1) Eden regions: 43->0(132)
[2026-04-03T00:23:49.885+0800][6.754s] GC(1) Survivor regions: 4->6(6)
[2026-04-03T00:23:49.885+0800][6.754s] GC(1) Old regions: 0->9
[2026-04-03T00:23:49.885+0800][6.754s] GC(1) Humongous regions: 4->4
[2026-04-03T00:23:49.885+0800][6.754s] GC(1) Metaspace: 17834K(18240K)->17834K(18240K) NonClass: 15830K(16064K)->15830K(16064K) Class: 2004K(2176K)->2004K(2176K)
[2026-04-03T00:23:49.885+0800][6.754s] GC(1) Pause Young (Normal) (G1 Evacuation Pause) 50M->18M(512M) 10.075ms
[2026-04-03T00:23:49.885+0800][6.754s] GC(1) User=0.05s Sys=0.00s Real=0.01s
[2026-04-03T00:23:50.383+0800][7.253s] GC(2) Pause Young (Normal) (G1 Evacuation Pause)
[2026-04-03T00:23:50.383+0800][7.253s] GC(2) Using 13 workers of 13 for evacuation
[2026-04-03T00:23:50.393+0800][7.259s] GC(2)   Pre Evacuate Collection Set: 0.2ms
[2026-04-03T00:23:50.393+0800][7.259s] GC(2)   Merge Heap Roots: 0.1ms
[2026-04-03T00:23:50.393+0800][7.259s] GC(2)   Evacuate Collection Set: 4.2ms
[2026-04-03T00:23:50.393+0800][7.259s] GC(2)   Post Evacuate Collection Set: 0.5ms
[2026-04-03T00:23:50.393+0800][7.259s] GC(2)   Other: 0.3ms
[2026-04-03T00:23:50.393+0800][7.259s] GC(2) Eden regions: 132->0(296)
[2026-04-03T00:23:50.393+0800][7.259s] GC(2) Survivor regions: 6->11(18)
[2026-04-03T00:23:50.393+0800][7.259s] GC(2) Old regions: 9->9
[2026-04-03T00:23:50.393+0800][7.259s] GC(2) Humongous regions: 4->4
[2026-04-03T00:23:50.393+0800][7.259s] GC(2) Metaspace: 18111K(18624K)->18111K(18624K) NonClass: 16101K(16384K)->16101K(16384K) Class: 2010K(2240K)->2010K(2240K)
[2026-04-03T00:23:50.393+0800][7.259s] GC(2) Pause Young (Normal) (G1 Evacuation Pause) 150M->22M(512M) 5.591ms
[2026-04-03T00:23:50.393+0800][7.259s] GC(2) User=0.02s Sys=0.00s Real=0.01s
[2026-04-03T00:23:50.737+0800][7.602s] GC(3) Pause Young (Concurrent Start) (Metadata GC Threshold)
[2026-04-03T00:23:50.737+0800][7.602s] GC(3) Using 13 workers of 13 for evacuation
[2026-04-03T00:23:50.745+0800][7.611s] GC(3)   Pre Evacuate Collection Set: 0.3ms
[2026-04-03T00:23:50.745+0800][7.611s] GC(3)   Merge Heap Roots: 0.1ms
[2026-04-03T00:23:50.745+0800][7.611s] GC(3)   Evacuate Collection Set: 7.1ms
[2026-04-03T00:23:50.745+0800][7.611s] GC(3)   Post Evacuate Collection Set: 1.0ms
[2026-04-03T00:23:50.745+0800][7.611s] GC(3)   Other: 0.2ms
[2026-04-03T00:23:50.745+0800][7.611s] GC(3) Eden regions: 39->0(295)
[2026-04-03T00:23:50.745+0800][7.611s] GC(3) Survivor regions: 11->12(39)
[2026-04-03T00:23:50.745+0800][7.611s] GC(3) Old regions: 9->9
[2026-04-03T00:23:50.745+0800][7.611s] GC(3) Humongous regions: 4->4
[2026-04-03T00:23:50.745+0800][7.611s] GC(3) Metaspace: 21093K(21504K)->21093K(21504K) NonClass: 18734K(18944K)->18734K(18944K) Class: 2358K(2560K)->2358K(2560K)
[2026-04-03T00:23:50.745+0800][7.611s] GC(3) Pause Young (Concurrent Start) (Metadata GC Threshold) 61M->23M(512M) 9.151ms
[2026-04-03T00:23:50.745+0800][7.611s] GC(3) User=0.00s Sys=0.00s Real=0.01s
[2026-04-03T00:23:50.745+0800][7.611s] GC(4) Concurrent Mark Cycle
[2026-04-03T00:23:50.745+0800][7.611s] GC(4) Concurrent Scan Root Regions
[2026-04-03T00:23:50.749+0800][7.615s] GC(4) Concurrent Scan Root Regions 4.276ms
[2026-04-03T00:23:50.749+0800][7.615s] GC(4) Concurrent Mark
[2026-04-03T00:23:50.749+0800][7.615s] GC(4) Concurrent Mark From Roots
[2026-04-03T00:23:50.749+0800][7.615s] GC(4) Using 3 workers of 3 for marking
[2026-04-03T00:23:50.759+0800][7.624s] GC(4) Concurrent Mark From Roots 8.634ms
[2026-04-03T00:23:50.759+0800][7.624s] GC(4) Concurrent Preclean
[2026-04-03T00:23:50.759+0800][7.624s] GC(4) Concurrent Preclean 0.102ms
[2026-04-03T00:23:50.759+0800][7.624s] GC(4) Pause Remark
[2026-04-03T00:23:50.763+0800][7.629s] GC(4) Pause Remark 24M->24M(512M) 4.281ms
[2026-04-03T00:23:50.763+0800][7.629s] GC(4) User=0.03s Sys=0.02s Real=0.00s
[2026-04-03T00:23:50.763+0800][7.629s] GC(4) Concurrent Mark 13.540ms
[2026-04-03T00:23:50.763+0800][7.629s] GC(4) Concurrent Rebuild Remembered Sets and Scrub Regions
[2026-04-03T00:23:50.767+0800][7.632s] GC(4) Concurrent Rebuild Remembered Sets and Scrub Regions 3.467ms
[2026-04-03T00:23:50.767+0800][7.633s] GC(4) Pause Cleanup
[2026-04-03T00:23:50.767+0800][7.633s] GC(4) Pause Cleanup 24M->24M(512M) 0.200ms
[2026-04-03T00:23:50.767+0800][7.633s] GC(4) User=0.00s Sys=0.00s Real=0.00s
[2026-04-03T00:23:50.767+0800][7.633s] GC(4) Concurrent Clear Claimed Marks
[2026-04-03T00:23:50.767+0800][7.633s] GC(4) Concurrent Clear Claimed Marks 0.070ms
[2026-04-03T00:23:50.767+0800][7.633s] GC(4) Concurrent Cleanup for Next Mark
[2026-04-03T00:23:50.767+0800][7.633s] GC(4) Concurrent Cleanup for Next Mark 0.300ms
[2026-04-03T00:23:50.767+0800][7.633s] GC(4) Concurrent Mark Cycle 22.316ms
[2026-04-03T00:23:52.290+0800][9.156s] GC(5) Pause Young (Prepare Mixed) (Metadata GC Threshold)
[2026-04-03T00:23:52.290+0800][9.156s] GC(5) Using 13 workers of 13 for evacuation
[2026-04-03T00:23:52.298+0800][9.164s] GC(5)   Pre Evacuate Collection Set: 0.2ms
[2026-04-03T00:23:52.298+0800][9.164s] GC(5)   Merge Heap Roots: 0.1ms
[2026-04-03T00:23:52.298+0800][9.164s] GC(5)   Evacuate Collection Set: 6.8ms
[2026-04-03T00:23:52.298+0800][9.164s] GC(5)   Post Evacuate Collection Set: 0.7ms
[2026-04-03T00:23:52.298+0800][9.164s] GC(5)   Other: 0.1ms
[2026-04-03T00:23:52.298+0800][9.164s] GC(5) Eden regions: 108->0(289)
[2026-04-03T00:23:52.298+0800][9.164s] GC(5) Survivor regions: 12->18(39)
[2026-04-03T00:23:52.298+0800][9.164s] GC(5) Old regions: 9->9
[2026-04-03T00:23:52.298+0800][9.164s] GC(5) Humongous regions: 4->4
[2026-04-03T00:23:52.298+0800][9.164s] GC(5) Metaspace: 35633K(36096K)->35633K(36096K) NonClass: 31566K(31808K)->31566K(31808K) Class: 4067K(4288K)->4067K(4288K)
[2026-04-03T00:23:52.298+0800][9.164s] GC(5) Pause Young (Prepare Mixed) (Metadata GC Threshold) 131M->29M(512M) 8.119ms
[2026-04-03T00:23:52.298+0800][9.164s] GC(5) User=0.08s Sys=0.03s Real=0.01s
[2026-04-03T00:23:52.357+0800][9.223s] GC(6) Pause Young (Mixed) (Metadata GC Threshold)
[2026-04-03T00:23:52.357+0800][9.223s] GC(6) Using 13 workers of 13 for evacuation
[2026-04-03T00:23:52.364+0800][9.230s] GC(6)   Pre Evacuate Collection Set: 0.2ms
[2026-04-03T00:23:52.364+0800][9.230s] GC(6)   Merge Heap Roots: 0.1ms
[2026-04-03T00:23:52.364+0800][9.230s] GC(6)   Evacuate Collection Set: 6.0ms
[2026-04-03T00:23:52.364+0800][9.230s] GC(6)   Post Evacuate Collection Set: 0.9ms
[2026-04-03T00:23:52.364+0800][9.230s] GC(6)   Other: 0.1ms
[2026-04-03T00:23:52.365+0800][9.230s] GC(6) Eden regions: 8->0(289)
[2026-04-03T00:23:52.365+0800][9.230s] GC(6) Survivor regions: 18->18(39)
[2026-04-03T00:23:52.365+0800][9.230s] GC(6) Old regions: 9->8
[2026-04-03T00:23:52.365+0800][9.230s] GC(6) Humongous regions: 4->4
[2026-04-03T00:23:52.365+0800][9.230s] GC(6) Metaspace: 35983K(36416K)->35983K(36416K) NonClass: 31872K(32128K)->31872K(32128K) Class: 4111K(4288K)->4111K(4288K)
[2026-04-03T00:23:52.365+0800][9.230s] GC(6) Pause Young (Mixed) (Metadata GC Threshold) 37M->29M(512M) 7.657ms
[2026-04-03T00:23:52.365+0800][9.230s] GC(6) User=0.00s Sys=0.00s Real=0.01s
[2026-04-03T00:23:52.410+0800][9.277s] GC(7) Pause Young (Concurrent Start) (Metadata GC Threshold)
[2026-04-03T00:23:52.410+0800][9.277s] GC(7) Using 13 workers of 13 for evacuation
[2026-04-03T00:23:52.416+0800][9.283s] GC(7)   Pre Evacuate Collection Set: 0.2ms
[2026-04-03T00:23:52.416+0800][9.283s] GC(7)   Merge Heap Roots: 0.1ms
[2026-04-03T00:23:52.416+0800][9.283s] GC(7)   Evacuate Collection Set: 4.6ms
[2026-04-03T00:23:52.416+0800][9.283s] GC(7)   Post Evacuate Collection Set: 0.5ms
[2026-04-03T00:23:52.416+0800][9.283s] GC(7)   Other: 0.1ms
[2026-04-03T00:23:52.416+0800][9.283s] GC(7) Eden regions: 3->0(288)
[2026-04-03T00:23:52.416+0800][9.283s] GC(7) Survivor regions: 18->19(39)
[2026-04-03T00:23:52.416+0800][9.283s] GC(7) Old regions: 8->8
[2026-04-03T00:23:52.416+0800][9.283s] GC(7) Humongous regions: 4->4
[2026-04-03T00:23:52.416+0800][9.283s] GC(7) Metaspace: 36300K(36736K)->36300K(36736K) NonClass: 32141K(32384K)->32141K(32384K) Class: 4159K(4352K)->4159K(4352K)
[2026-04-03T00:23:52.416+0800][9.283s] GC(7) Pause Young (Concurrent Start) (Metadata GC Threshold) 32M->30M(512M) 5.698ms
[2026-04-03T00:23:52.416+0800][9.283s] GC(8) Concurrent Mark Cycle
[2026-04-03T00:23:52.416+0800][9.283s] GC(7) User=0.00s Sys=0.00s Real=0.01s
[2026-04-03T00:23:52.416+0800][9.283s] GC(8) Concurrent Scan Root Regions
[2026-04-03T00:23:52.418+0800][9.286s] GC(8) Concurrent Scan Root Regions 2.964ms
[2026-04-03T00:23:52.418+0800][9.286s] GC(8) Concurrent Mark
[2026-04-03T00:23:52.418+0800][9.286s] GC(8) Concurrent Mark From Roots
[2026-04-03T00:23:52.418+0800][9.286s] GC(8) Using 3 workers of 3 for marking
[2026-04-03T00:23:52.418+0800][9.291s] GC(8) Concurrent Mark From Roots 4.767ms
[2026-04-03T00:23:52.418+0800][9.291s] GC(8) Concurrent Preclean
[2026-04-03T00:23:52.418+0800][9.291s] GC(8) Concurrent Preclean 0.039ms
[2026-04-03T00:23:52.418+0800][9.291s] GC(8) Pause Remark
[2026-04-03T00:23:52.426+0800][9.294s] GC(8) Pause Remark 31M->31M(512M) 3.317ms
[2026-04-03T00:23:52.426+0800][9.294s] GC(8) User=0.00s Sys=0.00s Real=0.01s
[2026-04-03T00:23:52.426+0800][9.294s] GC(8) Concurrent Mark 8.387ms
[2026-04-03T00:23:52.426+0800][9.294s] GC(8) Concurrent Rebuild Remembered Sets and Scrub Regions
[2026-04-03T00:23:52.426+0800][9.297s] GC(8) Concurrent Rebuild Remembered Sets and Scrub Regions 2.883ms
[2026-04-03T00:23:52.426+0800][9.297s] GC(8) Pause Cleanup
[2026-04-03T00:23:52.426+0800][9.297s] GC(8) Pause Cleanup 31M->31M(512M) 0.146ms
[2026-04-03T00:23:52.426+0800][9.298s] GC(8) User=0.00s Sys=0.00s Real=0.00s
[2026-04-03T00:23:52.426+0800][9.298s] GC(8) Concurrent Clear Claimed Marks
[2026-04-03T00:23:52.426+0800][9.298s] GC(8) Concurrent Clear Claimed Marks 0.070ms
[2026-04-03T00:23:52.426+0800][9.298s] GC(8) Concurrent Cleanup for Next Mark
[2026-04-03T00:23:52.433+0800][9.298s] GC(8) Concurrent Cleanup for Next Mark 0.366ms
[2026-04-03T00:23:52.433+0800][9.298s] GC(8) Concurrent Mark Cycle 15.209ms
[2026-04-03T00:24:07.972+0800][24.840s] GC(9) Pause Young (Normal) (G1 Evacuation Pause)
[2026-04-03T00:24:07.972+0800][24.840s] GC(9) Using 13 workers of 13 for evacuation
[2026-04-03T00:24:07.989+0800][24.857s] GC(9)   Pre Evacuate Collection Set: 0.2ms
[2026-04-03T00:24:07.989+0800][24.857s] GC(9)   Merge Heap Roots: 0.2ms
[2026-04-03T00:24:07.989+0800][24.857s] GC(9)   Evacuate Collection Set: 14.6ms
[2026-04-03T00:24:07.989+0800][24.857s] GC(9)   Post Evacuate Collection Set: 1.3ms
[2026-04-03T00:24:07.989+0800][24.857s] GC(9)   Other: 0.1ms
[2026-04-03T00:24:07.989+0800][24.857s] GC(9) Eden regions: 288->0(268)
[2026-04-03T00:24:07.989+0800][24.857s] GC(9) Survivor regions: 19->39(39)
[2026-04-03T00:24:07.989+0800][24.857s] GC(9) Old regions: 8->8
[2026-04-03T00:24:07.989+0800][24.857s] GC(9) Humongous regions: 4->4
[2026-04-03T00:24:07.989+0800][24.857s] GC(9) Metaspace: 59116K(59904K)->59116K(59904K) NonClass: 51884K(52352K)->51884K(52352K) Class: 7232K(7552K)->7232K(7552K)
[2026-04-03T00:24:07.989+0800][24.857s] GC(9) Pause Young (Normal) (G1 Evacuation Pause) 318M->50M(512M) 16.726ms
[2026-04-03T00:24:07.989+0800][24.857s] GC(9) User=0.09s Sys=0.05s Real=0.02s
[2026-04-03T00:41:54.295+0800][1091.136s] Heap
[2026-04-03T00:41:54.295+0800][1091.136s]  garbage-first heap   total 524288K, used 82946K [0x00000000e0000000, 0x0000000100000000)
[2026-04-03T00:41:54.295+0800][1091.136s]   region size 1024K, 70 young (71680K), 39 survivors (39936K)
[2026-04-03T00:41:54.295+0800][1091.136s]  Metaspace       used 60391K, committed 61248K, reserved 1114112K
[2026-04-03T00:41:54.295+0800][1091.136s]   class space    used 7395K, committed 7744K, reserved 1048576K
