[2026-03-27T20:12:25.810+0800][0.019s] CardTable entry size: 512
[2026-03-27T20:12:25.810+0800][0.020s] Using G1
[2026-03-27T20:12:25.884+0800][0.091s] Version: 21.0.7+8-LTS-245 (release)
[2026-03-27T20:12:25.884+0800][0.091s] CPUs: 16 total, 16 available
[2026-03-27T20:12:25.884+0800][0.091s] Memory: 64170M
[2026-03-27T20:12:25.884+0800][0.091s] Large Page Support: Disabled
[2026-03-27T20:12:25.884+0800][0.091s] NUMA Support: Disabled
[2026-03-27T20:12:25.884+0800][0.091s] Compressed Oops: Enabled (32-bit)
[2026-03-27T20:12:25.884+0800][0.091s] Heap Region Size: 1M
[2026-03-27T20:12:25.884+0800][0.091s] Heap Min Capacity: 512M
[2026-03-27T20:12:25.884+0800][0.091s] Heap Initial Capacity: 512M
[2026-03-27T20:12:25.884+0800][0.091s] Heap Max Capacity: 512M
[2026-03-27T20:12:25.884+0800][0.091s] Pre-touch: Enabled
[2026-03-27T20:12:25.884+0800][0.091s] Parallel Workers: 13
[2026-03-27T20:12:25.884+0800][0.091s] Concurrent Workers: 3
[2026-03-27T20:12:25.884+0800][0.091s] Concurrent Refinement Workers: 13
[2026-03-27T20:12:25.884+0800][0.091s] Periodic GC: Disabled
[2026-03-27T20:12:25.890+0800][0.100s] CDS archive(s) mapped at: [0x000001f2a2000000-0x000001f2a2c90000-0x000001f2a2c90000), size 13172736, SharedBaseAddress: 0x000001f2a2000000, ArchiveRelocationMode: 1.
[2026-03-27T20:12:25.890+0800][0.100s] Compressed class space mapped at: 0x000001f2a3000000-0x000001f2e3000000, reserved size: 1073741824
[2026-03-27T20:12:25.890+0800][0.100s] Narrow klass base: 0x000001f2a2000000, Narrow klass shift: 0, Narrow klass range: 0x100000000
[2026-03-27T20:12:30.589+0800][4.797s] GC(0) Pause Young (Normal) (G1 Evacuation Pause)
[2026-03-27T20:12:30.591+0800][4.799s] GC(0) Using 12 workers of 13 for evacuation
[2026-03-27T20:12:30.596+0800][4.804s] GC(0)   Pre Evacuate Collection Set: 0.2ms
[2026-03-27T20:12:30.596+0800][4.804s] GC(0)   Merge Heap Roots: 0.1ms
[2026-03-27T20:12:30.596+0800][4.804s] GC(0)   Evacuate Collection Set: 2.6ms
[2026-03-27T20:12:30.596+0800][4.804s] GC(0)   Post Evacuate Collection Set: 1.0ms
[2026-03-27T20:12:30.596+0800][4.804s] GC(0)   Other: 1.3ms
[2026-03-27T20:12:30.596+0800][4.804s] GC(0) Eden regions: 29->0(43)
[2026-03-27T20:12:30.596+0800][4.804s] GC(0) Survivor regions: 0->4(4)
[2026-03-27T20:12:30.596+0800][4.804s] GC(0) Old regions: 0->0
[2026-03-27T20:12:30.596+0800][4.804s] GC(0) Humongous regions: 0->0
[2026-03-27T20:12:30.596+0800][4.804s] GC(0) Metaspace: 6425K(6656K)->6425K(6656K) NonClass: 5737K(5888K)->5737K(5888K) Class: 687K(768K)->687K(768K)
[2026-03-27T20:12:30.596+0800][4.804s] GC(0) Pause Young (Normal) (G1 Evacuation Pause) 29M->3M(512M) 7.397ms
[2026-03-27T20:12:30.596+0800][4.804s] GC(0) User=0.00s Sys=0.00s Real=0.01s
[2026-03-27T20:12:36.569+0800][10.778s] GC(1) Pause Young (Normal) (G1 Evacuation Pause)
[2026-03-27T20:12:36.569+0800][10.778s] GC(1) Using 13 workers of 13 for evacuation
[2026-03-27T20:12:36.578+0800][10.787s] GC(1)   Pre Evacuate Collection Set: 0.2ms
[2026-03-27T20:12:36.580+0800][10.787s] GC(1)   Merge Heap Roots: 0.1ms
[2026-03-27T20:12:36.580+0800][10.787s] GC(1)   Evacuate Collection Set: 8.5ms
[2026-03-27T20:12:36.580+0800][10.787s] GC(1)   Post Evacuate Collection Set: 0.7ms
[2026-03-27T20:12:36.580+0800][10.787s] GC(1)   Other: 0.2ms
[2026-03-27T20:12:36.580+0800][10.787s] GC(1) Eden regions: 43->0(301)
[2026-03-27T20:12:36.580+0800][10.787s] GC(1) Survivor regions: 4->6(6)
[2026-03-27T20:12:36.580+0800][10.787s] GC(1) Old regions: 0->8
[2026-03-27T20:12:36.580+0800][10.787s] GC(1) Humongous regions: 4->4
[2026-03-27T20:12:36.580+0800][10.787s] GC(1) Metaspace: 17376K(17792K)->17376K(17792K) NonClass: 15438K(15680K)->15438K(15680K) Class: 1938K(2112K)->1938K(2112K)
[2026-03-27T20:12:36.580+0800][10.788s] GC(1) Pause Young (Normal) (G1 Evacuation Pause) 50M->17M(512M) 9.933ms
[2026-03-27T20:12:36.580+0800][10.788s] GC(1) User=0.00s Sys=0.00s Real=0.01s
[2026-03-27T20:12:37.770+0800][11.978s] GC(2) Pause Young (Concurrent Start) (Metadata GC Threshold)
[2026-03-27T20:12:37.770+0800][11.978s] GC(2) Using 13 workers of 13 for evacuation
[2026-03-27T20:12:37.775+0800][11.983s] GC(2)   Pre Evacuate Collection Set: 0.2ms
[2026-03-27T20:12:37.775+0800][11.983s] GC(2)   Merge Heap Roots: 0.1ms
[2026-03-27T20:12:37.775+0800][11.983s] GC(2)   Evacuate Collection Set: 3.9ms
[2026-03-27T20:12:37.775+0800][11.983s] GC(2)   Post Evacuate Collection Set: 0.7ms
[2026-03-27T20:12:37.775+0800][11.983s] GC(2)   Other: 0.2ms
[2026-03-27T20:12:37.775+0800][11.983s] GC(2) Eden regions: 173->0(294)
[2026-03-27T20:12:37.775+0800][11.983s] GC(2) Survivor regions: 6->13(39)
[2026-03-27T20:12:37.775+0800][11.983s] GC(2) Old regions: 8->8
[2026-03-27T20:12:37.775+0800][11.983s] GC(2) Humongous regions: 4->4
[2026-03-27T20:12:37.775+0800][11.983s] GC(2) Metaspace: 21098K(21504K)->21098K(21504K) NonClass: 18740K(18944K)->18740K(18944K) Class: 2358K(2560K)->2358K(2560K)
[2026-03-27T20:12:37.775+0800][11.983s] GC(2) Pause Young (Concurrent Start) (Metadata GC Threshold) 190M->23M(512M) 5.545ms
[2026-03-27T20:12:37.775+0800][11.983s] GC(2) User=0.11s Sys=0.00s Real=0.01s
[2026-03-27T20:12:37.775+0800][11.983s] GC(3) Concurrent Mark Cycle
[2026-03-27T20:12:37.775+0800][11.983s] GC(3) Concurrent Scan Root Regions
[2026-03-27T20:12:37.777+0800][11.986s] GC(3) Concurrent Scan Root Regions 2.752ms
[2026-03-27T20:12:37.777+0800][11.986s] GC(3) Concurrent Mark
[2026-03-27T20:12:37.777+0800][11.986s] GC(3) Concurrent Mark From Roots
[2026-03-27T20:12:37.777+0800][11.986s] GC(3) Using 3 workers of 3 for marking
[2026-03-27T20:12:37.784+0800][11.992s] GC(3) Concurrent Mark From Roots 5.545ms
[2026-03-27T20:12:37.784+0800][11.992s] GC(3) Concurrent Preclean
[2026-03-27T20:12:37.784+0800][11.992s] GC(3) Concurrent Preclean 0.060ms
[2026-03-27T20:12:37.784+0800][11.992s] GC(3) Pause Remark
[2026-03-27T20:12:37.784+0800][11.995s] GC(3) Pause Remark 24M->24M(512M) 3.063ms
[2026-03-27T20:12:37.784+0800][11.995s] GC(3) User=0.02s Sys=0.00s Real=0.00s
[2026-03-27T20:12:37.784+0800][11.995s] GC(3) Concurrent Mark 9.037ms
[2026-03-27T20:12:37.784+0800][11.995s] GC(3) Concurrent Rebuild Remembered Sets and Scrub Regions
[2026-03-27T20:12:37.790+0800][11.998s] GC(3) Concurrent Rebuild Remembered Sets and Scrub Regions 2.621ms
[2026-03-27T20:12:37.790+0800][11.998s] GC(3) Pause Cleanup
[2026-03-27T20:12:37.790+0800][11.998s] GC(3) Pause Cleanup 25M->25M(512M) 0.144ms
[2026-03-27T20:12:37.790+0800][11.998s] GC(3) User=0.00s Sys=0.00s Real=0.00s
[2026-03-27T20:12:37.790+0800][11.998s] GC(3) Concurrent Clear Claimed Marks
[2026-03-27T20:12:37.790+0800][11.998s] GC(3) Concurrent Clear Claimed Marks 0.054ms
[2026-03-27T20:12:37.790+0800][11.998s] GC(3) Concurrent Cleanup for Next Mark
[2026-03-27T20:12:37.790+0800][11.999s] GC(3) Concurrent Cleanup for Next Mark 0.322ms
[2026-03-27T20:12:37.791+0800][11.999s] GC(3) Concurrent Mark Cycle 15.373ms
[2026-03-27T20:12:39.924+0800][14.132s] GC(4) Pause Young (Concurrent Start) (Metadata GC Threshold)
[2026-03-27T20:12:39.924+0800][14.132s] GC(4) Using 13 workers of 13 for evacuation
[2026-03-27T20:12:39.933+0800][14.140s] GC(4)   Pre Evacuate Collection Set: 0.3ms
[2026-03-27T20:12:39.933+0800][14.140s] GC(4)   Merge Heap Roots: 0.1ms
[2026-03-27T20:12:39.933+0800][14.140s] GC(4)   Evacuate Collection Set: 6.7ms
[2026-03-27T20:12:39.933+0800][14.140s] GC(4)   Post Evacuate Collection Set: 0.7ms
[2026-03-27T20:12:39.933+0800][14.140s] GC(4)   Other: 0.1ms
[2026-03-27T20:12:39.933+0800][14.140s] GC(4) Eden regions: 109->0(289)
[2026-03-27T20:12:39.933+0800][14.140s] GC(4) Survivor regions: 13->18(38)
[2026-03-27T20:12:39.933+0800][14.140s] GC(4) Old regions: 8->8
[2026-03-27T20:12:39.933+0800][14.140s] GC(4) Humongous regions: 4->4
[2026-03-27T20:12:39.933+0800][14.141s] GC(4) Metaspace: 35636K(36096K)->35636K(36096K) NonClass: 31567K(31808K)->31567K(31808K) Class: 4069K(4288K)->4069K(4288K)
[2026-03-27T20:12:39.933+0800][14.141s] GC(4) Pause Young (Concurrent Start) (Metadata GC Threshold) 132M->29M(512M) 8.390ms
[2026-03-27T20:12:39.933+0800][14.141s] GC(4) User=0.14s Sys=0.00s Real=0.01s
[2026-03-27T20:12:39.933+0800][14.141s] GC(5) Concurrent Mark Cycle
[2026-03-27T20:12:39.933+0800][14.141s] GC(5) Concurrent Scan Root Regions
[2026-03-27T20:12:39.936+0800][14.144s] GC(5) Concurrent Scan Root Regions 3.543ms
[2026-03-27T20:12:39.936+0800][14.144s] GC(5) Concurrent Mark
[2026-03-27T20:12:39.936+0800][14.144s] GC(5) Concurrent Mark From Roots
[2026-03-27T20:12:39.936+0800][14.144s] GC(5) Using 3 workers of 3 for marking
[2026-03-27T20:12:39.941+0800][14.149s] GC(5) Concurrent Mark From Roots 4.411ms
[2026-03-27T20:12:39.941+0800][14.149s] GC(5) Concurrent Preclean
[2026-03-27T20:12:39.941+0800][14.149s] GC(5) Concurrent Preclean 0.044ms
[2026-03-27T20:12:39.941+0800][14.149s] GC(5) Pause Remark
[2026-03-27T20:12:39.945+0800][14.153s] GC(5) Pause Remark 30M->30M(512M) 3.902ms
[2026-03-27T20:12:39.945+0800][14.153s] GC(5) User=0.08s Sys=0.03s Real=0.00s
[2026-03-27T20:12:39.945+0800][14.153s] GC(5) Concurrent Mark 8.694ms
[2026-03-27T20:12:39.945+0800][14.153s] GC(5) Concurrent Rebuild Remembered Sets and Scrub Regions
[2026-03-27T20:12:39.947+0800][14.156s] GC(5) Concurrent Rebuild Remembered Sets and Scrub Regions 2.700ms
[2026-03-27T20:12:39.947+0800][14.156s] GC(5) Pause Cleanup
[2026-03-27T20:12:39.947+0800][14.156s] GC(5) Pause Cleanup 30M->30M(512M) 0.150ms
[2026-03-27T20:12:39.947+0800][14.156s] GC(5) User=0.00s Sys=0.00s Real=0.00s
[2026-03-27T20:12:39.947+0800][14.156s] GC(5) Concurrent Clear Claimed Marks
[2026-03-27T20:12:39.947+0800][14.156s] GC(5) Concurrent Clear Claimed Marks 0.048ms
[2026-03-27T20:12:39.947+0800][14.156s] GC(5) Concurrent Cleanup for Next Mark
[2026-03-27T20:12:39.947+0800][14.156s] GC(5) Concurrent Cleanup for Next Mark 0.264ms
[2026-03-27T20:12:39.947+0800][14.157s] GC(5) Concurrent Mark Cycle 15.900ms
[2026-03-27T20:12:45.597+0800][19.805s] GC(6) Pause Young (Normal) (G1 Evacuation Pause)
[2026-03-27T20:12:45.597+0800][19.805s] GC(6) Using 13 workers of 13 for evacuation
[2026-03-27T20:12:45.624+0800][19.833s] GC(6)   Pre Evacuate Collection Set: 0.5ms
[2026-03-27T20:12:45.624+0800][19.833s] GC(6)   Merge Heap Roots: 0.2ms
[2026-03-27T20:12:45.624+0800][19.833s] GC(6)   Evacuate Collection Set: 24.1ms
[2026-03-27T20:12:45.624+0800][19.833s] GC(6)   Post Evacuate Collection Set: 2.6ms
[2026-03-27T20:12:45.625+0800][19.833s] GC(6)   Other: 0.3ms
[2026-03-27T20:12:45.625+0800][19.833s] GC(6) Eden regions: 289->0(269)
[2026-03-27T20:12:45.625+0800][19.833s] GC(6) Survivor regions: 18->38(39)
[2026-03-27T20:12:45.625+0800][19.833s] GC(6) Old regions: 8->8
[2026-03-27T20:12:45.625+0800][19.833s] GC(6) Humongous regions: 4->4
[2026-03-27T20:12:45.625+0800][19.833s] GC(6) Metaspace: 56373K(57088K)->56373K(57088K) NonClass: 49550K(49920K)->49550K(49920K) Class: 6823K(7168K)->6823K(7168K)
[2026-03-27T20:12:45.625+0800][19.833s] GC(6) Pause Young (Normal) (G1 Evacuation Pause) 318M->49M(512M) 28.218ms
[2026-03-27T20:12:45.625+0800][19.833s] GC(6) User=0.19s Sys=0.06s Real=0.03s
[2026-03-27T20:15:23.937+0800][178.146s] GC(7) Pause Young (Concurrent Start) (Metadata GC Threshold)
[2026-03-27T20:15:23.938+0800][178.146s] GC(7) Using 13 workers of 13 for evacuation
[2026-03-27T20:15:23.952+0800][178.160s] GC(7)   Pre Evacuate Collection Set: 0.2ms
[2026-03-27T20:15:23.953+0800][178.160s] GC(7)   Merge Heap Roots: 0.1ms
[2026-03-27T20:15:23.953+0800][178.160s] GC(7)   Evacuate Collection Set: 12.8ms
[2026-03-27T20:15:23.953+0800][178.160s] GC(7)   Post Evacuate Collection Set: 1.5ms
[2026-03-27T20:15:23.953+0800][178.161s] GC(7)   Other: 0.1ms
[2026-03-27T20:15:23.953+0800][178.161s] GC(7) Eden regions: 47->0(283)
[2026-03-27T20:15:23.953+0800][178.161s] GC(7) Survivor regions: 38->24(39)
[2026-03-27T20:15:23.953+0800][178.161s] GC(7) Old regions: 8->25
[2026-03-27T20:15:23.953+0800][178.161s] GC(7) Humongous regions: 4->4
[2026-03-27T20:15:23.953+0800][178.161s] GC(7) Metaspace: 59521K(60288K)->59521K(60288K) NonClass: 52261K(52672K)->52261K(52672K) Class: 7260K(7616K)->7260K(7616K)
[2026-03-27T20:15:23.953+0800][178.161s] GC(7) Pause Young (Concurrent Start) (Metadata GC Threshold) 96M->51M(512M) 15.043ms
[2026-03-27T20:15:23.953+0800][178.161s] GC(7) User=0.14s Sys=0.00s Real=0.02s
[2026-03-27T20:15:23.953+0800][178.161s] GC(8) Concurrent Mark Cycle
[2026-03-27T20:15:23.953+0800][178.161s] GC(8) Concurrent Scan Root Regions
[2026-03-27T20:15:23.965+0800][178.172s] GC(8) Concurrent Scan Root Regions 11.344ms
[2026-03-27T20:15:23.965+0800][178.172s] GC(8) Concurrent Mark
[2026-03-27T20:15:23.965+0800][178.172s] GC(8) Concurrent Mark From Roots
[2026-03-27T20:15:23.965+0800][178.172s] GC(8) Using 3 workers of 3 for marking
[2026-03-27T20:15:23.971+0800][178.178s] GC(8) Concurrent Mark From Roots 6.232ms
[2026-03-27T20:15:23.971+0800][178.179s] GC(8) Concurrent Preclean
[2026-03-27T20:15:23.971+0800][178.179s] GC(8) Concurrent Preclean 0.076ms
[2026-03-27T20:15:23.971+0800][178.179s] GC(8) Pause Remark
[2026-03-27T20:15:23.978+0800][178.186s] GC(8) Pause Remark 52M->52M(512M) 7.343ms
[2026-03-27T20:15:23.978+0800][178.186s] GC(8) User=0.03s Sys=0.02s Real=0.01s
[2026-03-27T20:15:23.979+0800][178.187s] GC(8) Concurrent Mark 14.415ms
[2026-03-27T20:15:23.979+0800][178.187s] GC(8) Concurrent Rebuild Remembered Sets and Scrub Regions
[2026-03-27T20:15:23.987+0800][178.194s] GC(8) Concurrent Rebuild Remembered Sets and Scrub Regions 7.665ms
[2026-03-27T20:15:23.987+0800][178.195s] GC(8) Pause Cleanup
[2026-03-27T20:15:23.987+0800][178.195s] GC(8) Pause Cleanup 52M->52M(512M) 0.245ms
[2026-03-27T20:15:23.987+0800][178.195s] GC(8) User=0.00s Sys=0.00s Real=0.00s
[2026-03-27T20:15:23.988+0800][178.195s] GC(8) Concurrent Clear Claimed Marks
[2026-03-27T20:15:23.988+0800][178.195s] GC(8) Concurrent Clear Claimed Marks 0.129ms
[2026-03-27T20:15:23.988+0800][178.195s] GC(8) Concurrent Cleanup for Next Mark
[2026-03-27T20:15:23.988+0800][178.196s] GC(8) Concurrent Cleanup for Next Mark 0.460ms
[2026-03-27T20:15:23.988+0800][178.196s] GC(8) Concurrent Mark Cycle 34.982ms
[2026-03-27T20:25:07.099+0800][761.307s] GC(9) Pause Young (Prepare Mixed) (G1 Evacuation Pause)
[2026-03-27T20:25:07.099+0800][761.307s] GC(9) Using 13 workers of 13 for evacuation
[2026-03-27T20:25:07.114+0800][761.321s] GC(9)   Pre Evacuate Collection Set: 0.3ms
[2026-03-27T20:25:07.114+0800][761.321s] GC(9)   Merge Heap Roots: 0.1ms
[2026-03-27T20:25:07.114+0800][761.321s] GC(9)   Evacuate Collection Set: 12.3ms
[2026-03-27T20:25:07.114+0800][761.321s] GC(9)   Post Evacuate Collection Set: 1.0ms
[2026-03-27T20:25:07.114+0800][761.321s] GC(9)   Other: 0.1ms
[2026-03-27T20:25:07.114+0800][761.321s] GC(9) Eden regions: 283->0(295)
[2026-03-27T20:25:07.114+0800][761.321s] GC(9) Survivor regions: 24->12(39)
[2026-03-27T20:25:07.114+0800][761.321s] GC(9) Old regions: 25->45
[2026-03-27T20:25:07.114+0800][761.321s] GC(9) Humongous regions: 4->4
[2026-03-27T20:25:07.114+0800][761.321s] GC(9) Metaspace: 61056K(61888K)->61056K(61888K) NonClass: 53696K(54144K)->53696K(54144K) Class: 7360K(7744K)->7360K(7744K)
[2026-03-27T20:25:07.114+0800][761.321s] GC(9) Pause Young (Prepare Mixed) (G1 Evacuation Pause) 334M->61M(512M) 14.221ms
[2026-03-27T20:25:07.114+0800][761.321s] GC(9) User=0.03s Sys=0.02s Real=0.02s
[2026-03-27T20:25:44.663+0800][798.871s] GC(10) Pause Young (Mixed) (G1 Evacuation Pause)
[2026-03-27T20:25:44.663+0800][798.871s] GC(10) Using 13 workers of 13 for evacuation
[2026-03-27T20:25:44.671+0800][798.878s] GC(10)   Pre Evacuate Collection Set: 0.2ms
[2026-03-27T20:25:44.671+0800][798.878s] GC(10)   Merge Heap Roots: 0.1ms
[2026-03-27T20:25:44.671+0800][798.878s] GC(10)   Evacuate Collection Set: 5.4ms
[2026-03-27T20:25:44.671+0800][798.878s] GC(10)   Post Evacuate Collection Set: 1.2ms
[2026-03-27T20:25:44.671+0800][798.878s] GC(10)   Other: 0.1ms
[2026-03-27T20:25:44.671+0800][798.878s] GC(10) Eden regions: 295->0(297)
[2026-03-27T20:25:44.671+0800][798.878s] GC(10) Survivor regions: 12->10(39)
[2026-03-27T20:25:44.671+0800][798.878s] GC(10) Old regions: 45->47
[2026-03-27T20:25:44.671+0800][798.878s] GC(10) Humongous regions: 4->4
[2026-03-27T20:25:44.671+0800][798.878s] GC(10) Metaspace: 61130K(61952K)->61130K(61952K) NonClass: 53769K(54208K)->53769K(54208K) Class: 7360K(7744K)->7360K(7744K)
[2026-03-27T20:25:44.671+0800][798.878s] GC(10) Pause Young (Mixed) (G1 Evacuation Pause) 356M->60M(512M) 7.354ms
[2026-03-27T20:25:44.671+0800][798.878s] GC(10) User=0.00s Sys=0.00s Real=0.01s
[2026-03-27T21:25:27.438+0800][4381.649s] GC(11) Pause Young (Normal) (G1 Evacuation Pause)
[2026-03-27T21:25:27.438+0800][4381.649s] GC(11) Using 13 workers of 13 for evacuation
[2026-03-27T21:25:27.453+0800][4381.661s] GC(11)   Pre Evacuate Collection Set: 0.3ms
[2026-03-27T21:25:27.453+0800][4381.661s] GC(11)   Merge Heap Roots: 0.1ms
[2026-03-27T21:25:27.453+0800][4381.661s] GC(11)   Evacuate Collection Set: 9.4ms
[2026-03-27T21:25:27.453+0800][4381.661s] GC(11)   Post Evacuate Collection Set: 1.2ms
[2026-03-27T21:25:27.453+0800][4381.661s] GC(11)   Other: 0.2ms
[2026-03-27T21:25:27.453+0800][4381.661s] GC(11) Eden regions: 297->0(296)
[2026-03-27T21:25:27.453+0800][4381.661s] GC(11) Survivor regions: 10->11(39)
[2026-03-27T21:25:27.453+0800][4381.661s] GC(11) Old regions: 47->47
[2026-03-27T21:25:27.453+0800][4381.661s] GC(11) Humongous regions: 4->4
[2026-03-27T21:25:27.453+0800][4381.661s] GC(11) Metaspace: 61623K(62464K)->61623K(62464K) NonClass: 54231K(54720K)->54231K(54720K) Class: 7391K(7744K)->7391K(7744K)
[2026-03-27T21:25:27.453+0800][4381.661s] GC(11) Pause Young (Normal) (G1 Evacuation Pause) 357M->60M(512M) 11.862ms
[2026-03-27T21:25:27.453+0800][4381.661s] GC(11) User=0.08s Sys=0.00s Real=0.02s
[2026-03-27T21:25:36.101+0800][4390.314s] GC(12) Pause Young (Normal) (G1 Evacuation Pause)
[2026-03-27T21:25:36.101+0800][4390.314s] GC(12) Using 13 workers of 13 for evacuation
[2026-03-27T21:25:36.110+0800][4390.319s] GC(12)   Pre Evacuate Collection Set: 0.2ms
[2026-03-27T21:25:36.110+0800][4390.319s] GC(12)   Merge Heap Roots: 0.2ms
[2026-03-27T21:25:36.110+0800][4390.319s] GC(12)   Evacuate Collection Set: 3.7ms
[2026-03-27T21:25:36.110+0800][4390.319s] GC(12)   Post Evacuate Collection Set: 0.6ms
[2026-03-27T21:25:36.110+0800][4390.319s] GC(12)   Other: 0.1ms
[2026-03-27T21:25:36.110+0800][4390.319s] GC(12) Eden regions: 296->0(297)
[2026-03-27T21:25:36.110+0800][4390.319s] GC(12) Survivor regions: 11->10(39)
[2026-03-27T21:25:36.110+0800][4390.319s] GC(12) Old regions: 47->47
[2026-03-27T21:25:36.110+0800][4390.319s] GC(12) Humongous regions: 4->4
[2026-03-27T21:25:36.110+0800][4390.319s] GC(12) Metaspace: 61644K(62464K)->61644K(62464K) NonClass: 54253K(54720K)->54253K(54720K) Class: 7391K(7744K)->7391K(7744K)
[2026-03-27T21:25:36.110+0800][4390.319s] GC(12) Pause Young (Normal) (G1 Evacuation Pause) 356M->60M(512M) 5.079ms
[2026-03-27T21:25:36.110+0800][4390.319s] GC(12) User=0.00s Sys=0.00s Real=0.01s
[2026-03-27T21:25:38.136+0800][4392.345s] GC(13) Pause Young (Normal) (G1 Evacuation Pause)
[2026-03-27T21:25:38.136+0800][4392.345s] GC(13) Using 13 workers of 13 for evacuation
[2026-03-27T21:25:38.144+0800][4392.352s] GC(13)   Pre Evacuate Collection Set: 0.2ms
[2026-03-27T21:25:38.144+0800][4392.352s] GC(13)   Merge Heap Roots: 0.1ms
[2026-03-27T21:25:38.144+0800][4392.352s] GC(13)   Evacuate Collection Set: 5.8ms
[2026-03-27T21:25:38.144+0800][4392.352s] GC(13)   Post Evacuate Collection Set: 0.6ms
[2026-03-27T21:25:38.144+0800][4392.352s] GC(13)   Other: 0.1ms
[2026-03-27T21:25:38.144+0800][4392.352s] GC(13) Eden regions: 297->0(297)
[2026-03-27T21:25:38.144+0800][4392.352s] GC(13) Survivor regions: 10->10(39)
[2026-03-27T21:25:38.144+0800][4392.352s] GC(13) Old regions: 47->47
[2026-03-27T21:25:38.144+0800][4392.352s] GC(13) Humongous regions: 4->4
[2026-03-27T21:25:38.144+0800][4392.352s] GC(13) Metaspace: 61662K(62464K)->61662K(62464K) NonClass: 54271K(54720K)->54271K(54720K) Class: 7391K(7744K)->7391K(7744K)
[2026-03-27T21:25:38.144+0800][4392.352s] GC(13) Pause Young (Normal) (G1 Evacuation Pause) 357M->60M(512M) 7.172ms
[2026-03-27T21:25:38.144+0800][4392.352s] GC(13) User=0.00s Sys=0.00s Real=0.01s
[2026-03-27T21:25:47.637+0800][4401.845s] GC(14) Pause Young (Normal) (G1 Evacuation Pause)
[2026-03-27T21:25:47.637+0800][4401.845s] GC(14) Using 13 workers of 13 for evacuation
[2026-03-27T21:25:47.644+0800][4401.852s] GC(14)   Pre Evacuate Collection Set: 0.2ms
[2026-03-27T21:25:47.644+0800][4401.852s] GC(14)   Merge Heap Roots: 0.1ms
[2026-03-27T21:25:47.644+0800][4401.852s] GC(14)   Evacuate Collection Set: 5.7ms
[2026-03-27T21:25:47.644+0800][4401.852s] GC(14)   Post Evacuate Collection Set: 0.6ms
[2026-03-27T21:25:47.644+0800][4401.852s] GC(14)   Other: 0.1ms
[2026-03-27T21:25:47.644+0800][4401.852s] GC(14) Eden regions: 297->0(297)
[2026-03-27T21:25:47.644+0800][4401.852s] GC(14) Survivor regions: 10->10(39)
[2026-03-27T21:25:47.644+0800][4401.852s] GC(14) Old regions: 47->47
[2026-03-27T21:25:47.644+0800][4401.852s] GC(14) Humongous regions: 4->4
[2026-03-27T21:25:47.644+0800][4401.852s] GC(14) Metaspace: 61687K(62528K)->61687K(62528K) NonClass: 54295K(54784K)->54295K(54784K) Class: 7391K(7744K)->7391K(7744K)
[2026-03-27T21:25:47.644+0800][4401.852s] GC(14) Pause Young (Normal) (G1 Evacuation Pause) 357M->60M(512M) 7.148ms
[2026-03-27T21:25:47.644+0800][4401.852s] GC(14) User=0.00s Sys=0.00s Real=0.01s
[2026-03-27T21:27:31.964+0800][4506.172s] GC(15) Pause Young (Normal) (G1 Evacuation Pause)
[2026-03-27T21:27:31.964+0800][4506.172s] GC(15) Using 13 workers of 13 for evacuation
[2026-03-27T21:27:31.970+0800][4506.178s] GC(15)   Pre Evacuate Collection Set: 0.3ms
[2026-03-27T21:27:31.970+0800][4506.178s] GC(15)   Merge Heap Roots: 0.2ms
[2026-03-27T21:27:31.970+0800][4506.178s] GC(15)   Evacuate Collection Set: 4.9ms
[2026-03-27T21:27:31.970+0800][4506.178s] GC(15)   Post Evacuate Collection Set: 0.6ms
[2026-03-27T21:27:31.970+0800][4506.178s] GC(15)   Other: 0.1ms
[2026-03-27T21:27:31.970+0800][4506.178s] GC(15) Eden regions: 297->0(297)
[2026-03-27T21:27:31.970+0800][4506.178s] GC(15) Survivor regions: 10->10(39)
[2026-03-27T21:27:31.970+0800][4506.178s] GC(15) Old regions: 47->47
[2026-03-27T21:27:31.970+0800][4506.178s] GC(15) Humongous regions: 4->4
[2026-03-27T21:27:31.970+0800][4506.178s] GC(15) Metaspace: 61720K(62528K)->61720K(62528K) NonClass: 54329K(54784K)->54329K(54784K) Class: 7391K(7744K)->7391K(7744K)
[2026-03-27T21:27:31.970+0800][4506.178s] GC(15) Pause Young (Normal) (G1 Evacuation Pause) 357M->60M(512M) 6.494ms
[2026-03-27T21:27:31.970+0800][4506.178s] GC(15) User=0.00s Sys=0.00s Real=0.01s
[2026-03-27T21:27:41.630+0800][4515.838s] GC(16) Pause Young (Normal) (G1 Evacuation Pause)
[2026-03-27T21:27:41.630+0800][4515.838s] GC(16) Using 13 workers of 13 for evacuation
[2026-03-27T21:27:41.635+0800][4515.843s] GC(16)   Pre Evacuate Collection Set: 0.2ms
[2026-03-27T21:27:41.635+0800][4515.843s] GC(16)   Merge Heap Roots: 0.1ms
[2026-03-27T21:27:41.635+0800][4515.843s] GC(16)   Evacuate Collection Set: 3.7ms
[2026-03-27T21:27:41.635+0800][4515.843s] GC(16)   Post Evacuate Collection Set: 0.6ms
[2026-03-27T21:27:41.635+0800][4515.843s] GC(16)   Other: 0.1ms
[2026-03-27T21:27:41.635+0800][4515.843s] GC(16) Eden regions: 297->0(297)
[2026-03-27T21:27:41.635+0800][4515.843s] GC(16) Survivor regions: 10->10(39)
[2026-03-27T21:27:41.635+0800][4515.843s] GC(16) Old regions: 47->47
[2026-03-27T21:27:41.635+0800][4515.843s] GC(16) Humongous regions: 4->4
[2026-03-27T21:27:41.635+0800][4515.843s] GC(16) Metaspace: 61727K(62528K)->61727K(62528K) NonClass: 54336K(54784K)->54336K(54784K) Class: 7391K(7744K)->7391K(7744K)
[2026-03-27T21:27:41.635+0800][4515.843s] GC(16) Pause Young (Normal) (G1 Evacuation Pause) 357M->60M(512M) 5.035ms
[2026-03-27T21:27:41.635+0800][4515.843s] GC(16) User=0.02s Sys=0.00s Real=0.00s
[2026-03-27T21:27:59.789+0800][4533.997s] GC(17) Pause Young (Normal) (G1 Evacuation Pause)
[2026-03-27T21:27:59.789+0800][4533.997s] GC(17) Using 13 workers of 13 for evacuation
[2026-03-27T21:27:59.797+0800][4534.004s] GC(17)   Pre Evacuate Collection Set: 0.2ms
[2026-03-27T21:27:59.797+0800][4534.004s] GC(17)   Merge Heap Roots: 0.1ms
[2026-03-27T21:27:59.797+0800][4534.004s] GC(17)   Evacuate Collection Set: 6.1ms
[2026-03-27T21:27:59.797+0800][4534.004s] GC(17)   Post Evacuate Collection Set: 0.8ms
[2026-03-27T21:27:59.797+0800][4534.004s] GC(17)   Other: 0.1ms
[2026-03-27T21:27:59.797+0800][4534.004s] GC(17) Eden regions: 297->0(296)
[2026-03-27T21:27:59.797+0800][4534.004s] GC(17) Survivor regions: 10->11(39)
[2026-03-27T21:27:59.797+0800][4534.004s] GC(17) Old regions: 47->47
[2026-03-27T21:27:59.797+0800][4534.004s] GC(17) Humongous regions: 4->4
[2026-03-27T21:27:59.797+0800][4534.004s] GC(17) Metaspace: 61734K(62528K)->61734K(62528K) NonClass: 54343K(54784K)->54343K(54784K) Class: 7391K(7744K)->7391K(7744K)
[2026-03-27T21:27:59.797+0800][4534.004s] GC(17) Pause Young (Normal) (G1 Evacuation Pause) 357M->61M(512M) 7.653ms
[2026-03-27T21:27:59.797+0800][4534.004s] GC(17) User=0.00s Sys=0.00s Real=0.01s
[2026-03-27T21:28:09.561+0800][4543.769s] GC(18) Pause Young (Normal) (G1 Evacuation Pause)
[2026-03-27T21:28:09.561+0800][4543.769s] GC(18) Using 13 workers of 13 for evacuation
[2026-03-27T21:28:09.567+0800][4543.775s] GC(18)   Pre Evacuate Collection Set: 0.2ms
[2026-03-27T21:28:09.567+0800][4543.775s] GC(18)   Merge Heap Roots: 0.1ms
[2026-03-27T21:28:09.567+0800][4543.775s] GC(18)   Evacuate Collection Set: 4.4ms
[2026-03-27T21:28:09.567+0800][4543.775s] GC(18)   Post Evacuate Collection Set: 0.9ms
[2026-03-27T21:28:09.567+0800][4543.775s] GC(18)   Other: 0.1ms
[2026-03-27T21:28:09.567+0800][4543.775s] GC(18) Eden regions: 296->0(296)
[2026-03-27T21:28:09.567+0800][4543.775s] GC(18) Survivor regions: 11->11(39)
[2026-03-27T21:28:09.567+0800][4543.775s] GC(18) Old regions: 47->47
[2026-03-27T21:28:09.567+0800][4543.775s] GC(18) Humongous regions: 4->4
[2026-03-27T21:28:09.567+0800][4543.775s] GC(18) Metaspace: 61740K(62528K)->61740K(62528K) NonClass: 54348K(54784K)->54348K(54784K) Class: 7391K(7744K)->7391K(7744K)
[2026-03-27T21:28:09.567+0800][4543.775s] GC(18) Pause Young (Normal) (G1 Evacuation Pause) 357M->61M(512M) 6.194ms
[2026-03-27T21:28:09.567+0800][4543.775s] GC(18) User=0.00s Sys=0.00s Real=0.01s
[2026-03-27T21:28:30.141+0800][4564.350s] GC(19) Pause Young (Normal) (G1 Evacuation Pause)
[2026-03-27T21:28:30.141+0800][4564.350s] GC(19) Using 13 workers of 13 for evacuation
[2026-03-27T21:28:30.150+0800][4564.358s] GC(19)   Pre Evacuate Collection Set: 0.2ms
[2026-03-27T21:28:30.150+0800][4564.358s] GC(19)   Merge Heap Roots: 0.1ms
[2026-03-27T21:28:30.150+0800][4564.358s] GC(19)   Evacuate Collection Set: 7.1ms
[2026-03-27T21:28:30.150+0800][4564.358s] GC(19)   Post Evacuate Collection Set: 0.6ms
[2026-03-27T21:28:30.150+0800][4564.358s] GC(19)   Other: 0.1ms
[2026-03-27T21:28:30.150+0800][4564.358s] GC(19) Eden regions: 296->0(297)
[2026-03-27T21:28:30.150+0800][4564.358s] GC(19) Survivor regions: 11->10(39)
[2026-03-27T21:28:30.150+0800][4564.358s] GC(19) Old regions: 47->47
[2026-03-27T21:28:30.150+0800][4564.358s] GC(19) Humongous regions: 4->4
[2026-03-27T21:28:30.150+0800][4564.358s] GC(19) Metaspace: 61768K(62592K)->61768K(62592K) NonClass: 54377K(54848K)->54377K(54848K) Class: 7391K(7744K)->7391K(7744K)
[2026-03-27T21:28:30.150+0800][4564.358s] GC(19) Pause Young (Normal) (G1 Evacuation Pause) 357M->60M(512M) 8.483ms
[2026-03-27T21:28:30.150+0800][4564.358s] GC(19) User=0.05s Sys=0.00s Real=0.01s
[2026-03-27T21:56:44.316+0800][6258.524s] GC(20) Pause Young (Normal) (G1 Evacuation Pause)
[2026-03-27T21:56:44.316+0800][6258.524s] GC(20) Using 13 workers of 13 for evacuation
[2026-03-27T21:56:44.321+0800][6258.529s] GC(20)   Pre Evacuate Collection Set: 0.2ms
[2026-03-27T21:56:44.321+0800][6258.529s] GC(20)   Merge Heap Roots: 0.1ms
[2026-03-27T21:56:44.321+0800][6258.529s] GC(20)   Evacuate Collection Set: 3.9ms
[2026-03-27T21:56:44.321+0800][6258.529s] GC(20)   Post Evacuate Collection Set: 0.8ms
[2026-03-27T21:56:44.321+0800][6258.529s] GC(20)   Other: 0.1ms
[2026-03-27T21:56:44.321+0800][6258.529s] GC(20) Eden regions: 297->0(297)
[2026-03-27T21:56:44.321+0800][6258.529s] GC(20) Survivor regions: 10->10(39)
[2026-03-27T21:56:44.321+0800][6258.529s] GC(20) Old regions: 47->47
[2026-03-27T21:56:44.321+0800][6258.529s] GC(20) Humongous regions: 4->4
[2026-03-27T21:56:44.321+0800][6258.529s] GC(20) Metaspace: 61843K(62656K)->61843K(62656K) NonClass: 54441K(54912K)->54441K(54912K) Class: 7401K(7744K)->7401K(7744K)
[2026-03-27T21:56:44.321+0800][6258.529s] GC(20) Pause Young (Normal) (G1 Evacuation Pause) 357M->60M(512M) 5.548ms
[2026-03-27T21:56:44.321+0800][6258.529s] GC(20) User=0.16s Sys=0.00s Real=0.01s
[2026-03-27T21:56:54.365+0800][6268.573s] GC(21) Pause Young (Normal) (G1 Evacuation Pause)
[2026-03-27T21:56:54.365+0800][6268.573s] GC(21) Using 13 workers of 13 for evacuation
[2026-03-27T21:56:54.371+0800][6268.578s] GC(21)   Pre Evacuate Collection Set: 0.2ms
[2026-03-27T21:56:54.371+0800][6268.578s] GC(21)   Merge Heap Roots: 0.1ms
[2026-03-27T21:56:54.371+0800][6268.578s] GC(21)   Evacuate Collection Set: 4.4ms
[2026-03-27T21:56:54.371+0800][6268.578s] GC(21)   Post Evacuate Collection Set: 0.7ms
[2026-03-27T21:56:54.371+0800][6268.578s] GC(21)   Other: 0.1ms
[2026-03-27T21:56:54.371+0800][6268.578s] GC(21) Eden regions: 297->0(297)
[2026-03-27T21:56:54.371+0800][6268.579s] GC(21) Survivor regions: 10->10(39)
[2026-03-27T21:56:54.371+0800][6268.579s] GC(21) Old regions: 47->47
[2026-03-27T21:56:54.371+0800][6268.579s] GC(21) Humongous regions: 4->4
[2026-03-27T21:56:54.371+0800][6268.579s] GC(21) Metaspace: 61864K(62656K)->61864K(62656K) NonClass: 54462K(54912K)->54462K(54912K) Class: 7401K(7744K)->7401K(7744K)
[2026-03-27T21:56:54.371+0800][6268.579s] GC(21) Pause Young (Normal) (G1 Evacuation Pause) 357M->60M(512M) 5.794ms
[2026-03-27T21:56:54.371+0800][6268.579s] GC(21) User=0.00s Sys=0.00s Real=0.01s
[2026-03-27T21:58:30.093+0800][6364.301s] GC(22) Pause Young (Normal) (G1 Evacuation Pause)
[2026-03-27T21:58:30.093+0800][6364.301s] GC(22) Using 13 workers of 13 for evacuation
[2026-03-27T21:58:30.101+0800][6364.309s] GC(22)   Pre Evacuate Collection Set: 0.2ms
[2026-03-27T21:58:30.101+0800][6364.309s] GC(22)   Merge Heap Roots: 0.2ms
[2026-03-27T21:58:30.101+0800][6364.309s] GC(22)   Evacuate Collection Set: 6.1ms
[2026-03-27T21:58:30.101+0800][6364.309s] GC(22)   Post Evacuate Collection Set: 0.9ms
[2026-03-27T21:58:30.101+0800][6364.309s] GC(22)   Other: 0.2ms
[2026-03-27T21:58:30.101+0800][6364.309s] GC(22) Eden regions: 297->0(295)
[2026-03-27T21:58:30.101+0800][6364.309s] GC(22) Survivor regions: 10->12(39)
[2026-03-27T21:58:30.101+0800][6364.309s] GC(22) Old regions: 47->47
[2026-03-27T21:58:30.101+0800][6364.309s] GC(22) Humongous regions: 4->4
[2026-03-27T21:58:30.102+0800][6364.309s] GC(22) Metaspace: 62286K(63168K)->62286K(63168K) NonClass: 54843K(55296K)->54843K(55296K) Class: 7443K(7872K)->7443K(7872K)
[2026-03-27T21:58:30.102+0800][6364.309s] GC(22) Pause Young (Normal) (G1 Evacuation Pause) 357M->62M(512M) 8.026ms
[2026-03-27T21:58:30.102+0800][6364.309s] GC(22) User=0.16s Sys=0.00s Real=0.01s
[2026-03-27T22:04:13.893+0800][6708.101s] GC(23) Pause Young (Normal) (G1 Evacuation Pause)
[2026-03-27T22:04:13.893+0800][6708.101s] GC(23) Using 13 workers of 13 for evacuation
[2026-03-27T22:04:13.904+0800][6708.112s] GC(23)   Pre Evacuate Collection Set: 0.3ms
[2026-03-27T22:04:13.904+0800][6708.112s] GC(23)   Merge Heap Roots: 0.1ms
[2026-03-27T22:04:13.904+0800][6708.112s] GC(23)   Evacuate Collection Set: 4.3ms
[2026-03-27T22:04:13.904+0800][6708.112s] GC(23)   Post Evacuate Collection Set: 5.6ms
[2026-03-27T22:04:13.904+0800][6708.112s] GC(23)   Other: 0.1ms
[2026-03-27T22:04:13.904+0800][6708.112s] GC(23) Eden regions: 295->0(297)
[2026-03-27T22:04:13.904+0800][6708.112s] GC(23) Survivor regions: 12->10(39)
[2026-03-27T22:04:13.904+0800][6708.112s] GC(23) Old regions: 47->49
[2026-03-27T22:04:13.904+0800][6708.112s] GC(23) Humongous regions: 4->4
[2026-03-27T22:04:13.904+0800][6708.112s] GC(23) Metaspace: 62635K(63552K)->62635K(63552K) NonClass: 55177K(55680K)->55177K(55680K) Class: 7458K(7872K)->7458K(7872K)
[2026-03-27T22:04:13.904+0800][6708.112s] GC(23) Pause Young (Normal) (G1 Evacuation Pause) 357M->61M(512M) 11.131ms
[2026-03-27T22:04:13.904+0800][6708.112s] GC(23) User=0.14s Sys=0.00s Real=0.01s
[2026-03-28T01:03:24.381+0800][17458.204s] GC(24) Pause Young (Normal) (G1 Evacuation Pause)
[2026-03-28T01:03:24.381+0800][17458.204s] GC(24) Using 13 workers of 13 for evacuation
[2026-03-28T01:03:24.388+0800][17458.211s] GC(24)   Pre Evacuate Collection Set: 0.4ms
[2026-03-28T01:03:24.388+0800][17458.211s] GC(24)   Merge Heap Roots: 0.3ms
[2026-03-28T01:03:24.388+0800][17458.211s] GC(24)   Evacuate Collection Set: 4.9ms
[2026-03-28T01:03:24.388+0800][17458.211s] GC(24)   Post Evacuate Collection Set: 0.8ms
[2026-03-28T01:03:24.388+0800][17458.211s] GC(24)   Other: 0.2ms
[2026-03-28T01:03:24.388+0800][17458.211s] GC(24) Eden regions: 297->0(300)
[2026-03-28T01:03:24.388+0800][17458.211s] GC(24) Survivor regions: 10->7(39)
[2026-03-28T01:03:24.388+0800][17458.211s] GC(24) Old regions: 49->52
[2026-03-28T01:03:24.388+0800][17458.211s] GC(24) Humongous regions: 4->4
[2026-03-28T01:03:24.388+0800][17458.211s] GC(24) Metaspace: 62712K(63616K)->62712K(63616K) NonClass: 55247K(55744K)->55247K(55744K) Class: 7464K(7872K)->7464K(7872K)
[2026-03-28T01:03:24.388+0800][17458.211s] GC(24) Pause Young (Normal) (G1 Evacuation Pause) 358M->62M(512M) 7.066ms
[2026-03-28T01:03:24.389+0800][17458.211s] GC(24) User=0.00s Sys=0.00s Real=0.01s
[2026-03-28T01:03:54.877+0800][17488.698s] GC(25) Pause Young (Normal) (G1 Evacuation Pause)
[2026-03-28T01:03:54.877+0800][17488.698s] GC(25) Using 13 workers of 13 for evacuation
[2026-03-28T01:03:54.880+0800][17488.702s] GC(25)   Pre Evacuate Collection Set: 0.2ms
[2026-03-28T01:03:54.881+0800][17488.703s] GC(25)   Merge Heap Roots: 0.1ms
[2026-03-28T01:03:54.881+0800][17488.703s] GC(25)   Evacuate Collection Set: 3.2ms
[2026-03-28T01:03:54.881+0800][17488.703s] GC(25)   Post Evacuate Collection Set: 0.5ms
[2026-03-28T01:03:54.881+0800][17488.703s] GC(25)   Other: 0.1ms
[2026-03-28T01:03:54.881+0800][17488.703s] GC(25) Eden regions: 300->0(300)
[2026-03-28T01:03:54.881+0800][17488.703s] GC(25) Survivor regions: 7->7(39)
[2026-03-28T01:03:54.881+0800][17488.703s] GC(25) Old regions: 52->52
[2026-03-28T01:03:54.881+0800][17488.703s] GC(25) Humongous regions: 4->4
[2026-03-28T01:03:54.881+0800][17488.703s] GC(25) Metaspace: 62732K(63616K)->62732K(63616K) NonClass: 55268K(55744K)->55268K(55744K) Class: 7464K(7872K)->7464K(7872K)
[2026-03-28T01:03:54.881+0800][17488.703s] GC(25) Pause Young (Normal) (G1 Evacuation Pause) 362M->61M(512M) 4.502ms
[2026-03-28T01:03:54.881+0800][17488.703s] GC(25) User=0.00s Sys=0.00s Real=0.00s
[2026-03-28T01:13:53.722+0800][18087.529s] Heap
[2026-03-28T01:13:53.722+0800][18087.530s]  garbage-first heap   total 524288K, used 242868K [0x00000000e0000000, 0x0000000100000000)
[2026-03-28T01:13:53.722+0800][18087.530s]   region size 1024K, 183 young (187392K), 7 survivors (7168K)
[2026-03-28T01:13:53.722+0800][18087.530s]  Metaspace       used 63098K, committed 64000K, reserved 1114112K
[2026-03-28T01:13:53.722+0800][18087.530s]   class space    used 7523K, committed 7936K, reserved 1048576K
