[2026-04-03T14:30:54.460+0800][0.020s] CardTable entry size: 512
[2026-04-03T14:30:54.461+0800][0.021s] Using G1
[2026-04-03T14:30:54.528+0800][0.087s] Version: 21.0.7+8-LTS-245 (release)
[2026-04-03T14:30:54.528+0800][0.087s] CPUs: 16 total, 16 available
[2026-04-03T14:30:54.528+0800][0.087s] Memory: 64170M
[2026-04-03T14:30:54.528+0800][0.087s] Large Page Support: Disabled
[2026-04-03T14:30:54.528+0800][0.087s] NUMA Support: Disabled
[2026-04-03T14:30:54.528+0800][0.087s] Compressed Oops: Enabled (32-bit)
[2026-04-03T14:30:54.528+0800][0.087s] Heap Region Size: 1M
[2026-04-03T14:30:54.528+0800][0.087s] Heap Min Capacity: 512M
[2026-04-03T14:30:54.528+0800][0.087s] Heap Initial Capacity: 512M
[2026-04-03T14:30:54.528+0800][0.087s] Heap Max Capacity: 512M
[2026-04-03T14:30:54.537+0800][0.096s] Pre-touch: Enabled
[2026-04-03T14:30:54.537+0800][0.096s] Parallel Workers: 13
[2026-04-03T14:30:54.537+0800][0.096s] Concurrent Workers: 3
[2026-04-03T14:30:54.537+0800][0.096s] Concurrent Refinement Workers: 13
[2026-04-03T14:30:54.537+0800][0.096s] Periodic GC: Disabled
[2026-04-03T14:30:54.545+0800][0.104s] CDS archive(s) mapped at: [0x0000015680000000-0x0000015680c90000-0x0000015680c90000), size 13172736, SharedBaseAddress: 0x0000015680000000, ArchiveRelocationMode: 1.
[2026-04-03T14:30:54.545+0800][0.104s] Compressed class space mapped at: 0x0000015681000000-0x00000156c1000000, reserved size: 1073741824
[2026-04-03T14:30:54.545+0800][0.104s] Narrow klass base: 0x0000015680000000, Narrow klass shift: 0, Narrow klass range: 0x100000000
[2026-04-03T14:30:59.163+0800][4.722s] GC(0) Pause Young (Normal) (G1 Evacuation Pause)
[2026-04-03T14:30:59.164+0800][4.723s] GC(0) Using 12 workers of 13 for evacuation
[2026-04-03T14:30:59.169+0800][4.728s] GC(0)   Pre Evacuate Collection Set: 0.2ms
[2026-04-03T14:30:59.169+0800][4.728s] GC(0)   Merge Heap Roots: 0.1ms
[2026-04-03T14:30:59.169+0800][4.728s] GC(0)   Evacuate Collection Set: 2.5ms
[2026-04-03T14:30:59.169+0800][4.728s] GC(0)   Post Evacuate Collection Set: 0.7ms
[2026-04-03T14:30:59.169+0800][4.728s] GC(0)   Other: 1.0ms
[2026-04-03T14:30:59.169+0800][4.728s] GC(0) Eden regions: 29->0(43)
[2026-04-03T14:30:59.169+0800][4.728s] GC(0) Survivor regions: 0->4(4)
[2026-04-03T14:30:59.169+0800][4.728s] GC(0) Old regions: 0->0
[2026-04-03T14:30:59.169+0800][4.728s] GC(0) Humongous regions: 0->0
[2026-04-03T14:30:59.169+0800][4.728s] GC(0) Metaspace: 6630K(6848K)->6630K(6848K) NonClass: 5900K(6016K)->5900K(6016K) Class: 730K(832K)->730K(832K)
[2026-04-03T14:30:59.169+0800][4.728s] GC(0) Pause Young (Normal) (G1 Evacuation Pause) 29M->3M(512M) 6.235ms
[2026-04-03T14:30:59.169+0800][4.728s] GC(0) User=0.03s Sys=0.00s Real=0.01s
[2026-04-03T14:31:05.173+0800][10.732s] GC(1) Pause Young (Normal) (G1 Evacuation Pause)
[2026-04-03T14:31:05.173+0800][10.732s] GC(1) Using 13 workers of 13 for evacuation
[2026-04-03T14:31:05.183+0800][10.741s] GC(1)   Pre Evacuate Collection Set: 0.2ms
[2026-04-03T14:31:05.183+0800][10.741s] GC(1)   Merge Heap Roots: 0.1ms
[2026-04-03T14:31:05.183+0800][10.742s] GC(1)   Evacuate Collection Set: 7.8ms
[2026-04-03T14:31:05.183+0800][10.742s] GC(1)   Post Evacuate Collection Set: 0.8ms
[2026-04-03T14:31:05.183+0800][10.742s] GC(1)   Other: 0.2ms
[2026-04-03T14:31:05.183+0800][10.742s] GC(1) Eden regions: 43->0(176)
[2026-04-03T14:31:05.183+0800][10.742s] GC(1) Survivor regions: 4->6(6)
[2026-04-03T14:31:05.183+0800][10.742s] GC(1) Old regions: 0->8
[2026-04-03T14:31:05.183+0800][10.742s] GC(1) Humongous regions: 4->4
[2026-04-03T14:31:05.183+0800][10.742s] GC(1) Metaspace: 17675K(18112K)->17675K(18112K) NonClass: 15697K(15936K)->15697K(15936K) Class: 1978K(2176K)->1978K(2176K)
[2026-04-03T14:31:05.183+0800][10.742s] GC(1) Pause Young (Normal) (G1 Evacuation Pause) 50M->17M(512M) 9.428ms
[2026-04-03T14:31:05.183+0800][10.742s] GC(1) User=0.16s Sys=0.06s Real=0.01s
[2026-04-03T14:31:06.334+0800][11.893s] GC(2) Pause Young (Concurrent Start) (Metadata GC Threshold)
[2026-04-03T14:31:06.334+0800][11.893s] GC(2) Using 13 workers of 13 for evacuation
[2026-04-03T14:31:06.341+0800][11.900s] GC(2)   Pre Evacuate Collection Set: 0.3ms
[2026-04-03T14:31:06.341+0800][11.900s] GC(2)   Merge Heap Roots: 0.1ms
[2026-04-03T14:31:06.341+0800][11.900s] GC(2)   Evacuate Collection Set: 5.4ms
[2026-04-03T14:31:06.341+0800][11.900s] GC(2)   Post Evacuate Collection Set: 0.9ms
[2026-04-03T14:31:06.341+0800][11.900s] GC(2)   Other: 0.3ms
[2026-04-03T14:31:06.341+0800][11.900s] GC(2) Eden regions: 171->0(295)
[2026-04-03T14:31:06.341+0800][11.900s] GC(2) Survivor regions: 6->12(23)
[2026-04-03T14:31:06.341+0800][11.900s] GC(2) Old regions: 8->8
[2026-04-03T14:31:06.341+0800][11.900s] GC(2) Humongous regions: 4->4
[2026-04-03T14:31:06.341+0800][11.900s] GC(2) Metaspace: 21096K(21504K)->21096K(21504K) NonClass: 18741K(18944K)->18741K(18944K) Class: 2355K(2560K)->2355K(2560K)
[2026-04-03T14:31:06.341+0800][11.900s] GC(2) Pause Young (Concurrent Start) (Metadata GC Threshold) 188M->23M(512M) 7.467ms
[2026-04-03T14:31:06.341+0800][11.900s] GC(2) User=0.02s Sys=0.09s Real=0.01s
[2026-04-03T14:31:06.341+0800][11.900s] GC(3) Concurrent Mark Cycle
[2026-04-03T14:31:06.341+0800][11.901s] GC(3) Concurrent Scan Root Regions
[2026-04-03T14:31:06.344+0800][11.904s] GC(3) Concurrent Scan Root Regions 3.260ms
[2026-04-03T14:31:06.345+0800][11.904s] GC(3) Concurrent Mark
[2026-04-03T14:31:06.345+0800][11.904s] GC(3) Concurrent Mark From Roots
[2026-04-03T14:31:06.345+0800][11.904s] GC(3) Using 3 workers of 3 for marking
[2026-04-03T14:31:06.351+0800][11.910s] GC(3) Concurrent Mark From Roots 6.380ms
[2026-04-03T14:31:06.351+0800][11.910s] GC(3) Concurrent Preclean
[2026-04-03T14:31:06.351+0800][11.911s] GC(3) Concurrent Preclean 0.172ms
[2026-04-03T14:31:06.351+0800][11.911s] GC(3) Pause Remark
[2026-04-03T14:31:06.356+0800][11.915s] GC(3) Pause Remark 25M->25M(512M) 4.685ms
[2026-04-03T14:31:06.356+0800][11.915s] GC(3) User=0.00s Sys=0.02s Real=0.00s
[2026-04-03T14:31:06.356+0800][11.916s] GC(3) Concurrent Mark 11.764ms
[2026-04-03T14:31:06.356+0800][11.916s] GC(3) Concurrent Rebuild Remembered Sets and Scrub Regions
[2026-04-03T14:31:06.359+0800][11.919s] GC(3) Concurrent Rebuild Remembered Sets and Scrub Regions 3.133ms
[2026-04-03T14:31:06.360+0800][11.919s] GC(3) Pause Cleanup
[2026-04-03T14:31:06.360+0800][11.919s] GC(3) Pause Cleanup 25M->25M(512M) 0.187ms
[2026-04-03T14:31:06.360+0800][11.919s] GC(3) User=0.00s Sys=0.00s Real=0.00s
[2026-04-03T14:31:06.360+0800][11.919s] GC(3) Concurrent Clear Claimed Marks
[2026-04-03T14:31:06.360+0800][11.919s] GC(3) Concurrent Clear Claimed Marks 0.073ms
[2026-04-03T14:31:06.360+0800][11.919s] GC(3) Concurrent Cleanup for Next Mark
[2026-04-03T14:31:06.361+0800][11.920s] GC(3) Concurrent Cleanup for Next Mark 0.323ms
[2026-04-03T14:31:06.361+0800][11.920s] GC(3) Concurrent Mark Cycle 19.284ms
[2026-04-03T14:31:08.801+0800][14.359s] GC(4) Pause Young (Concurrent Start) (Metadata GC Threshold)
[2026-04-03T14:31:08.801+0800][14.359s] GC(4) Using 13 workers of 13 for evacuation
[2026-04-03T14:31:08.808+0800][14.367s] GC(4)   Pre Evacuate Collection Set: 0.3ms
[2026-04-03T14:31:08.808+0800][14.367s] GC(4)   Merge Heap Roots: 0.1ms
[2026-04-03T14:31:08.808+0800][14.367s] GC(4)   Evacuate Collection Set: 5.8ms
[2026-04-03T14:31:08.808+0800][14.367s] GC(4)   Post Evacuate Collection Set: 0.8ms
[2026-04-03T14:31:08.808+0800][14.367s] GC(4)   Other: 0.2ms
[2026-04-03T14:31:08.808+0800][14.367s] GC(4) Eden regions: 110->0(289)
[2026-04-03T14:31:08.808+0800][14.367s] GC(4) Survivor regions: 12->18(37)
[2026-04-03T14:31:08.808+0800][14.367s] GC(4) Old regions: 8->8
[2026-04-03T14:31:08.808+0800][14.367s] GC(4) Humongous regions: 4->4
[2026-04-03T14:31:08.808+0800][14.367s] GC(4) Metaspace: 35637K(36096K)->35637K(36096K) NonClass: 31572K(31808K)->31572K(31808K) Class: 4065K(4288K)->4065K(4288K)
[2026-04-03T14:31:08.808+0800][14.367s] GC(4) Pause Young (Concurrent Start) (Metadata GC Threshold) 133M->28M(512M) 7.509ms
[2026-04-03T14:31:08.808+0800][14.367s] GC(4) User=0.19s Sys=0.00s Real=0.01s
[2026-04-03T14:31:08.808+0800][14.367s] GC(5) Concurrent Mark Cycle
[2026-04-03T14:31:08.808+0800][14.367s] GC(5) Concurrent Scan Root Regions
[2026-04-03T14:31:08.812+0800][14.371s] GC(5) Concurrent Scan Root Regions 3.617ms
[2026-04-03T14:31:08.812+0800][14.371s] GC(5) Concurrent Mark
[2026-04-03T14:31:08.812+0800][14.371s] GC(5) Concurrent Mark From Roots
[2026-04-03T14:31:08.812+0800][14.371s] GC(5) Using 3 workers of 3 for marking
[2026-04-03T14:31:08.817+0800][14.377s] GC(5) Concurrent Mark From Roots 5.927ms
[2026-04-03T14:31:08.817+0800][14.377s] GC(5) Concurrent Preclean
[2026-04-03T14:31:08.818+0800][14.377s] GC(5) Concurrent Preclean 0.065ms
[2026-04-03T14:31:08.818+0800][14.377s] GC(5) Pause Remark
[2026-04-03T14:31:08.822+0800][14.381s] GC(5) Pause Remark 29M->29M(512M) 4.065ms
[2026-04-03T14:31:08.822+0800][14.381s] GC(5) User=0.02s Sys=0.00s Real=0.00s
[2026-04-03T14:31:08.822+0800][14.381s] GC(5) Concurrent Mark 10.371ms
[2026-04-03T14:31:08.822+0800][14.381s] GC(5) Concurrent Rebuild Remembered Sets and Scrub Regions
[2026-04-03T14:31:08.824+0800][14.384s] GC(5) Concurrent Rebuild Remembered Sets and Scrub Regions 2.813ms
[2026-04-03T14:31:08.825+0800][14.384s] GC(5) Pause Cleanup
[2026-04-03T14:31:08.825+0800][14.384s] GC(5) Pause Cleanup 29M->29M(512M) 0.167ms
[2026-04-03T14:31:08.825+0800][14.384s] GC(5) User=0.00s Sys=0.00s Real=0.00s
[2026-04-03T14:31:08.825+0800][14.384s] GC(5) Concurrent Clear Claimed Marks
[2026-04-03T14:31:08.825+0800][14.384s] GC(5) Concurrent Clear Claimed Marks 0.069ms
[2026-04-03T14:31:08.825+0800][14.384s] GC(5) Concurrent Cleanup for Next Mark
[2026-04-03T14:31:08.825+0800][14.385s] GC(5) Concurrent Cleanup for Next Mark 0.345ms
[2026-04-03T14:31:08.825+0800][14.385s] GC(5) Concurrent Mark Cycle 17.992ms
[2026-04-03T14:31:13.576+0800][19.135s] GC(6) Pause Young (Normal) (G1 Evacuation Pause)
[2026-04-03T14:31:13.576+0800][19.135s] GC(6) Using 13 workers of 13 for evacuation
[2026-04-03T14:31:13.593+0800][19.152s] GC(6)   Pre Evacuate Collection Set: 0.2ms
[2026-04-03T14:31:13.593+0800][19.152s] GC(6)   Merge Heap Roots: 0.1ms
[2026-04-03T14:31:13.593+0800][19.152s] GC(6)   Evacuate Collection Set: 15.6ms
[2026-04-03T14:31:13.593+0800][19.152s] GC(6)   Post Evacuate Collection Set: 1.4ms
[2026-04-03T14:31:13.593+0800][19.152s] GC(6)   Other: 0.1ms
[2026-04-03T14:31:13.593+0800][19.152s] GC(6) Eden regions: 289->0(268)
[2026-04-03T14:31:13.593+0800][19.152s] GC(6) Survivor regions: 18->39(39)
[2026-04-03T14:31:13.593+0800][19.152s] GC(6) Old regions: 8->8
[2026-04-03T14:31:13.593+0800][19.152s] GC(6) Humongous regions: 4->4
[2026-04-03T14:31:13.593+0800][19.152s] GC(6) Metaspace: 56197K(56960K)->56197K(56960K) NonClass: 49395K(49856K)->49395K(49856K) Class: 6802K(7104K)->6802K(7104K)
[2026-04-03T14:31:13.593+0800][19.152s] GC(6) Pause Young (Normal) (G1 Evacuation Pause) 317M->49M(512M) 17.724ms
[2026-04-03T14:31:13.593+0800][19.152s] GC(6) User=0.11s Sys=0.03s Real=0.02s
[2026-04-03T14:32:18.958+0800][84.517s] GC(7) Pause Young (Concurrent Start) (Metadata GC Threshold)
[2026-04-03T14:32:18.958+0800][84.517s] GC(7) Using 13 workers of 13 for evacuation
[2026-04-03T14:32:18.974+0800][84.533s] GC(7)   Pre Evacuate Collection Set: 0.2ms
[2026-04-03T14:32:18.974+0800][84.533s] GC(7)   Merge Heap Roots: 0.1ms
[2026-04-03T14:32:18.974+0800][84.533s] GC(7)   Evacuate Collection Set: 14.3ms
[2026-04-03T14:32:18.974+0800][84.533s] GC(7)   Post Evacuate Collection Set: 1.4ms
[2026-04-03T14:32:18.974+0800][84.533s] GC(7)   Other: 0.1ms
[2026-04-03T14:32:18.974+0800][84.533s] GC(7) Eden regions: 46->0(284)
[2026-04-03T14:32:18.974+0800][84.533s] GC(7) Survivor regions: 39->23(39)
[2026-04-03T14:32:18.974+0800][84.533s] GC(7) Old regions: 8->25
[2026-04-03T14:32:18.974+0800][84.533s] GC(7) Humongous regions: 4->4
[2026-04-03T14:32:18.975+0800][84.533s] GC(7) Metaspace: 59490K(60288K)->59490K(60288K) NonClass: 52228K(52672K)->52228K(52672K) Class: 7262K(7616K)->7262K(7616K)
[2026-04-03T14:32:18.975+0800][84.533s] GC(7) Pause Young (Concurrent Start) (Metadata GC Threshold) 95M->52M(512M) 16.474ms
[2026-04-03T14:32:18.975+0800][84.533s] GC(7) User=0.05s Sys=0.06s Real=0.02s
[2026-04-03T14:32:18.975+0800][84.533s] GC(8) Concurrent Mark Cycle
[2026-04-03T14:32:18.975+0800][84.534s] GC(8) Concurrent Scan Root Regions
[2026-04-03T14:32:18.984+0800][84.543s] GC(8) Concurrent Scan Root Regions 9.593ms
[2026-04-03T14:32:18.984+0800][84.543s] GC(8) Concurrent Mark
[2026-04-03T14:32:18.984+0800][84.543s] GC(8) Concurrent Mark From Roots
[2026-04-03T14:32:18.984+0800][84.543s] GC(8) Using 3 workers of 3 for marking
[2026-04-03T14:32:18.990+0800][84.549s] GC(8) Concurrent Mark From Roots 5.924ms
[2026-04-03T14:32:18.990+0800][84.549s] GC(8) Concurrent Preclean
[2026-04-03T14:32:18.990+0800][84.549s] GC(8) Concurrent Preclean 0.069ms
[2026-04-03T14:32:18.990+0800][84.549s] GC(8) Pause Remark
[2026-04-03T14:32:18.996+0800][84.555s] GC(8) Pause Remark 53M->53M(512M) 6.100ms
[2026-04-03T14:32:18.996+0800][84.556s] GC(8) User=0.08s Sys=0.02s Real=0.01s
[2026-04-03T14:32:18.996+0800][84.556s] GC(8) Concurrent Mark 12.463ms
[2026-04-03T14:32:18.996+0800][84.556s] GC(8) Concurrent Rebuild Remembered Sets and Scrub Regions
[2026-04-03T14:32:19.002+0800][84.561s] GC(8) Concurrent Rebuild Remembered Sets and Scrub Regions 4.846ms
[2026-04-03T14:32:19.002+0800][84.561s] GC(8) Pause Cleanup
[2026-04-03T14:32:19.002+0800][84.561s] GC(8) Pause Cleanup 53M->53M(512M) 0.172ms
[2026-04-03T14:32:19.002+0800][84.561s] GC(8) User=0.00s Sys=0.00s Real=0.00s
[2026-04-03T14:32:19.002+0800][84.561s] GC(8) Concurrent Clear Claimed Marks
[2026-04-03T14:32:19.002+0800][84.561s] GC(8) Concurrent Clear Claimed Marks 0.098ms
[2026-04-03T14:32:19.002+0800][84.561s] GC(8) Concurrent Cleanup for Next Mark
[2026-04-03T14:32:19.003+0800][84.561s] GC(8) Concurrent Cleanup for Next Mark 0.287ms
[2026-04-03T14:32:19.003+0800][84.561s] GC(8) Concurrent Mark Cycle 28.019ms
[2026-04-03T15:25:01.188+0800][3246.747s] GC(9) Pause Young (Prepare Mixed) (G1 Evacuation Pause)
[2026-04-03T15:25:01.188+0800][3246.748s] GC(9) Using 13 workers of 13 for evacuation
[2026-04-03T15:25:01.197+0800][3246.758s] GC(9)   Pre Evacuate Collection Set: 0.3ms
[2026-04-03T15:25:01.197+0800][3246.758s] GC(9)   Merge Heap Roots: 0.1ms
[2026-04-03T15:25:01.197+0800][3246.758s] GC(9)   Evacuate Collection Set: 8.9ms
[2026-04-03T15:25:01.199+0800][3246.758s] GC(9)   Post Evacuate Collection Set: 1.0ms
[2026-04-03T15:25:01.199+0800][3246.758s] GC(9)   Other: 0.1ms
[2026-04-03T15:25:01.199+0800][3246.758s] GC(9) Eden regions: 284->0(297)
[2026-04-03T15:25:01.199+0800][3246.758s] GC(9) Survivor regions: 23->10(39)
[2026-04-03T15:25:01.199+0800][3246.758s] GC(9) Old regions: 25->46
[2026-04-03T15:25:01.199+0800][3246.758s] GC(9) Humongous regions: 4->4
[2026-04-03T15:25:01.199+0800][3246.758s] GC(9) Metaspace: 60461K(61248K)->60461K(61248K) NonClass: 53135K(53568K)->53135K(53568K) Class: 7325K(7680K)->7325K(7680K)
[2026-04-03T15:25:01.199+0800][3246.758s] GC(9) Pause Young (Prepare Mixed) (G1 Evacuation Pause) 336M->59M(512M) 10.932ms
[2026-04-03T15:25:01.199+0800][3246.758s] GC(9) User=0.16s Sys=0.00s Real=0.01s
[2026-04-03T15:30:36.408+0800][3581.967s] GC(10) Pause Young (Mixed) (G1 Evacuation Pause)
[2026-04-03T15:30:36.408+0800][3581.968s] GC(10) Using 13 workers of 13 for evacuation
[2026-04-03T15:30:36.418+0800][3581.979s] GC(10)   Pre Evacuate Collection Set: 0.4ms
[2026-04-03T15:30:36.418+0800][3581.979s] GC(10)   Merge Heap Roots: 0.2ms
[2026-04-03T15:30:36.418+0800][3581.979s] GC(10)   Evacuate Collection Set: 8.9ms
[2026-04-03T15:30:36.418+0800][3581.979s] GC(10)   Post Evacuate Collection Set: 1.7ms
[2026-04-03T15:30:36.418+0800][3581.979s] GC(10)   Other: 0.2ms
[2026-04-03T15:30:36.418+0800][3581.979s] GC(10) Eden regions: 297->0(298)
[2026-04-03T15:30:36.418+0800][3581.979s] GC(10) Survivor regions: 10->9(39)
[2026-04-03T15:30:36.418+0800][3581.979s] GC(10) Old regions: 46->47
[2026-04-03T15:30:36.418+0800][3581.979s] GC(10) Humongous regions: 4->4
[2026-04-03T15:30:36.418+0800][3581.979s] GC(10) Metaspace: 60519K(61312K)->60519K(61312K) NonClass: 53194K(53632K)->53194K(53632K) Class: 7325K(7680K)->7325K(7680K)
[2026-04-03T15:30:36.418+0800][3581.979s] GC(10) Pause Young (Mixed) (G1 Evacuation Pause) 356M->58M(512M) 11.868ms
[2026-04-03T15:30:36.418+0800][3581.979s] GC(10) User=0.08s Sys=0.02s Real=0.01s
[2026-04-03T15:30:57.675+0800][3603.234s] GC(11) Pause Young (Normal) (G1 Evacuation Pause)
[2026-04-03T15:30:57.675+0800][3603.234s] GC(11) Using 13 workers of 13 for evacuation
[2026-04-03T15:30:57.682+0800][3603.241s] GC(11)   Pre Evacuate Collection Set: 0.2ms
[2026-04-03T15:30:57.682+0800][3603.241s] GC(11)   Merge Heap Roots: 0.2ms
[2026-04-03T15:30:57.682+0800][3603.241s] GC(11)   Evacuate Collection Set: 5.4ms
[2026-04-03T15:30:57.682+0800][3603.241s] GC(11)   Post Evacuate Collection Set: 0.6ms
[2026-04-03T15:30:57.682+0800][3603.241s] GC(11)   Other: 0.1ms
[2026-04-03T15:30:57.682+0800][3603.241s] GC(11) Eden regions: 298->0(298)
[2026-04-03T15:30:57.682+0800][3603.241s] GC(11) Survivor regions: 9->9(39)
[2026-04-03T15:30:57.682+0800][3603.241s] GC(11) Old regions: 47->47
[2026-04-03T15:30:57.682+0800][3603.241s] GC(11) Humongous regions: 4->4
[2026-04-03T15:30:57.682+0800][3603.241s] GC(11) Metaspace: 60533K(61312K)->60533K(61312K) NonClass: 53207K(53632K)->53207K(53632K) Class: 7326K(7680K)->7326K(7680K)
[2026-04-03T15:30:57.682+0800][3603.241s] GC(11) Pause Young (Normal) (G1 Evacuation Pause) 356M->58M(512M) 6.977ms
[2026-04-03T15:30:57.682+0800][3603.241s] GC(11) User=0.05s Sys=0.03s Real=0.01s
[2026-04-03T15:31:12.637+0800][3618.197s] GC(12) Pause Young (Normal) (G1 Evacuation Pause)
[2026-04-03T15:31:12.639+0800][3618.198s] GC(12) Using 13 workers of 13 for evacuation
[2026-04-03T15:31:12.643+0800][3618.203s] GC(12)   Pre Evacuate Collection Set: 0.2ms
[2026-04-03T15:31:12.643+0800][3618.203s] GC(12)   Merge Heap Roots: 0.1ms
[2026-04-03T15:31:12.643+0800][3618.203s] GC(12)   Evacuate Collection Set: 4.5ms
[2026-04-03T15:31:12.643+0800][3618.203s] GC(12)   Post Evacuate Collection Set: 0.6ms
[2026-04-03T15:31:12.643+0800][3618.203s] GC(12)   Other: 0.1ms
[2026-04-03T15:31:12.643+0800][3618.203s] GC(12) Eden regions: 298->0(299)
[2026-04-03T15:31:12.643+0800][3618.203s] GC(12) Survivor regions: 9->8(39)
[2026-04-03T15:31:12.643+0800][3618.203s] GC(12) Old regions: 47->47
[2026-04-03T15:31:12.643+0800][3618.203s] GC(12) Humongous regions: 4->4
[2026-04-03T15:31:12.643+0800][3618.203s] GC(12) Metaspace: 60553K(61312K)->60553K(61312K) NonClass: 53227K(53632K)->53227K(53632K) Class: 7326K(7680K)->7326K(7680K)
[2026-04-03T15:31:12.643+0800][3618.203s] GC(12) Pause Young (Normal) (G1 Evacuation Pause) 356M->58M(512M) 5.951ms
[2026-04-03T15:31:12.643+0800][3618.203s] GC(12) User=0.00s Sys=0.00s Real=0.01s
[2026-04-03T15:45:59.207+0800][4504.768s] Heap
[2026-04-03T15:45:59.207+0800][4504.768s]  garbage-first heap   total 524288K, used 153434K [0x00000000e0000000, 0x0000000100000000)
[2026-04-03T15:45:59.207+0800][4504.768s]   region size 1024K, 100 young (102400K), 8 survivors (8192K)
[2026-04-03T15:45:59.207+0800][4504.768s]  Metaspace       used 61508K, committed 62336K, reserved 1114112K
[2026-04-03T15:45:59.207+0800][4504.768s]   class space    used 7438K, committed 7808K, reserved 1048576K
