[2026-03-26T09:27:54.047+0800][0.024s] CardTable entry size: 512
[2026-03-26T09:27:54.048+0800][0.025s] Using G1
[2026-03-26T09:27:54.132+0800][0.108s] Version: 21.0.7+8-LTS-245 (release)
[2026-03-26T09:27:54.132+0800][0.108s] CPUs: 16 total, 16 available
[2026-03-26T09:27:54.132+0800][0.108s] Memory: 64170M
[2026-03-26T09:27:54.132+0800][0.108s] Large Page Support: Disabled
[2026-03-26T09:27:54.132+0800][0.108s] NUMA Support: Disabled
[2026-03-26T09:27:54.132+0800][0.108s] Compressed Oops: Enabled (32-bit)
[2026-03-26T09:27:54.132+0800][0.108s] Heap Region Size: 1M
[2026-03-26T09:27:54.132+0800][0.108s] Heap Min Capacity: 512M
[2026-03-26T09:27:54.132+0800][0.108s] Heap Initial Capacity: 512M
[2026-03-26T09:27:54.132+0800][0.108s] Heap Max Capacity: 512M
[2026-03-26T09:27:54.132+0800][0.108s] Pre-touch: Enabled
[2026-03-26T09:27:54.132+0800][0.108s] Parallel Workers: 13
[2026-03-26T09:27:54.132+0800][0.108s] Concurrent Workers: 3
[2026-03-26T09:27:54.132+0800][0.108s] Concurrent Refinement Workers: 13
[2026-03-26T09:27:54.132+0800][0.108s] Periodic GC: Disabled
[2026-03-26T09:27:54.142+0800][0.119s] CDS archive(s) mapped at: [0x0000016a18000000-0x0000016a18c90000-0x0000016a18c90000), size 13172736, SharedBaseAddress: 0x0000016a18000000, ArchiveRelocationMode: 1.
[2026-03-26T09:27:54.142+0800][0.119s] Compressed class space mapped at: 0x0000016a19000000-0x0000016a59000000, reserved size: 1073741824
[2026-03-26T09:27:54.142+0800][0.119s] Narrow klass base: 0x0000016a18000000, Narrow klass shift: 0, Narrow klass range: 0x100000000
[2026-03-26T09:27:58.545+0800][4.522s] GC(0) Pause Young (Normal) (G1 Evacuation Pause)
[2026-03-26T09:27:58.546+0800][4.522s] GC(0) Using 12 workers of 13 for evacuation
[2026-03-26T09:27:58.549+0800][4.526s] GC(0)   Pre Evacuate Collection Set: 0.2ms
[2026-03-26T09:27:58.549+0800][4.526s] GC(0)   Merge Heap Roots: 0.1ms
[2026-03-26T09:27:58.549+0800][4.526s] GC(0)   Evacuate Collection Set: 2.8ms
[2026-03-26T09:27:58.549+0800][4.526s] GC(0)   Post Evacuate Collection Set: 0.6ms
[2026-03-26T09:27:58.550+0800][4.526s] GC(0)   Other: 0.5ms
[2026-03-26T09:27:58.550+0800][4.526s] GC(0) Eden regions: 29->0(43)
[2026-03-26T09:27:58.550+0800][4.526s] GC(0) Survivor regions: 0->4(4)
[2026-03-26T09:27:58.550+0800][4.526s] GC(0) Old regions: 0->0
[2026-03-26T09:27:58.550+0800][4.526s] GC(0) Humongous regions: 0->0
[2026-03-26T09:27:58.550+0800][4.526s] GC(0) Metaspace: 6539K(6720K)->6539K(6720K) NonClass: 5834K(5952K)->5834K(5952K) Class: 705K(768K)->705K(768K)
[2026-03-26T09:27:58.550+0800][4.526s] GC(0) Pause Young (Normal) (G1 Evacuation Pause) 29M->3M(512M) 4.591ms
[2026-03-26T09:27:58.550+0800][4.526s] GC(0) User=0.00s Sys=0.00s Real=0.00s
[2026-03-26T09:28:04.435+0800][10.411s] GC(1) Pause Young (Normal) (G1 Evacuation Pause)
[2026-03-26T09:28:04.435+0800][10.412s] GC(1) Using 13 workers of 13 for evacuation
[2026-03-26T09:28:04.444+0800][10.421s] GC(1)   Pre Evacuate Collection Set: 0.3ms
[2026-03-26T09:28:04.444+0800][10.421s] GC(1)   Merge Heap Roots: 0.1ms
[2026-03-26T09:28:04.444+0800][10.421s] GC(1)   Evacuate Collection Set: 7.8ms
[2026-03-26T09:28:04.444+0800][10.421s] GC(1)   Post Evacuate Collection Set: 0.7ms
[2026-03-26T09:28:04.444+0800][10.421s] GC(1)   Other: 0.3ms
[2026-03-26T09:28:04.444+0800][10.421s] GC(1) Eden regions: 43->0(229)
[2026-03-26T09:28:04.444+0800][10.421s] GC(1) Survivor regions: 4->6(6)
[2026-03-26T09:28:04.444+0800][10.421s] GC(1) Old regions: 0->8
[2026-03-26T09:28:04.444+0800][10.421s] GC(1) Humongous regions: 4->4
[2026-03-26T09:28:04.444+0800][10.421s] GC(1) Metaspace: 17595K(18048K)->17595K(18048K) NonClass: 15631K(15872K)->15631K(15872K) Class: 1964K(2176K)->1964K(2176K)
[2026-03-26T09:28:04.444+0800][10.421s] GC(1) Pause Young (Normal) (G1 Evacuation Pause) 50M->17M(512M) 9.525ms
[2026-03-26T09:28:04.444+0800][10.421s] GC(1) User=0.09s Sys=0.06s Real=0.01s
[2026-03-26T09:28:05.512+0800][11.489s] GC(2) Pause Young (Concurrent Start) (Metadata GC Threshold)
[2026-03-26T09:28:05.512+0800][11.489s] GC(2) Using 13 workers of 13 for evacuation
[2026-03-26T09:28:05.518+0800][11.495s] GC(2)   Pre Evacuate Collection Set: 0.2ms
[2026-03-26T09:28:05.518+0800][11.495s] GC(2)   Merge Heap Roots: 0.1ms
[2026-03-26T09:28:05.519+0800][11.495s] GC(2)   Evacuate Collection Set: 5.3ms
[2026-03-26T09:28:05.519+0800][11.495s] GC(2)   Post Evacuate Collection Set: 0.8ms
[2026-03-26T09:28:05.519+0800][11.495s] GC(2)   Other: 0.2ms
[2026-03-26T09:28:05.519+0800][11.495s] GC(2) Eden regions: 172->0(294)
[2026-03-26T09:28:05.519+0800][11.495s] GC(2) Survivor regions: 6->13(30)
[2026-03-26T09:28:05.519+0800][11.495s] GC(2) Old regions: 8->8
[2026-03-26T09:28:05.519+0800][11.495s] GC(2) Humongous regions: 4->4
[2026-03-26T09:28:05.519+0800][11.495s] GC(2) Metaspace: 21097K(21504K)->21097K(21504K) NonClass: 18739K(18944K)->18739K(18944K) Class: 2358K(2560K)->2358K(2560K)
[2026-03-26T09:28:05.519+0800][11.496s] GC(2) Pause Young (Concurrent Start) (Metadata GC Threshold) 189M->23M(512M) 6.898ms
[2026-03-26T09:28:05.519+0800][11.496s] GC(2) User=0.00s Sys=0.00s Real=0.01s
[2026-03-26T09:28:05.519+0800][11.496s] GC(3) Concurrent Mark Cycle
[2026-03-26T09:28:05.519+0800][11.496s] GC(3) Concurrent Scan Root Regions
[2026-03-26T09:28:05.521+0800][11.498s] GC(3) Concurrent Scan Root Regions 2.050ms
[2026-03-26T09:28:05.521+0800][11.498s] GC(3) Concurrent Mark
[2026-03-26T09:28:05.521+0800][11.498s] GC(3) Concurrent Mark From Roots
[2026-03-26T09:28:05.521+0800][11.498s] GC(3) Using 3 workers of 3 for marking
[2026-03-26T09:28:05.527+0800][11.504s] GC(3) Concurrent Mark From Roots 6.048ms
[2026-03-26T09:28:05.527+0800][11.504s] GC(3) Concurrent Preclean
[2026-03-26T09:28:05.527+0800][11.504s] GC(3) Concurrent Preclean 0.050ms
[2026-03-26T09:28:05.527+0800][11.504s] GC(3) Pause Remark
[2026-03-26T09:28:05.530+0800][11.507s] GC(3) Pause Remark 24M->24M(512M) 3.078ms
[2026-03-26T09:28:05.530+0800][11.507s] GC(3) User=0.00s Sys=0.00s Real=0.00s
[2026-03-26T09:28:05.530+0800][11.507s] GC(3) Concurrent Mark 9.520ms
[2026-03-26T09:28:05.530+0800][11.507s] GC(3) Concurrent Rebuild Remembered Sets and Scrub Regions
[2026-03-26T09:28:05.533+0800][11.510s] GC(3) Concurrent Rebuild Remembered Sets and Scrub Regions 2.327ms
[2026-03-26T09:28:05.533+0800][11.510s] GC(3) Pause Cleanup
[2026-03-26T09:28:05.533+0800][11.510s] GC(3) Pause Cleanup 24M->24M(512M) 0.143ms
[2026-03-26T09:28:05.533+0800][11.510s] GC(3) User=0.00s Sys=0.00s Real=0.00s
[2026-03-26T09:28:05.533+0800][11.510s] GC(3) Concurrent Clear Claimed Marks
[2026-03-26T09:28:05.533+0800][11.510s] GC(3) Concurrent Clear Claimed Marks 0.068ms
[2026-03-26T09:28:05.533+0800][11.510s] GC(3) Concurrent Cleanup for Next Mark
[2026-03-26T09:28:05.533+0800][11.510s] GC(3) Concurrent Cleanup for Next Mark 0.259ms
[2026-03-26T09:28:05.533+0800][11.510s] GC(3) Concurrent Mark Cycle 14.752ms
[2026-03-26T09:28:07.475+0800][13.452s] GC(4) Pause Young (Concurrent Start) (Metadata GC Threshold)
[2026-03-26T09:28:07.475+0800][13.452s] GC(4) Using 13 workers of 13 for evacuation
[2026-03-26T09:28:07.483+0800][13.460s] GC(4)   Pre Evacuate Collection Set: 0.2ms
[2026-03-26T09:28:07.483+0800][13.460s] GC(4)   Merge Heap Roots: 0.1ms
[2026-03-26T09:28:07.483+0800][13.460s] GC(4)   Evacuate Collection Set: 6.9ms
[2026-03-26T09:28:07.483+0800][13.460s] GC(4)   Post Evacuate Collection Set: 0.8ms
[2026-03-26T09:28:07.483+0800][13.460s] GC(4)   Other: 0.1ms
[2026-03-26T09:28:07.483+0800][13.460s] GC(4) Eden regions: 109->0(289)
[2026-03-26T09:28:07.483+0800][13.460s] GC(4) Survivor regions: 13->18(39)
[2026-03-26T09:28:07.483+0800][13.460s] GC(4) Old regions: 8->8
[2026-03-26T09:28:07.483+0800][13.460s] GC(4) Humongous regions: 4->4
[2026-03-26T09:28:07.483+0800][13.460s] GC(4) Metaspace: 35617K(36096K)->35617K(36096K) NonClass: 31554K(31872K)->31554K(31872K) Class: 4063K(4224K)->4063K(4224K)
[2026-03-26T09:28:07.483+0800][13.460s] GC(4) Pause Young (Concurrent Start) (Metadata GC Threshold) 132M->29M(512M) 8.388ms
[2026-03-26T09:28:07.483+0800][13.460s] GC(4) User=0.00s Sys=0.00s Real=0.01s
[2026-03-26T09:28:07.483+0800][13.460s] GC(5) Concurrent Mark Cycle
[2026-03-26T09:28:07.483+0800][13.460s] GC(5) Concurrent Scan Root Regions
[2026-03-26T09:28:07.487+0800][13.464s] GC(5) Concurrent Scan Root Regions 3.337ms
[2026-03-26T09:28:07.487+0800][13.464s] GC(5) Concurrent Mark
[2026-03-26T09:28:07.487+0800][13.464s] GC(5) Concurrent Mark From Roots
[2026-03-26T09:28:07.487+0800][13.464s] GC(5) Using 3 workers of 3 for marking
[2026-03-26T09:28:07.492+0800][13.469s] GC(5) Concurrent Mark From Roots 5.178ms
[2026-03-26T09:28:07.492+0800][13.469s] GC(5) Concurrent Preclean
[2026-03-26T09:28:07.492+0800][13.469s] GC(5) Concurrent Preclean 0.026ms
[2026-03-26T09:28:07.492+0800][13.469s] GC(5) Pause Remark
[2026-03-26T09:28:07.496+0800][13.473s] GC(5) Pause Remark 30M->30M(512M) 3.591ms
[2026-03-26T09:28:07.496+0800][13.473s] GC(5) User=0.00s Sys=0.00s Real=0.00s
[2026-03-26T09:28:07.496+0800][13.473s] GC(5) Concurrent Mark 9.073ms
[2026-03-26T09:28:07.496+0800][13.473s] GC(5) Concurrent Rebuild Remembered Sets and Scrub Regions
[2026-03-26T09:28:07.498+0800][13.475s] GC(5) Concurrent Rebuild Remembered Sets and Scrub Regions 2.409ms
[2026-03-26T09:28:07.498+0800][13.475s] GC(5) Pause Cleanup
[2026-03-26T09:28:07.498+0800][13.476s] GC(5) Pause Cleanup 30M->30M(512M) 0.170ms
[2026-03-26T09:28:07.499+0800][13.476s] GC(5) User=0.00s Sys=0.00s Real=0.00s
[2026-03-26T09:28:07.499+0800][13.476s] GC(5) Concurrent Clear Claimed Marks
[2026-03-26T09:28:07.499+0800][13.476s] GC(5) Concurrent Clear Claimed Marks 0.066ms
[2026-03-26T09:28:07.499+0800][13.476s] GC(5) Concurrent Cleanup for Next Mark
[2026-03-26T09:28:07.499+0800][13.476s] GC(5) Concurrent Cleanup for Next Mark 0.318ms
[2026-03-26T09:28:07.499+0800][13.476s] GC(5) Concurrent Mark Cycle 15.908ms
[2026-03-26T09:28:11.745+0800][17.722s] GC(6) Pause Young (Normal) (G1 Evacuation Pause)
[2026-03-26T09:28:11.745+0800][17.722s] GC(6) Using 13 workers of 13 for evacuation
[2026-03-26T09:28:11.759+0800][17.736s] GC(6)   Pre Evacuate Collection Set: 0.2ms
[2026-03-26T09:28:11.759+0800][17.736s] GC(6)   Merge Heap Roots: 0.1ms
[2026-03-26T09:28:11.759+0800][17.736s] GC(6)   Evacuate Collection Set: 11.9ms
[2026-03-26T09:28:11.759+0800][17.736s] GC(6)   Post Evacuate Collection Set: 1.8ms
[2026-03-26T09:28:11.759+0800][17.736s] GC(6)   Other: 0.1ms
[2026-03-26T09:28:11.759+0800][17.736s] GC(6) Eden regions: 289->0(269)
[2026-03-26T09:28:11.759+0800][17.736s] GC(6) Survivor regions: 18->38(39)
[2026-03-26T09:28:11.759+0800][17.736s] GC(6) Old regions: 8->8
[2026-03-26T09:28:11.759+0800][17.736s] GC(6) Humongous regions: 4->4
[2026-03-26T09:28:11.759+0800][17.736s] GC(6) Metaspace: 55996K(56768K)->55996K(56768K) NonClass: 49182K(49600K)->49182K(49600K) Class: 6814K(7168K)->6814K(7168K)
[2026-03-26T09:28:11.759+0800][17.736s] GC(6) Pause Young (Normal) (G1 Evacuation Pause) 318M->49M(512M) 14.375ms
[2026-03-26T09:28:11.759+0800][17.736s] GC(6) User=0.16s Sys=0.05s Real=0.01s
[2026-03-26T09:28:29.558+0800][35.534s] GC(7) Pause Young (Normal) (G1 Evacuation Pause)
[2026-03-26T09:28:29.558+0800][35.534s] GC(7) Using 13 workers of 13 for evacuation
[2026-03-26T09:28:29.574+0800][35.551s] GC(7)   Pre Evacuate Collection Set: 0.3ms
[2026-03-26T09:28:29.574+0800][35.551s] GC(7)   Merge Heap Roots: 0.2ms
[2026-03-26T09:28:29.574+0800][35.551s] GC(7)   Evacuate Collection Set: 13.1ms
[2026-03-26T09:28:29.574+0800][35.551s] GC(7)   Post Evacuate Collection Set: 2.7ms
[2026-03-26T09:28:29.574+0800][35.551s] GC(7)   Other: 0.2ms
[2026-03-26T09:28:29.574+0800][35.551s] GC(7) Eden regions: 269->0(283)
[2026-03-26T09:28:29.574+0800][35.551s] GC(7) Survivor regions: 38->24(39)
[2026-03-26T09:28:29.574+0800][35.551s] GC(7) Old regions: 8->25
[2026-03-26T09:28:29.574+0800][35.551s] GC(7) Humongous regions: 4->4
[2026-03-26T09:28:29.574+0800][35.551s] GC(7) Metaspace: 59248K(60096K)->59248K(60096K) NonClass: 52071K(52544K)->52071K(52544K) Class: 7177K(7552K)->7177K(7552K)
[2026-03-26T09:28:29.574+0800][35.551s] GC(7) Pause Young (Normal) (G1 Evacuation Pause) 318M->51M(512M) 16.825ms
[2026-03-26T09:28:29.575+0800][35.551s] GC(7) User=0.12s Sys=0.05s Real=0.02s
[2026-03-26T09:28:31.758+0800][37.735s] GC(8) Pause Young (Concurrent Start) (Metadata GC Threshold)
[2026-03-26T09:28:31.758+0800][37.735s] GC(8) Using 13 workers of 13 for evacuation
[2026-03-26T09:28:31.768+0800][37.746s] GC(8)   Pre Evacuate Collection Set: 0.3ms
[2026-03-26T09:28:31.768+0800][37.746s] GC(8)   Merge Heap Roots: 0.1ms
[2026-03-26T09:28:31.768+0800][37.746s] GC(8)   Evacuate Collection Set: 8.4ms
[2026-03-26T09:28:31.768+0800][37.746s] GC(8)   Post Evacuate Collection Set: 1.1ms
[2026-03-26T09:28:31.768+0800][37.746s] GC(8)   Other: 0.2ms
[2026-03-26T09:28:31.769+0800][37.746s] GC(8) Eden regions: 10->0(303)
[2026-03-26T09:28:31.769+0800][37.746s] GC(8) Survivor regions: 24->4(39)
[2026-03-26T09:28:31.769+0800][37.746s] GC(8) Old regions: 25->45
[2026-03-26T09:28:31.769+0800][37.746s] GC(8) Humongous regions: 4->4
[2026-03-26T09:28:31.769+0800][37.746s] GC(8) Metaspace: 59499K(60288K)->59499K(60288K) NonClass: 52301K(52736K)->52301K(52736K) Class: 7198K(7552K)->7198K(7552K)
[2026-03-26T09:28:31.769+0800][37.746s] GC(8) Pause Young (Concurrent Start) (Metadata GC Threshold) 60M->52M(512M) 10.613ms
[2026-03-26T09:28:31.769+0800][37.746s] GC(9) Concurrent Mark Cycle
[2026-03-26T09:28:31.769+0800][37.746s] GC(8) User=0.00s Sys=0.00s Real=0.01s
[2026-03-26T09:28:31.769+0800][37.746s] GC(9) Concurrent Scan Root Regions
[2026-03-26T09:28:31.777+0800][37.755s] GC(9) Concurrent Scan Root Regions 8.510ms
[2026-03-26T09:28:31.777+0800][37.755s] GC(9) Concurrent Mark
[2026-03-26T09:28:31.777+0800][37.755s] GC(9) Concurrent Mark From Roots
[2026-03-26T09:28:31.777+0800][37.755s] GC(9) Using 3 workers of 3 for marking
[2026-03-26T09:28:31.798+0800][37.775s] GC(9) Concurrent Mark From Roots 20.141ms
[2026-03-26T09:28:31.798+0800][37.775s] GC(9) Concurrent Preclean
[2026-03-26T09:28:31.798+0800][37.775s] GC(9) Concurrent Preclean 0.273ms
[2026-03-26T09:28:31.798+0800][37.775s] GC(9) Pause Remark
[2026-03-26T09:28:31.805+0800][37.782s] GC(9) Pause Remark 54M->54M(512M) 6.831ms
[2026-03-26T09:28:31.805+0800][37.782s] GC(9) User=0.11s Sys=0.03s Real=0.01s
[2026-03-26T09:28:31.805+0800][37.782s] GC(9) Concurrent Mark 27.859ms
[2026-03-26T09:28:31.805+0800][37.783s] GC(9) Concurrent Rebuild Remembered Sets and Scrub Regions
[2026-03-26T09:28:31.817+0800][37.794s] GC(9) Concurrent Rebuild Remembered Sets and Scrub Regions 11.813ms
[2026-03-26T09:28:31.826+0800][37.803s] GC(9) Pause Cleanup
[2026-03-26T09:28:31.826+0800][37.803s] GC(9) Pause Cleanup 54M->54M(512M) 0.400ms
[2026-03-26T09:28:31.826+0800][37.803s] GC(9) User=0.00s Sys=0.00s Real=0.00s
[2026-03-26T09:28:31.826+0800][37.804s] GC(9) Concurrent Clear Claimed Marks
[2026-03-26T09:28:31.826+0800][37.804s] GC(9) Concurrent Clear Claimed Marks 0.210ms
[2026-03-26T09:28:31.827+0800][37.804s] GC(9) Concurrent Cleanup for Next Mark
[2026-03-26T09:28:31.827+0800][37.804s] GC(9) Concurrent Cleanup for Next Mark 0.658ms
[2026-03-26T09:28:31.827+0800][37.804s] GC(9) Concurrent Mark Cycle 58.572ms
[2026-03-26T12:11:15.255+0800][9801.231s] GC(10) Pause Young (Prepare Mixed) (G1 Evacuation Pause)
[2026-03-26T12:11:15.255+0800][9801.232s] GC(10) Using 13 workers of 13 for evacuation
[2026-03-26T12:11:15.260+0800][9801.236s] GC(10)   Pre Evacuate Collection Set: 0.6ms
[2026-03-26T12:11:15.260+0800][9801.236s] GC(10)   Merge Heap Roots: 0.1ms
[2026-03-26T12:11:15.260+0800][9801.236s] GC(10)   Evacuate Collection Set: 3.0ms
[2026-03-26T12:11:15.260+0800][9801.236s] GC(10)   Post Evacuate Collection Set: 0.7ms
[2026-03-26T12:11:15.260+0800][9801.236s] GC(10)   Other: 0.2ms
[2026-03-26T12:11:15.260+0800][9801.236s] GC(10) Eden regions: 303->0(297)
[2026-03-26T12:11:15.260+0800][9801.236s] GC(10) Survivor regions: 4->10(39)
[2026-03-26T12:11:15.260+0800][9801.236s] GC(10) Old regions: 45->45
[2026-03-26T12:11:15.260+0800][9801.236s] GC(10) Humongous regions: 4->4
[2026-03-26T12:11:15.260+0800][9801.236s] GC(10) Metaspace: 62268K(63104K)->62268K(63104K) NonClass: 54824K(55296K)->54824K(55296K) Class: 7443K(7808K)->7443K(7808K)
[2026-03-26T12:11:15.260+0800][9801.237s] GC(10) Pause Young (Prepare Mixed) (G1 Evacuation Pause) 355M->57M(512M) 5.089ms
[2026-03-26T12:11:15.260+0800][9801.237s] GC(10) User=0.00s Sys=0.00s Real=0.00s
[2026-03-26T12:11:25.465+0800][9811.445s] GC(11) Pause Young (Mixed) (G1 Evacuation Pause)
[2026-03-26T12:11:25.465+0800][9811.445s] GC(11) Using 13 workers of 13 for evacuation
[2026-03-26T12:11:25.471+0800][9811.449s] GC(11)   Pre Evacuate Collection Set: 0.2ms
[2026-03-26T12:11:25.471+0800][9811.449s] GC(11)   Merge Heap Roots: 0.1ms
[2026-03-26T12:11:25.471+0800][9811.449s] GC(11)   Evacuate Collection Set: 3.4ms
[2026-03-26T12:11:25.471+0800][9811.449s] GC(11)   Post Evacuate Collection Set: 0.8ms
[2026-03-26T12:11:25.471+0800][9811.449s] GC(11)   Other: 0.1ms
[2026-03-26T12:11:25.471+0800][9811.449s] GC(11) Eden regions: 297->0(296)
[2026-03-26T12:11:25.471+0800][9811.449s] GC(11) Survivor regions: 10->11(39)
[2026-03-26T12:11:25.471+0800][9811.449s] GC(11) Old regions: 45->45
[2026-03-26T12:11:25.471+0800][9811.450s] GC(11) Humongous regions: 4->4
[2026-03-26T12:11:25.471+0800][9811.450s] GC(11) Metaspace: 62311K(63168K)->62311K(63168K) NonClass: 54867K(55360K)->54867K(55360K) Class: 7443K(7808K)->7443K(7808K)
[2026-03-26T12:11:25.471+0800][9811.450s] GC(11) Pause Young (Mixed) (G1 Evacuation Pause) 354M->59M(512M) 5.052ms
[2026-03-26T12:11:25.471+0800][9811.450s] GC(11) User=0.00s Sys=0.00s Real=0.01s
[2026-03-26T14:03:45.519+0800][16551.497s] GC(12) Pause Young (Normal) (G1 Evacuation Pause)
[2026-03-26T14:03:45.521+0800][16551.497s] GC(12) Using 13 workers of 13 for evacuation
[2026-03-26T14:03:45.529+0800][16551.506s] GC(12)   Pre Evacuate Collection Set: 0.3ms
[2026-03-26T14:03:45.529+0800][16551.506s] GC(12)   Merge Heap Roots: 0.2ms
[2026-03-26T14:03:45.529+0800][16551.506s] GC(12)   Evacuate Collection Set: 7.1ms
[2026-03-26T14:03:45.529+0800][16551.506s] GC(12)   Post Evacuate Collection Set: 0.8ms
[2026-03-26T14:03:45.529+0800][16551.506s] GC(12)   Other: 0.1ms
[2026-03-26T14:03:45.529+0800][16551.506s] GC(12) Eden regions: 296->0(296)
[2026-03-26T14:03:45.529+0800][16551.506s] GC(12) Survivor regions: 11->11(39)
[2026-03-26T14:03:45.529+0800][16551.506s] GC(12) Old regions: 45->45
[2026-03-26T14:03:45.529+0800][16551.506s] GC(12) Humongous regions: 4->4
[2026-03-26T14:03:45.529+0800][16551.506s] GC(12) Metaspace: 62966K(63872K)->62966K(63872K) NonClass: 55471K(55936K)->55471K(55936K) Class: 7495K(7936K)->7495K(7936K)
[2026-03-26T14:03:45.529+0800][16551.506s] GC(12) Pause Young (Normal) (G1 Evacuation Pause) 355M->59M(512M) 8.981ms
[2026-03-26T14:03:45.529+0800][16551.506s] GC(12) User=0.00s Sys=0.00s Real=0.01s
[2026-03-26T14:03:45.659+0800][16551.638s] Heap
[2026-03-26T14:03:45.659+0800][16551.638s]  garbage-first heap   total 524288K, used 74390K [0x00000000e0000000, 0x0000000100000000)
[2026-03-26T14:03:45.659+0800][16551.638s]   region size 1024K, 24 young (24576K), 11 survivors (11264K)
[2026-03-26T14:03:45.659+0800][16551.638s]  Metaspace       used 63185K, committed 64064K, reserved 1114112K
[2026-03-26T14:03:45.659+0800][16551.638s]   class space    used 7540K, committed 7936K, reserved 1048576K
